Using the latest cached version of the dataset since uoft-cs/cifar10 couldn't be found on the Hugging Face Hub (offline mode is enabled).
Found the latest cached dataset configuration 'plain_text' at /hpc/home/fresca/.cache/huggingface/datasets/uoft-cs___cifar10/plain_text/0.0.0/0b2714987fa478483af9968de7c934580d0bb9a2 (last modified on Wed Jun 24 10:14:50 2026).
2026-06-30 20:32:44.283595: I tensorflow/core/util/port.cc:113] oneDNN custom operations are on. You may see slightly different numerical results due to floating-point round-off errors from different computation orders. To turn them off, set the environment variable `TF_ENABLE_ONEDNN_OPTS=0`.
2026-06-30 20:32:44.305517: E external/local_xla/xla/stream_executor/cuda/cuda_dnn.cc:9261] Unable to register cuDNN factory: Attempting to register factory for plugin cuDNN when one has already been registered
2026-06-30 20:32:44.305567: E external/local_xla/xla/stream_executor/cuda/cuda_fft.cc:607] Unable to register cuFFT factory: Attempting to register factory for plugin cuFFT when one has already been registered
2026-06-30 20:32:44.306153: E external/local_xla/xla/stream_executor/cuda/cuda_blas.cc:1515] Unable to register cuBLAS factory: Attempting to register factory for plugin cuBLAS when one has already been registered
2026-06-30 20:32:44.309592: I tensorflow/core/platform/cpu_feature_guard.cc:182] This TensorFlow binary is optimized to use available CPU instructions in performance-critical operations.
To enable the following instructions: AVX2 AVX512F AVX512_VNNI AVX512_BF16 FMA, in other operations, rebuild TensorFlow with the appropriate compiler flags.
2026-06-30 20:32:45.629139: W tensorflow/compiler/tf2tensorrt/utils/py_utils.cc:38] TF-TRT Warning: Could not find TensorRT
2026-06-30 20:32:47.727246: W tensorflow/core/common_runtime/gpu/gpu_device.cc:2348] TensorFlow was not built with CUDA kernel binaries compatible with compute capability 9.0. CUDA kernels will be jit-compiled from PTX, which could take 30 minutes or longer.
2026-06-30 20:32:47.732650: W tensorflow/core/common_runtime/gpu/gpu_device.cc:2348] TensorFlow was not built with CUDA kernel binaries compatible with compute capability 9.0. CUDA kernels will be jit-compiled from PTX, which could take 30 minutes or longer.
2026-06-30 20:32:47.839738: I tensorflow/core/common_runtime/gpu/gpu_device.cc:1929] Created device /job:localhost/replica:0/task:0/device:GPU:0 with 20237 MB memory:  -> device: 0, name: NVIDIA H100 NVL MIG 1g.22gb, pci bus id: 0000:03:00.0, compute capability: 9.0
2026-06-30 20:32:48.212241: I external/local_xla/xla/service/service.cc:168] XLA service 0x56284abcd960 initialized for platform Host (this does not guarantee that XLA will be used). Devices:
2026-06-30 20:32:48.212273: I external/local_xla/xla/service/service.cc:176]   StreamExecutor device (0): Host, Default Version
2026-06-30 20:32:48.215529: I tensorflow/compiler/mlir/tensorflow/utils/dump_mlir_util.cc:269] disabling MLIR crash reproducer, set env var `MLIR_CRASH_REPRODUCER_DIRECTORY` to enable.
WARNING: All log messages before absl::InitializeLog() is called are written to STDERR
I0000 00:00:1782844368.237343   75464 device_compiler.h:186] Compiled cluster using XLA!  This line is logged at most once for the lifetime of the process.
2026-06-30 20:32:48.238279: E external/local_xla/xla/stream_executor/stream_executor_internal.h:177] SetPriority unimplemented for this stream.
2026-06-30 20:32:51.693289: I tensorflow/core/grappler/devices.cc:66] Number of eligible GPUs (core count >= 8, compute capability >= 0.0): 1
2026-06-30 20:32:51.693360: I tensorflow/core/grappler/clusters/single_machine.cc:361] Starting new session
2026-06-30 20:32:51.698654: W tensorflow/core/common_runtime/gpu/gpu_device.cc:2348] TensorFlow was not built with CUDA kernel binaries compatible with compute capability 9.0. CUDA kernels will be jit-compiled from PTX, which could take 30 minutes or longer.
2026-06-30 20:32:51.702002: I tensorflow/core/common_runtime/gpu/gpu_device.cc:1929] Created device /job:localhost/replica:0/task:0/device:GPU:0 with 20237 MB memory:  -> device: 0, name: NVIDIA H100 NVL MIG 1g.22gb, pci bus id: 0000:03:00.0, compute capability: 9.0
WARNING:tensorflow:From /hpc/home/fresca/.conda/envs/edge-dnntuner-bananas/lib/python3.10/site-packages/tensorflow/python/ops/nn_ops.py:5256: tensor_shape_from_node_def_name (from tensorflow.python.framework.graph_util_impl) is deprecated and will be removed in a future version.
Instructions for updating:
This API was designed for TensorFlow v1. See https://www.tensorflow.org/guide/migrate for instructions on how to migrate your code to TensorFlow v2.
2026-06-30 20:32:53.312635: I external/local_xla/xla/stream_executor/cuda/cuda_dnn.cc:454] Loaded cuDNN version 8904
2026-06-30 21:09:20.661877: I tensorflow/core/grappler/devices.cc:66] Number of eligible GPUs (core count >= 8, compute capability >= 0.0): 1
2026-06-30 21:09:20.662305: I tensorflow/core/grappler/clusters/single_machine.cc:361] Starting new session
2026-06-30 21:09:20.667159: W tensorflow/core/common_runtime/gpu/gpu_device.cc:2348] TensorFlow was not built with CUDA kernel binaries compatible with compute capability 9.0. CUDA kernels will be jit-compiled from PTX, which could take 30 minutes or longer.
2026-06-30 21:09:20.670196: I tensorflow/core/common_runtime/gpu/gpu_device.cc:1929] Created device /job:localhost/replica:0/task:0/device:GPU:0 with 20237 MB memory:  -> device: 0, name: NVIDIA H100 NVL MIG 1g.22gb, pci bus id: 0000:03:00.0, compute capability: 9.0
2026-06-30 21:16:48.516038: I tensorflow/core/grappler/devices.cc:66] Number of eligible GPUs (core count >= 8, compute capability >= 0.0): 1
2026-06-30 21:16:48.516466: I tensorflow/core/grappler/clusters/single_machine.cc:361] Starting new session
2026-06-30 21:16:48.522767: W tensorflow/core/common_runtime/gpu/gpu_device.cc:2348] TensorFlow was not built with CUDA kernel binaries compatible with compute capability 9.0. CUDA kernels will be jit-compiled from PTX, which could take 30 minutes or longer.
2026-06-30 21:16:48.526050: I tensorflow/core/common_runtime/gpu/gpu_device.cc:1929] Created device /job:localhost/replica:0/task:0/device:GPU:0 with 20237 MB memory:  -> device: 0, name: NVIDIA H100 NVL MIG 1g.22gb, pci bus id: 0000:03:00.0, compute capability: 9.0
2026-06-30 21:33:16.445310: I tensorflow/core/grappler/devices.cc:66] Number of eligible GPUs (core count >= 8, compute capability >= 0.0): 1
2026-06-30 21:33:16.445684: I tensorflow/core/grappler/clusters/single_machine.cc:361] Starting new session
2026-06-30 21:33:16.451844: W tensorflow/core/common_runtime/gpu/gpu_device.cc:2348] TensorFlow was not built with CUDA kernel binaries compatible with compute capability 9.0. CUDA kernels will be jit-compiled from PTX, which could take 30 minutes or longer.
2026-06-30 21:33:16.455133: I tensorflow/core/common_runtime/gpu/gpu_device.cc:1929] Created device /job:localhost/replica:0/task:0/device:GPU:0 with 20237 MB memory:  -> device: 0, name: NVIDIA H100 NVL MIG 1g.22gb, pci bus id: 0000:03:00.0, compute capability: 9.0
2026-06-30 21:35:44.081861: I tensorflow/core/grappler/devices.cc:66] Number of eligible GPUs (core count >= 8, compute capability >= 0.0): 1
2026-06-30 21:35:44.082305: I tensorflow/core/grappler/clusters/single_machine.cc:361] Starting new session
2026-06-30 21:35:44.087301: W tensorflow/core/common_runtime/gpu/gpu_device.cc:2348] TensorFlow was not built with CUDA kernel binaries compatible with compute capability 9.0. CUDA kernels will be jit-compiled from PTX, which could take 30 minutes or longer.
2026-06-30 21:35:44.090414: I tensorflow/core/common_runtime/gpu/gpu_device.cc:1929] Created device /job:localhost/replica:0/task:0/device:GPU:0 with 20237 MB memory:  -> device: 0, name: NVIDIA H100 NVL MIG 1g.22gb, pci bus id: 0000:03:00.0, compute capability: 9.0
2026-06-30 21:38:11.514211: I tensorflow/core/grappler/devices.cc:66] Number of eligible GPUs (core count >= 8, compute capability >= 0.0): 1
2026-06-30 21:38:11.514648: I tensorflow/core/grappler/clusters/single_machine.cc:361] Starting new session
2026-06-30 21:38:11.519674: W tensorflow/core/common_runtime/gpu/gpu_device.cc:2348] TensorFlow was not built with CUDA kernel binaries compatible with compute capability 9.0. CUDA kernels will be jit-compiled from PTX, which could take 30 minutes or longer.
2026-06-30 21:38:11.522942: I tensorflow/core/common_runtime/gpu/gpu_device.cc:1929] Created device /job:localhost/replica:0/task:0/device:GPU:0 with 20237 MB memory:  -> device: 0, name: NVIDIA H100 NVL MIG 1g.22gb, pci bus id: 0000:03:00.0, compute capability: 9.0
2026-06-30 21:43:39.456703: I tensorflow/core/grappler/devices.cc:66] Number of eligible GPUs (core count >= 8, compute capability >= 0.0): 1
2026-06-30 21:43:39.457101: I tensorflow/core/grappler/clusters/single_machine.cc:361] Starting new session
2026-06-30 21:43:39.462195: W tensorflow/core/common_runtime/gpu/gpu_device.cc:2348] TensorFlow was not built with CUDA kernel binaries compatible with compute capability 9.0. CUDA kernels will be jit-compiled from PTX, which could take 30 minutes or longer.
2026-06-30 21:43:39.465384: I tensorflow/core/common_runtime/gpu/gpu_device.cc:1929] Created device /job:localhost/replica:0/task:0/device:GPU:0 with 20237 MB memory:  -> device: 0, name: NVIDIA H100 NVL MIG 1g.22gb, pci bus id: 0000:03:00.0, compute capability: 9.0
2026-06-30 22:21:06.983483: I tensorflow/core/grappler/devices.cc:66] Number of eligible GPUs (core count >= 8, compute capability >= 0.0): 1
2026-06-30 22:21:06.983958: I tensorflow/core/grappler/clusters/single_machine.cc:361] Starting new session
2026-06-30 22:21:06.989282: W tensorflow/core/common_runtime/gpu/gpu_device.cc:2348] TensorFlow was not built with CUDA kernel binaries compatible with compute capability 9.0. CUDA kernels will be jit-compiled from PTX, which could take 30 minutes or longer.
2026-06-30 22:21:06.992615: I tensorflow/core/common_runtime/gpu/gpu_device.cc:1929] Created device /job:localhost/replica:0/task:0/device:GPU:0 with 20237 MB memory:  -> device: 0, name: NVIDIA H100 NVL MIG 1g.22gb, pci bus id: 0000:03:00.0, compute capability: 9.0
2026-06-30 22:38:35.383394: I tensorflow/core/grappler/devices.cc:66] Number of eligible GPUs (core count >= 8, compute capability >= 0.0): 1
2026-06-30 22:38:35.383784: I tensorflow/core/grappler/clusters/single_machine.cc:361] Starting new session
2026-06-30 22:38:35.388694: W tensorflow/core/common_runtime/gpu/gpu_device.cc:2348] TensorFlow was not built with CUDA kernel binaries compatible with compute capability 9.0. CUDA kernels will be jit-compiled from PTX, which could take 30 minutes or longer.
2026-06-30 22:38:35.391735: I tensorflow/core/common_runtime/gpu/gpu_device.cc:1929] Created device /job:localhost/replica:0/task:0/device:GPU:0 with 20237 MB memory:  -> device: 0, name: NVIDIA H100 NVL MIG 1g.22gb, pci bus id: 0000:03:00.0, compute capability: 9.0
2026-06-30 22:43:03.182728: I tensorflow/core/grappler/devices.cc:66] Number of eligible GPUs (core count >= 8, compute capability >= 0.0): 1
2026-06-30 22:43:03.183142: I tensorflow/core/grappler/clusters/single_machine.cc:361] Starting new session
2026-06-30 22:43:03.188262: W tensorflow/core/common_runtime/gpu/gpu_device.cc:2348] TensorFlow was not built with CUDA kernel binaries compatible with compute capability 9.0. CUDA kernels will be jit-compiled from PTX, which could take 30 minutes or longer.
2026-06-30 22:43:03.191421: I tensorflow/core/common_runtime/gpu/gpu_device.cc:1929] Created device /job:localhost/replica:0/task:0/device:GPU:0 with 20237 MB memory:  -> device: 0, name: NVIDIA H100 NVL MIG 1g.22gb, pci bus id: 0000:03:00.0, compute capability: 9.0
2026-06-30 22:49:30.795922: I tensorflow/core/grappler/devices.cc:66] Number of eligible GPUs (core count >= 8, compute capability >= 0.0): 1
2026-06-30 22:49:30.796352: I tensorflow/core/grappler/clusters/single_machine.cc:361] Starting new session
2026-06-30 22:49:30.801393: W tensorflow/core/common_runtime/gpu/gpu_device.cc:2348] TensorFlow was not built with CUDA kernel binaries compatible with compute capability 9.0. CUDA kernels will be jit-compiled from PTX, which could take 30 minutes or longer.
2026-06-30 22:49:30.804571: I tensorflow/core/common_runtime/gpu/gpu_device.cc:1929] Created device /job:localhost/replica:0/task:0/device:GPU:0 with 20237 MB memory:  -> device: 0, name: NVIDIA H100 NVL MIG 1g.22gb, pci bus id: 0000:03:00.0, compute capability: 9.0
2026-06-30 22:55:58.881908: I tensorflow/core/grappler/devices.cc:66] Number of eligible GPUs (core count >= 8, compute capability >= 0.0): 1
2026-06-30 22:55:58.882373: I tensorflow/core/grappler/clusters/single_machine.cc:361] Starting new session
2026-06-30 22:55:58.887404: W tensorflow/core/common_runtime/gpu/gpu_device.cc:2348] TensorFlow was not built with CUDA kernel binaries compatible with compute capability 9.0. CUDA kernels will be jit-compiled from PTX, which could take 30 minutes or longer.
2026-06-30 22:55:58.890581: I tensorflow/core/common_runtime/gpu/gpu_device.cc:1929] Created device /job:localhost/replica:0/task:0/device:GPU:0 with 20237 MB memory:  -> device: 0, name: NVIDIA H100 NVL MIG 1g.22gb, pci bus id: 0000:03:00.0, compute capability: 9.0
2026-06-30 23:02:26.905423: I tensorflow/core/grappler/devices.cc:66] Number of eligible GPUs (core count >= 8, compute capability >= 0.0): 1
2026-06-30 23:02:26.905867: I tensorflow/core/grappler/clusters/single_machine.cc:361] Starting new session
2026-06-30 23:02:26.911410: W tensorflow/core/common_runtime/gpu/gpu_device.cc:2348] TensorFlow was not built with CUDA kernel binaries compatible with compute capability 9.0. CUDA kernels will be jit-compiled from PTX, which could take 30 minutes or longer.
2026-06-30 23:02:26.915080: I tensorflow/core/common_runtime/gpu/gpu_device.cc:1929] Created device /job:localhost/replica:0/task:0/device:GPU:0 with 20237 MB memory:  -> device: 0, name: NVIDIA H100 NVL MIG 1g.22gb, pci bus id: 0000:03:00.0, compute capability: 9.0
2026-06-30 23:05:54.234214: I tensorflow/core/grappler/devices.cc:66] Number of eligible GPUs (core count >= 8, compute capability >= 0.0): 1
2026-06-30 23:05:54.234670: I tensorflow/core/grappler/clusters/single_machine.cc:361] Starting new session
2026-06-30 23:05:54.240120: W tensorflow/core/common_runtime/gpu/gpu_device.cc:2348] TensorFlow was not built with CUDA kernel binaries compatible with compute capability 9.0. CUDA kernels will be jit-compiled from PTX, which could take 30 minutes or longer.
2026-06-30 23:05:54.243498: I tensorflow/core/common_runtime/gpu/gpu_device.cc:1929] Created device /job:localhost/replica:0/task:0/device:GPU:0 with 20237 MB memory:  -> device: 0, name: NVIDIA H100 NVL MIG 1g.22gb, pci bus id: 0000:03:00.0, compute capability: 9.0
2026-06-30 23:15:22.032795: I tensorflow/core/grappler/devices.cc:66] Number of eligible GPUs (core count >= 8, compute capability >= 0.0): 1
2026-06-30 23:15:22.033238: I tensorflow/core/grappler/clusters/single_machine.cc:361] Starting new session
2026-06-30 23:15:22.038408: W tensorflow/core/common_runtime/gpu/gpu_device.cc:2348] TensorFlow was not built with CUDA kernel binaries compatible with compute capability 9.0. CUDA kernels will be jit-compiled from PTX, which could take 30 minutes or longer.
2026-06-30 23:15:22.041601: I tensorflow/core/common_runtime/gpu/gpu_device.cc:1929] Created device /job:localhost/replica:0/task:0/device:GPU:0 with 20237 MB memory:  -> device: 0, name: NVIDIA H100 NVL MIG 1g.22gb, pci bus id: 0000:03:00.0, compute capability: 9.0
2026-06-30 23:18:50.142115: I tensorflow/core/grappler/devices.cc:66] Number of eligible GPUs (core count >= 8, compute capability >= 0.0): 1
2026-06-30 23:18:50.142528: I tensorflow/core/grappler/clusters/single_machine.cc:361] Starting new session
2026-06-30 23:18:50.147632: W tensorflow/core/common_runtime/gpu/gpu_device.cc:2348] TensorFlow was not built with CUDA kernel binaries compatible with compute capability 9.0. CUDA kernels will be jit-compiled from PTX, which could take 30 minutes or longer.
2026-06-30 23:18:50.150836: I tensorflow/core/common_runtime/gpu/gpu_device.cc:1929] Created device /job:localhost/replica:0/task:0/device:GPU:0 with 20237 MB memory:  -> device: 0, name: NVIDIA H100 NVL MIG 1g.22gb, pci bus id: 0000:03:00.0, compute capability: 9.0
2026-06-30 23:40:17.558376: I tensorflow/core/grappler/devices.cc:66] Number of eligible GPUs (core count >= 8, compute capability >= 0.0): 1
2026-06-30 23:40:17.558797: I tensorflow/core/grappler/clusters/single_machine.cc:361] Starting new session
2026-06-30 23:40:17.564219: W tensorflow/core/common_runtime/gpu/gpu_device.cc:2348] TensorFlow was not built with CUDA kernel binaries compatible with compute capability 9.0. CUDA kernels will be jit-compiled from PTX, which could take 30 minutes or longer.
2026-06-30 23:40:17.567613: I tensorflow/core/common_runtime/gpu/gpu_device.cc:1929] Created device /job:localhost/replica:0/task:0/device:GPU:0 with 20237 MB memory:  -> device: 0, name: NVIDIA H100 NVL MIG 1g.22gb, pci bus id: 0000:03:00.0, compute capability: 9.0
2026-07-01 00:12:44.935092: I tensorflow/core/grappler/devices.cc:66] Number of eligible GPUs (core count >= 8, compute capability >= 0.0): 1
2026-07-01 00:12:44.935500: I tensorflow/core/grappler/clusters/single_machine.cc:361] Starting new session
2026-07-01 00:12:44.941119: W tensorflow/core/common_runtime/gpu/gpu_device.cc:2348] TensorFlow was not built with CUDA kernel binaries compatible with compute capability 9.0. CUDA kernels will be jit-compiled from PTX, which could take 30 minutes or longer.
2026-07-01 00:12:44.944702: I tensorflow/core/common_runtime/gpu/gpu_device.cc:1929] Created device /job:localhost/replica:0/task:0/device:GPU:0 with 20237 MB memory:  -> device: 0, name: NVIDIA H100 NVL MIG 1g.22gb, pci bus id: 0000:03:00.0, compute capability: 9.0
2026-07-01 00:47:12.272735: I tensorflow/core/grappler/devices.cc:66] Number of eligible GPUs (core count >= 8, compute capability >= 0.0): 1
2026-07-01 00:47:12.273164: I tensorflow/core/grappler/clusters/single_machine.cc:361] Starting new session
2026-07-01 00:47:12.278743: W tensorflow/core/common_runtime/gpu/gpu_device.cc:2348] TensorFlow was not built with CUDA kernel binaries compatible with compute capability 9.0. CUDA kernels will be jit-compiled from PTX, which could take 30 minutes or longer.
2026-07-01 00:47:12.282435: I tensorflow/core/common_runtime/gpu/gpu_device.cc:1929] Created device /job:localhost/replica:0/task:0/device:GPU:0 with 20237 MB memory:  -> device: 0, name: NVIDIA H100 NVL MIG 1g.22gb, pci bus id: 0000:03:00.0, compute capability: 9.0
2026-07-01 00:58:40.927837: I tensorflow/core/grappler/devices.cc:66] Number of eligible GPUs (core count >= 8, compute capability >= 0.0): 1
2026-07-01 00:58:40.928276: I tensorflow/core/grappler/clusters/single_machine.cc:361] Starting new session
2026-07-01 00:58:40.933279: W tensorflow/core/common_runtime/gpu/gpu_device.cc:2348] TensorFlow was not built with CUDA kernel binaries compatible with compute capability 9.0. CUDA kernels will be jit-compiled from PTX, which could take 30 minutes or longer.
2026-07-01 00:58:40.936643: I tensorflow/core/common_runtime/gpu/gpu_device.cc:1929] Created device /job:localhost/replica:0/task:0/device:GPU:0 with 20237 MB memory:  -> device: 0, name: NVIDIA H100 NVL MIG 1g.22gb, pci bus id: 0000:03:00.0, compute capability: 9.0
2026-07-01 01:04:08.063795: I tensorflow/core/grappler/devices.cc:66] Number of eligible GPUs (core count >= 8, compute capability >= 0.0): 1
2026-07-01 01:04:08.064221: I tensorflow/core/grappler/clusters/single_machine.cc:361] Starting new session
2026-07-01 01:04:08.070014: W tensorflow/core/common_runtime/gpu/gpu_device.cc:2348] TensorFlow was not built with CUDA kernel binaries compatible with compute capability 9.0. CUDA kernels will be jit-compiled from PTX, which could take 30 minutes or longer.
2026-07-01 01:04:08.073943: I tensorflow/core/common_runtime/gpu/gpu_device.cc:1929] Created device /job:localhost/replica:0/task:0/device:GPU:0 with 20237 MB memory:  -> device: 0, name: NVIDIA H100 NVL MIG 1g.22gb, pci bus id: 0000:03:00.0, compute capability: 9.0
2026-07-01 01:18:35.415319: I tensorflow/core/grappler/devices.cc:66] Number of eligible GPUs (core count >= 8, compute capability >= 0.0): 1
2026-07-01 01:18:35.415738: I tensorflow/core/grappler/clusters/single_machine.cc:361] Starting new session
2026-07-01 01:18:35.420729: W tensorflow/core/common_runtime/gpu/gpu_device.cc:2348] TensorFlow was not built with CUDA kernel binaries compatible with compute capability 9.0. CUDA kernels will be jit-compiled from PTX, which could take 30 minutes or longer.
2026-07-01 01:18:35.424009: I tensorflow/core/common_runtime/gpu/gpu_device.cc:1929] Created device /job:localhost/replica:0/task:0/device:GPU:0 with 20237 MB memory:  -> device: 0, name: NVIDIA H100 NVL MIG 1g.22gb, pci bus id: 0000:03:00.0, compute capability: 9.0
2026-07-01 01:43:03.324931: I tensorflow/core/grappler/devices.cc:66] Number of eligible GPUs (core count >= 8, compute capability >= 0.0): 1
2026-07-01 01:43:03.325356: I tensorflow/core/grappler/clusters/single_machine.cc:361] Starting new session
2026-07-01 01:43:03.330241: W tensorflow/core/common_runtime/gpu/gpu_device.cc:2348] TensorFlow was not built with CUDA kernel binaries compatible with compute capability 9.0. CUDA kernels will be jit-compiled from PTX, which could take 30 minutes or longer.
2026-07-01 01:43:03.333264: I tensorflow/core/common_runtime/gpu/gpu_device.cc:1929] Created device /job:localhost/replica:0/task:0/device:GPU:0 with 20237 MB memory:  -> device: 0, name: NVIDIA H100 NVL MIG 1g.22gb, pci bus id: 0000:03:00.0, compute capability: 9.0
2026-07-01 01:52:32.497292: I tensorflow/core/grappler/devices.cc:66] Number of eligible GPUs (core count >= 8, compute capability >= 0.0): 1
2026-07-01 01:52:32.497742: I tensorflow/core/grappler/clusters/single_machine.cc:361] Starting new session
2026-07-01 01:52:32.503365: W tensorflow/core/common_runtime/gpu/gpu_device.cc:2348] TensorFlow was not built with CUDA kernel binaries compatible with compute capability 9.0. CUDA kernels will be jit-compiled from PTX, which could take 30 minutes or longer.
2026-07-01 01:52:32.506900: I tensorflow/core/common_runtime/gpu/gpu_device.cc:1929] Created device /job:localhost/replica:0/task:0/device:GPU:0 with 20237 MB memory:  -> device: 0, name: NVIDIA H100 NVL MIG 1g.22gb, pci bus id: 0000:03:00.0, compute capability: 9.0
2026-07-01 02:00:59.907466: I tensorflow/core/grappler/devices.cc:66] Number of eligible GPUs (core count >= 8, compute capability >= 0.0): 1
2026-07-01 02:00:59.907923: I tensorflow/core/grappler/clusters/single_machine.cc:361] Starting new session
2026-07-01 02:00:59.913090: W tensorflow/core/common_runtime/gpu/gpu_device.cc:2348] TensorFlow was not built with CUDA kernel binaries compatible with compute capability 9.0. CUDA kernels will be jit-compiled from PTX, which could take 30 minutes or longer.
2026-07-01 02:00:59.916423: I tensorflow/core/common_runtime/gpu/gpu_device.cc:1929] Created device /job:localhost/replica:0/task:0/device:GPU:0 with 20237 MB memory:  -> device: 0, name: NVIDIA H100 NVL MIG 1g.22gb, pci bus id: 0000:03:00.0, compute capability: 9.0
