BANANAS requeue array task 0/10
Dataset=cifar10 Seed=42
Completed before chunk: 0/1000
Chunk budget: 2 new evals, epochs=100
Result dir=results_BANANAS_requeue/bananas_cifar10_seed42_e1000_ep100
[exp_config] Created config.yaml at: /hpc/home/fresca/EDGE-DNNTuner/results_BANANAS_requeue/bananas_cifar10_seed42_e1000_ep100/config.yaml
50000 train samples
10000 test samples
Initialized NeuralNetwork with dataset. ROI mode: False
FLOPS module weight: 0.3

STARTING BANANAS BASELINE

[INFO] Resume requested, but no previous BANANAS history was found. Starting fresh.

--- BANANAS ITERATION 1 / 1000 ---
Chosen point: {'num_neurons': 8, 'unit_c1': 1, 'unit_c2': 7, 'dr_f': 0.3740371526513604, 'learning_rate': 0.000638792635777333, 'batch_size': 8, 'optimizer': 'Adam', 'activation': 'relu', 'data_augmentation': True, 'reg_l2': True, 'skip_connection': True, 'new_fc_1': 21, 'new_fc_2': 1, 'new_fc_3': 23, 'new_fc_4': 29, 'new_fc_5': 1, 'new_fc_6': 20, 'new_fc_7': 32, 'new_fc_8': 11, 'new_fc_9': 21, 'new_fc_10': 24}
[94m
|  --> START TRAINING ITERATION 0[0m
[INFO] Flags -> DA: True, L2: True, Skip: True
Building model with input_shape=(32, 32, 3), pos_input_shape=None, layer_x_block=2
Model: "model"
__________________________________________________________________________________________________
 Layer (type)                Output Shape                 Param #   Connected to                  
==================================================================================================
 input_2 (InputLayer)        [(None, 32, 32, 3)]          0         []                            
                                                                                                  
 conv2d (Conv2D)             (None, 32, 32, 8)            224       ['input_2[0][0]']             
                                                                                                  
 activation (Activation)     (None, 32, 32, 8)            0         ['conv2d[1][0]']              
                                                                                                  
 conv2d_2 (Conv2D)           (None, 32, 32, 8)            32        ['input_2[0][0]']             
                                                                                                  
 conv2d_1 (Conv2D)           (None, 32, 32, 8)            584       ['activation[1][0]']          
                                                                                                  
 add (Add)                   (None, 32, 32, 8)            0         ['conv2d_2[1][0]',            
                                                                     'conv2d_1[1][0]']            
                                                                                                  
 activation_1 (Activation)   (None, 32, 32, 8)            0         ['add[1][0]']                 
                                                                                                  
 max_pooling2d (MaxPooling2  (None, 16, 16, 8)            0         ['activation_1[1][0]']        
 D)                                                                                               
                                                                                                  
 conv2d_3 (Conv2D)           (None, 16, 16, 56)           4088      ['max_pooling2d[1][0]']       
                                                                                                  
 activation_2 (Activation)   (None, 16, 16, 56)           0         ['conv2d_3[1][0]']            
                                                                                                  
 conv2d_5 (Conv2D)           (None, 16, 16, 56)           504       ['max_pooling2d[1][0]']       
                                                                                                  
 conv2d_4 (Conv2D)           (None, 16, 16, 56)           28280     ['activation_2[1][0]']        
                                                                                                  
 add_1 (Add)                 (None, 16, 16, 56)           0         ['conv2d_5[1][0]',            
                                                                     'conv2d_4[1][0]']            
                                                                                                  
 activation_3 (Activation)   (None, 16, 16, 56)           0         ['add_1[1][0]']               
                                                                                                  
 max_pooling2d_1 (MaxPoolin  (None, 8, 8, 56)             0         ['activation_3[1][0]']        
 g2D)                                                                                             
                                                                                                  
 flatten (Flatten)           (None, 3584)                 0         ['max_pooling2d_1[1][0]']     
                                                                                                  
 dense (Dense)               (None, 168)                  602280    ['flatten[1][0]']             
                                                                                                  
 activation_4 (Activation)   (None, 168)                  0         ['dense[1][0]']               
                                                                                                  
 dropout (Dropout)           (None, 168)                  0         ['activation_4[1][0]']        
                                                                                                  
 dense_1 (Dense)             (None, 8)                    1352      ['dropout[1][0]']             
                                                                                                  
 activation_5 (Activation)   (None, 8)                    0         ['dense_1[1][0]']             
                                                                                                  
 dropout_1 (Dropout)         (None, 8)                    0         ['activation_5[1][0]']        
                                                                                                  
 dense_2 (Dense)             (None, 184)                  1656      ['dropout_1[1][0]']           
                                                                                                  
 activation_6 (Activation)   (None, 184)                  0         ['dense_2[1][0]']             
                                                                                                  
 dropout_2 (Dropout)         (None, 184)                  0         ['activation_6[1][0]']        
                                                                                                  
 dense_3 (Dense)             (None, 232)                  42920     ['dropout_2[1][0]']           
                                                                                                  
 activation_7 (Activation)   (None, 232)                  0         ['dense_3[1][0]']             
                                                                                                  
 dropout_3 (Dropout)         (None, 232)                  0         ['activation_7[1][0]']        
                                                                                                  
 dense_4 (Dense)             (None, 8)                    1864      ['dropout_3[1][0]']           
                                                                                                  
 activation_8 (Activation)   (None, 8)                    0         ['dense_4[1][0]']             
                                                                                                  
 dropout_4 (Dropout)         (None, 8)                    0         ['activation_8[1][0]']        
                                                                                                  
 dense_5 (Dense)             (None, 160)                  1440      ['dropout_4[1][0]']           
                                                                                                  
 activation_9 (Activation)   (None, 160)                  0         ['dense_5[1][0]']             
                                                                                                  
 dropout_5 (Dropout)         (None, 160)                  0         ['activation_9[1][0]']        
                                                                                                  
 dense_6 (Dense)             (None, 256)                  41216     ['dropout_5[1][0]']           
                                                                                                  
 activation_10 (Activation)  (None, 256)                  0         ['dense_6[1][0]']             
                                                                                                  
 dropout_6 (Dropout)         (None, 256)                  0         ['activation_10[1][0]']       
                                                                                                  
 dense_7 (Dense)             (None, 88)                   22616     ['dropout_6[1][0]']           
                                                                                                  
 activation_11 (Activation)  (None, 88)                   0         ['dense_7[1][0]']             
                                                                                                  
 dropout_7 (Dropout)         (None, 88)                   0         ['activation_11[1][0]']       
                                                                                                  
 dense_8 (Dense)             (None, 168)                  14952     ['dropout_7[1][0]']           
                                                                                                  
 activation_12 (Activation)  (None, 168)                  0         ['dense_8[1][0]']             
                                                                                                  
 dropout_8 (Dropout)         (None, 168)                  0         ['activation_12[1][0]']       
                                                                                                  
 dense_9 (Dense)             (None, 192)                  32448     ['dropout_8[1][0]']           
                                                                                                  
 activation_13 (Activation)  (None, 192)                  0         ['dense_9[1][0]']             
                                                                                                  
 dropout_9 (Dropout)         (None, 192)                  0         ['activation_13[1][0]']       
                                                                                                  
 dense_10 (Dense)            (None, 10)                   1930      ['dropout_9[1][0]']           
                                                                                                  
==================================================================================================
Total params: 798386 (3.05 MB)
Trainable params: 798386 (3.05 MB)
Non-trainable params: 0 (0.00 Byte)
__________________________________________________________________________________________________
Epoch 1/100
6250/6250 - 26s - loss: 2.4116 - accuracy: 0.1016 - val_loss: 2.3027 - val_accuracy: 0.1000 - 26s/epoch - 4ms/step
Epoch 2/100
6250/6250 - 21s - loss: 2.3028 - accuracy: 0.0981 - val_loss: 2.3027 - val_accuracy: 0.1000 - 21s/epoch - 3ms/step
Epoch 3/100
6250/6250 - 21s - loss: 2.3028 - accuracy: 0.0977 - val_loss: 2.3026 - val_accuracy: 0.1000 - 21s/epoch - 3ms/step
Epoch 4/100
6250/6250 - 21s - loss: 2.3028 - accuracy: 0.0963 - val_loss: 2.3027 - val_accuracy: 0.1000 - 21s/epoch - 3ms/step
Epoch 5/100
6250/6250 - 21s - loss: 2.3028 - accuracy: 0.0987 - val_loss: 2.3026 - val_accuracy: 0.1000 - 21s/epoch - 3ms/step
Epoch 6/100
6250/6250 - 21s - loss: 2.3028 - accuracy: 0.0986 - val_loss: 2.3027 - val_accuracy: 0.1000 - 21s/epoch - 3ms/step
Epoch 7/100
6250/6250 - 21s - loss: 2.3028 - accuracy: 0.1000 - val_loss: 2.3027 - val_accuracy: 0.1000 - 21s/epoch - 3ms/step
Epoch 8/100
6250/6250 - 21s - loss: 2.3028 - accuracy: 0.0988 - val_loss: 2.3027 - val_accuracy: 0.1000 - 21s/epoch - 3ms/step
Epoch 9/100
6250/6250 - 21s - loss: 2.3028 - accuracy: 0.0990 - val_loss: 2.3027 - val_accuracy: 0.1000 - 21s/epoch - 3ms/step
Epoch 10/100
6250/6250 - 21s - loss: 2.3028 - accuracy: 0.0997 - val_loss: 2.3027 - val_accuracy: 0.1000 - 21s/epoch - 3ms/step
Epoch 11/100
6250/6250 - 21s - loss: 2.3028 - accuracy: 0.0979 - val_loss: 2.3026 - val_accuracy: 0.1000 - 21s/epoch - 3ms/step
Epoch 12/100
6250/6250 - 21s - loss: 2.3028 - accuracy: 0.0985 - val_loss: 2.3027 - val_accuracy: 0.1000 - 21s/epoch - 3ms/step
Epoch 13/100
6250/6250 - 21s - loss: 2.3029 - accuracy: 0.0970 - val_loss: 2.3026 - val_accuracy: 0.1000 - 21s/epoch - 3ms/step
Epoch 14/100
6250/6250 - 21s - loss: 2.3028 - accuracy: 0.0986 - val_loss: 2.3027 - val_accuracy: 0.1000 - 21s/epoch - 3ms/step
Epoch 15/100
6250/6250 - 21s - loss: 2.3028 - accuracy: 0.1001 - val_loss: 2.3027 - val_accuracy: 0.1000 - 21s/epoch - 3ms/step
Epoch 16/100
6250/6250 - 21s - loss: 2.3028 - accuracy: 0.0991 - val_loss: 2.3027 - val_accuracy: 0.1000 - 21s/epoch - 3ms/step
Epoch 17/100
6250/6250 - 21s - loss: 2.3028 - accuracy: 0.1000 - val_loss: 2.3027 - val_accuracy: 0.1000 - 21s/epoch - 3ms/step
Epoch 18/100
6250/6250 - 21s - loss: 2.3028 - accuracy: 0.0978 - val_loss: 2.3026 - val_accuracy: 0.1000 - 21s/epoch - 3ms/step
Epoch 19/100
6250/6250 - 21s - loss: 2.3028 - accuracy: 0.0978 - val_loss: 2.3027 - val_accuracy: 0.1000 - 21s/epoch - 3ms/step
Epoch 20/100
6250/6250 - 21s - loss: 2.3028 - accuracy: 0.0983 - val_loss: 2.3027 - val_accuracy: 0.1000 - 21s/epoch - 3ms/step
Epoch 21/100
6250/6250 - 21s - loss: 2.3028 - accuracy: 0.0990 - val_loss: 2.3027 - val_accuracy: 0.1000 - 21s/epoch - 3ms/step
Epoch 22/100
6250/6250 - 21s - loss: 2.3028 - accuracy: 0.0967 - val_loss: 2.3027 - val_accuracy: 0.1000 - 21s/epoch - 3ms/step
Epoch 23/100
6250/6250 - 21s - loss: 2.3028 - accuracy: 0.0985 - val_loss: 2.3027 - val_accuracy: 0.1000 - 21s/epoch - 3ms/step
Epoch 24/100
6250/6250 - 21s - loss: 2.3028 - accuracy: 0.0994 - val_loss: 2.3027 - val_accuracy: 0.1000 - 21s/epoch - 3ms/step
Epoch 25/100
6250/6250 - 21s - loss: 2.3028 - accuracy: 0.0999 - val_loss: 2.3027 - val_accuracy: 0.1000 - 21s/epoch - 3ms/step
Epoch 26/100
6250/6250 - 21s - loss: 2.3028 - accuracy: 0.0975 - val_loss: 2.3026 - val_accuracy: 0.1000 - 21s/epoch - 3ms/step
Epoch 27/100
6250/6250 - 21s - loss: 2.3028 - accuracy: 0.0978 - val_loss: 2.3026 - val_accuracy: 0.1000 - 21s/epoch - 3ms/step
Epoch 28/100
6250/6250 - 21s - loss: 2.3028 - accuracy: 0.1003 - val_loss: 2.3027 - val_accuracy: 0.1000 - 21s/epoch - 3ms/step
Epoch 29/100
6250/6250 - 21s - loss: 2.3028 - accuracy: 0.0992 - val_loss: 2.3027 - val_accuracy: 0.1000 - 21s/epoch - 3ms/step
Epoch 30/100
6250/6250 - 21s - loss: 2.3029 - accuracy: 0.0973 - val_loss: 2.3027 - val_accuracy: 0.1000 - 21s/epoch - 3ms/step
Epoch 31/100
Restoring model weights from the end of the best epoch: 1.
6250/6250 - 21s - loss: 2.3028 - accuracy: 0.0981 - val_loss: 2.3026 - val_accuracy: 0.1000 - 21s/epoch - 3ms/step
Epoch 31: early stopping
313/313 - 1s - loss: 2.3027 - accuracy: 0.1000 - 1s/epoch - 4ms/step

ACCURACY: 0.10000000149011612


SCORE: -0.32988764104308127

[92m | MODULE VALUES ---------------------------------------------  |
 [0m
FLOPS: 20056180
PARAMS: 798386.0
[92m 
 | -----------------------------------------------------------  |
 [0m
[INFO] New Best Score: -0.3299 (Previous: 10000000000.0000)

--- BANANAS ITERATION 2 / 1000 ---
Chosen point: {'num_neurons': 8, 'unit_c1': 3, 'unit_c2': 7, 'dr_f': 0.09556211450645967, 'learning_rate': 0.00036293018368169634, 'batch_size': 16, 'optimizer': 'SGD', 'activation': 'swish', 'data_augmentation': False, 'reg_l2': True, 'skip_connection': True, 'new_fc_1': 2, 'new_fc_2': 6, 'new_fc_3': 20, 'new_fc_4': 8, 'new_fc_5': 17, 'new_fc_6': 3, 'new_fc_7': 24, 'new_fc_8': 13, 'new_fc_9': 8, 'new_fc_10': 25}
[94m
|  --> START TRAINING ITERATION 1[0m
[INFO] Flags -> DA: False, L2: True, Skip: True
Building model with input_shape=(32, 32, 3), pos_input_shape=None, layer_x_block=2
Model: "model"
__________________________________________________________________________________________________
 Layer (type)                Output Shape                 Param #   Connected to                  
==================================================================================================
 input_1 (InputLayer)        [(None, 32, 32, 3)]          0         []                            
                                                                                                  
 conv2d (Conv2D)             (None, 32, 32, 24)           672       ['input_1[0][0]']             
                                                                                                  
 activation (Activation)     (None, 32, 32, 24)           0         ['conv2d[0][0]']              
                                                                                                  
 conv2d_2 (Conv2D)           (None, 32, 32, 24)           96        ['input_1[0][0]']             
                                                                                                  
 conv2d_1 (Conv2D)           (None, 32, 32, 24)           5208      ['activation[0][0]']          
                                                                                                  
 add (Add)                   (None, 32, 32, 24)           0         ['conv2d_2[0][0]',            
                                                                     'conv2d_1[0][0]']            
                                                                                                  
 activation_1 (Activation)   (None, 32, 32, 24)           0         ['add[0][0]']                 
                                                                                                  
 max_pooling2d (MaxPooling2  (None, 16, 16, 24)           0         ['activation_1[0][0]']        
 D)                                                                                               
                                                                                                  
 conv2d_3 (Conv2D)           (None, 16, 16, 56)           12152     ['max_pooling2d[0][0]']       
                                                                                                  
 activation_2 (Activation)   (None, 16, 16, 56)           0         ['conv2d_3[0][0]']            
                                                                                                  
 conv2d_5 (Conv2D)           (None, 16, 16, 56)           1400      ['max_pooling2d[0][0]']       
                                                                                                  
 conv2d_4 (Conv2D)           (None, 16, 16, 56)           28280     ['activation_2[0][0]']        
                                                                                                  
 add_1 (Add)                 (None, 16, 16, 56)           0         ['conv2d_5[0][0]',            
                                                                     'conv2d_4[0][0]']            
                                                                                                  
 activation_3 (Activation)   (None, 16, 16, 56)           0         ['add_1[0][0]']               
                                                                                                  
 max_pooling2d_1 (MaxPoolin  (None, 8, 8, 56)             0         ['activation_3[0][0]']        
 g2D)                                                                                             
                                                                                                  
 flatten (Flatten)           (None, 3584)                 0         ['max_pooling2d_1[0][0]']     
                                                                                                  
 dense (Dense)               (None, 16)                   57360     ['flatten[0][0]']             
                                                                                                  
 activation_4 (Activation)   (None, 16)                   0         ['dense[0][0]']               
                                                                                                  
 dropout (Dropout)           (None, 16)                   0         ['activation_4[0][0]']        
                                                                                                  
 dense_1 (Dense)             (None, 48)                   816       ['dropout[0][0]']             
                                                                                                  
 activation_5 (Activation)   (None, 48)                   0         ['dense_1[0][0]']             
                                                                                                  
 dropout_1 (Dropout)         (None, 48)                   0         ['activation_5[0][0]']        
                                                                                                  
 dense_2 (Dense)             (None, 160)                  7840      ['dropout_1[0][0]']           
                                                                                                  
 activation_6 (Activation)   (None, 160)                  0         ['dense_2[0][0]']             
                                                                                                  
 dropout_2 (Dropout)         (None, 160)                  0         ['activation_6[0][0]']        
                                                                                                  
 dense_3 (Dense)             (None, 64)                   10304     ['dropout_2[0][0]']           
                                                                                                  
 activation_7 (Activation)   (None, 64)                   0         ['dense_3[0][0]']             
                                                                                                  
 dropout_3 (Dropout)         (None, 64)                   0         ['activation_7[0][0]']        
                                                                                                  
 dense_4 (Dense)             (None, 136)                  8840      ['dropout_3[0][0]']           
                                                                                                  
 activation_8 (Activation)   (None, 136)                  0         ['dense_4[0][0]']             
                                                                                                  
 dropout_4 (Dropout)         (None, 136)                  0         ['activation_8[0][0]']        
                                                                                                  
 dense_5 (Dense)             (None, 24)                   3288      ['dropout_4[0][0]']           
                                                                                                  
 activation_9 (Activation)   (None, 24)                   0         ['dense_5[0][0]']             
                                                                                                  
 dropout_5 (Dropout)         (None, 24)                   0         ['activation_9[0][0]']        
                                                                                                  
 dense_6 (Dense)             (None, 192)                  4800      ['dropout_5[0][0]']           
                                                                                                  
 activation_10 (Activation)  (None, 192)                  0         ['dense_6[0][0]']             
                                                                                                  
 dropout_6 (Dropout)         (None, 192)                  0         ['activation_10[0][0]']       
                                                                                                  
 dense_7 (Dense)             (None, 104)                  20072     ['dropout_6[0][0]']           
                                                                                                  
 activation_11 (Activation)  (None, 104)                  0         ['dense_7[0][0]']             
                                                                                                  
 dropout_7 (Dropout)         (None, 104)                  0         ['activation_11[0][0]']       
                                                                                                  
 dense_8 (Dense)             (None, 64)                   6720      ['dropout_7[0][0]']           
                                                                                                  
 activation_12 (Activation)  (None, 64)                   0         ['dense_8[0][0]']             
                                                                                                  
 dropout_8 (Dropout)         (None, 64)                   0         ['activation_12[0][0]']       
                                                                                                  
 dense_9 (Dense)             (None, 200)                  13000     ['dropout_8[0][0]']           
                                                                                                  
 activation_13 (Activation)  (None, 200)                  0         ['dense_9[0][0]']             
                                                                                                  
 dropout_9 (Dropout)         (None, 200)                  0         ['activation_13[0][0]']       
                                                                                                  
 dense_10 (Dense)            (None, 10)                   2010      ['dropout_9[0][0]']           
                                                                                                  
==================================================================================================
Total params: 182858 (714.29 KB)
Trainable params: 182858 (714.29 KB)
Non-trainable params: 0 (0.00 Byte)
__________________________________________________________________________________________________
Epoch 1/100
3125/3125 - 14s - loss: 10.6193 - accuracy: 0.0956 - val_loss: 10.4531 - val_accuracy: 0.1000 - 14s/epoch - 4ms/step
Epoch 2/100
3125/3125 - 12s - loss: 10.2919 - accuracy: 0.0973 - val_loss: 10.1328 - val_accuracy: 0.0965 - 12s/epoch - 4ms/step
Epoch 3/100
3125/3125 - 12s - loss: 9.9786 - accuracy: 0.0959 - val_loss: 9.8263 - val_accuracy: 0.1000 - 12s/epoch - 4ms/step
Epoch 4/100
3125/3125 - 11s - loss: 9.6787 - accuracy: 0.0970 - val_loss: 9.5330 - val_accuracy: 0.1000 - 11s/epoch - 4ms/step
Epoch 5/100
3125/3125 - 11s - loss: 9.3916 - accuracy: 0.0944 - val_loss: 9.2522 - val_accuracy: 0.0967 - 11s/epoch - 4ms/step
Epoch 6/100
3125/3125 - 11s - loss: 9.1169 - accuracy: 0.0982 - val_loss: 8.9834 - val_accuracy: 0.1000 - 11s/epoch - 4ms/step
Epoch 7/100
3125/3125 - 11s - loss: 8.8539 - accuracy: 0.0993 - val_loss: 8.7261 - val_accuracy: 0.1000 - 11s/epoch - 4ms/step
Epoch 8/100
3125/3125 - 11s - loss: 8.6021 - accuracy: 0.0969 - val_loss: 8.4798 - val_accuracy: 0.1000 - 11s/epoch - 4ms/step
Epoch 9/100
3125/3125 - 11s - loss: 8.3611 - accuracy: 0.0972 - val_loss: 8.2441 - val_accuracy: 0.1000 - 11s/epoch - 4ms/step
Epoch 10/100
3125/3125 - 11s - loss: 8.1304 - accuracy: 0.0951 - val_loss: 8.0183 - val_accuracy: 0.0840 - 11s/epoch - 4ms/step
Epoch 11/100
3125/3125 - 11s - loss: 7.9095 - accuracy: 0.0982 - val_loss: 7.8021 - val_accuracy: 0.1000 - 11s/epoch - 4ms/step
Epoch 12/100
3125/3125 - 11s - loss: 7.6979 - accuracy: 0.0959 - val_loss: 7.5952 - val_accuracy: 0.1000 - 11s/epoch - 4ms/step
Epoch 13/100
3125/3125 - 11s - loss: 7.4954 - accuracy: 0.0965 - val_loss: 7.3970 - val_accuracy: 0.1000 - 11s/epoch - 4ms/step
Epoch 14/100
3125/3125 - 11s - loss: 7.3014 - accuracy: 0.0993 - val_loss: 7.2072 - val_accuracy: 0.1000 - 11s/epoch - 4ms/step
Epoch 15/100
3125/3125 - 11s - loss: 7.1157 - accuracy: 0.0981 - val_loss: 7.0254 - val_accuracy: 0.1000 - 11s/epoch - 4ms/step
Epoch 16/100
3125/3125 - 11s - loss: 6.9378 - accuracy: 0.0977 - val_loss: 6.8513 - val_accuracy: 0.1000 - 11s/epoch - 4ms/step
Epoch 17/100
3125/3125 - 11s - loss: 6.7674 - accuracy: 0.0965 - val_loss: 6.6846 - val_accuracy: 0.1000 - 11s/epoch - 4ms/step
Epoch 18/100
3125/3125 - 11s - loss: 6.6042 - accuracy: 0.0972 - val_loss: 6.5249 - val_accuracy: 0.1000 - 11s/epoch - 4ms/step
Epoch 19/100
3125/3125 - 11s - loss: 6.4478 - accuracy: 0.0982 - val_loss: 6.3718 - val_accuracy: 0.1000 - 11s/epoch - 4ms/step
Epoch 20/100
3125/3125 - 11s - loss: 6.2980 - accuracy: 0.0965 - val_loss: 6.2252 - val_accuracy: 0.1000 - 11s/epoch - 4ms/step
Epoch 21/100
3125/3125 - 11s - loss: 6.1545 - accuracy: 0.0967 - val_loss: 6.0847 - val_accuracy: 0.1000 - 11s/epoch - 4ms/step
Epoch 22/100
3125/3125 - 11s - loss: 6.0170 - accuracy: 0.0979 - val_loss: 5.9502 - val_accuracy: 0.1000 - 11s/epoch - 4ms/step
Epoch 23/100
3125/3125 - 11s - loss: 5.8852 - accuracy: 0.0969 - val_loss: 5.8212 - val_accuracy: 0.1000 - 11s/epoch - 4ms/step
Epoch 24/100
3125/3125 - 11s - loss: 5.7589 - accuracy: 0.0969 - val_loss: 5.6975 - val_accuracy: 0.1000 - 11s/epoch - 4ms/step
Epoch 25/100
3125/3125 - 11s - loss: 5.6379 - accuracy: 0.0972 - val_loss: 5.5791 - val_accuracy: 0.1000 - 11s/epoch - 4ms/step
Epoch 26/100
3125/3125 - 11s - loss: 5.5219 - accuracy: 0.0949 - val_loss: 5.4655 - val_accuracy: 0.1000 - 11s/epoch - 4ms/step
Epoch 27/100
3125/3125 - 11s - loss: 5.4107 - accuracy: 0.0958 - val_loss: 5.3567 - val_accuracy: 0.1000 - 11s/epoch - 4ms/step
Epoch 28/100
3125/3125 - 11s - loss: 5.3041 - accuracy: 0.0980 - val_loss: 5.2522 - val_accuracy: 0.1000 - 11s/epoch - 4ms/step
Epoch 29/100
3125/3125 - 11s - loss: 5.2019 - accuracy: 0.0973 - val_loss: 5.1522 - val_accuracy: 0.1000 - 11s/epoch - 4ms/step
Epoch 30/100
3125/3125 - 11s - loss: 5.1039 - accuracy: 0.0964 - val_loss: 5.0562 - val_accuracy: 0.1000 - 11s/epoch - 4ms/step
Epoch 31/100
Restoring model weights from the end of the best epoch: 1.
3125/3125 - 11s - loss: 5.0099 - accuracy: 0.0975 - val_loss: 4.9642 - val_accuracy: 0.1000 - 11s/epoch - 4ms/step
Epoch 31: early stopping
313/313 - 1s - loss: 10.4531 - accuracy: 0.1000 - 938ms/epoch - 3ms/step

ACCURACY: 0.10000000149011612


SCORE: -0.3019105690430813

[92m | MODULE VALUES ---------------------------------------------  |
 [0m
FLOPS: 34044716
PARAMS: 182858.0
[92m 
 | -----------------------------------------------------------  |
 [0m

BANANAS BASELINE FINISHED
TOTAL TIME --------> 1070.53 seconds
BEST SCORE --------> -0.32988764104308127
HISTORY -----------> results_BANANAS_requeue/bananas_cifar10_seed42_e1000_ep100/algorithm_logs/bananas_history.csv
Completed after chunk: 2/1000
Requeueing array task 106723_0
