Using the latest cached version of the dataset since uoft-cs/cifar10 couldn't be found on the Hugging Face Hub (offline mode is enabled).
Found the latest cached dataset configuration 'plain_text' at /hpc/home/fresca/.cache/huggingface/datasets/uoft-cs___cifar10/plain_text/0.0.0/0b2714987fa478483af9968de7c934580d0bb9a2 (last modified on Wed Jun 24 10:14:50 2026).
2026-06-26 00:30:25.272019: I tensorflow/core/util/port.cc:113] oneDNN custom operations are on. You may see slightly different numerical results due to floating-point round-off errors from different computation orders. To turn them off, set the environment variable `TF_ENABLE_ONEDNN_OPTS=0`.
2026-06-26 00:30:25.294821: E external/local_xla/xla/stream_executor/cuda/cuda_dnn.cc:9261] Unable to register cuDNN factory: Attempting to register factory for plugin cuDNN when one has already been registered
2026-06-26 00:30:25.294861: E external/local_xla/xla/stream_executor/cuda/cuda_fft.cc:607] Unable to register cuFFT factory: Attempting to register factory for plugin cuFFT when one has already been registered
2026-06-26 00:30:25.295513: E external/local_xla/xla/stream_executor/cuda/cuda_blas.cc:1515] Unable to register cuBLAS factory: Attempting to register factory for plugin cuBLAS when one has already been registered
2026-06-26 00:30:25.299169: I tensorflow/core/platform/cpu_feature_guard.cc:182] This TensorFlow binary is optimized to use available CPU instructions in performance-critical operations.
To enable the following instructions: AVX2 AVX512F AVX512_VNNI AVX512_BF16 FMA, in other operations, rebuild TensorFlow with the appropriate compiler flags.
2026-06-26 00:30:26.715249: W tensorflow/compiler/tf2tensorrt/utils/py_utils.cc:38] TF-TRT Warning: Could not find TensorRT
2026-06-26 00:30:28.940782: W tensorflow/core/common_runtime/gpu/gpu_device.cc:2348] TensorFlow was not built with CUDA kernel binaries compatible with compute capability 9.0. CUDA kernels will be jit-compiled from PTX, which could take 30 minutes or longer.
2026-06-26 00:30:28.949386: W tensorflow/core/common_runtime/gpu/gpu_device.cc:2348] TensorFlow was not built with CUDA kernel binaries compatible with compute capability 9.0. CUDA kernels will be jit-compiled from PTX, which could take 30 minutes or longer.
2026-06-26 00:30:29.094225: I tensorflow/core/common_runtime/gpu/gpu_device.cc:1929] Created device /job:localhost/replica:0/task:0/device:GPU:0 with 92895 MB memory:  -> device: 0, name: NVIDIA H100 NVL, pci bus id: 0000:03:00.0, compute capability: 9.0
2026-06-26 00:30:29.622329: I tensorflow/core/grappler/devices.cc:66] Number of eligible GPUs (core count >= 8, compute capability >= 0.0): 1
2026-06-26 00:30:29.622435: I tensorflow/core/grappler/clusters/single_machine.cc:361] Starting new session
2026-06-26 00:30:29.627630: W tensorflow/core/common_runtime/gpu/gpu_device.cc:2348] TensorFlow was not built with CUDA kernel binaries compatible with compute capability 9.0. CUDA kernels will be jit-compiled from PTX, which could take 30 minutes or longer.
2026-06-26 00:30:29.630802: I tensorflow/core/common_runtime/gpu/gpu_device.cc:1929] Created device /job:localhost/replica:0/task:0/device:GPU:0 with 92895 MB memory:  -> device: 0, name: NVIDIA H100 NVL, pci bus id: 0000:03:00.0, compute capability: 9.0
WARNING:tensorflow:From /hpc/home/fresca/.conda/envs/edge-dnntuner-bananas/lib/python3.10/site-packages/tensorflow/python/ops/nn_ops.py:5256: tensor_shape_from_node_def_name (from tensorflow.python.framework.graph_util_impl) is deprecated and will be removed in a future version.
Instructions for updating:
This API was designed for TensorFlow v1. See https://www.tensorflow.org/guide/migrate for instructions on how to migrate your code to TensorFlow v2.
2026-06-26 00:30:31.932168: I external/local_xla/xla/stream_executor/cuda/cuda_dnn.cc:454] Loaded cuDNN version 8904
2026-06-26 00:31:54.159463: I tensorflow/core/grappler/devices.cc:66] Number of eligible GPUs (core count >= 8, compute capability >= 0.0): 1
2026-06-26 00:31:54.159902: I tensorflow/core/grappler/clusters/single_machine.cc:361] Starting new session
2026-06-26 00:31:54.164398: W tensorflow/core/common_runtime/gpu/gpu_device.cc:2348] TensorFlow was not built with CUDA kernel binaries compatible with compute capability 9.0. CUDA kernels will be jit-compiled from PTX, which could take 30 minutes or longer.
2026-06-26 00:31:54.167323: I tensorflow/core/common_runtime/gpu/gpu_device.cc:1929] Created device /job:localhost/replica:0/task:0/device:GPU:0 with 92895 MB memory:  -> device: 0, name: NVIDIA H100 NVL, pci bus id: 0000:03:00.0, compute capability: 9.0
2026-06-26 00:36:18.528596: I tensorflow/core/grappler/devices.cc:66] Number of eligible GPUs (core count >= 8, compute capability >= 0.0): 1
2026-06-26 00:36:18.529027: I tensorflow/core/grappler/clusters/single_machine.cc:361] Starting new session
2026-06-26 00:36:18.534165: W tensorflow/core/common_runtime/gpu/gpu_device.cc:2348] TensorFlow was not built with CUDA kernel binaries compatible with compute capability 9.0. CUDA kernels will be jit-compiled from PTX, which could take 30 minutes or longer.
2026-06-26 00:36:18.536930: I tensorflow/core/common_runtime/gpu/gpu_device.cc:1929] Created device /job:localhost/replica:0/task:0/device:GPU:0 with 92895 MB memory:  -> device: 0, name: NVIDIA H100 NVL, pci bus id: 0000:03:00.0, compute capability: 9.0
2026-06-26 00:43:42.769461: I tensorflow/core/grappler/devices.cc:66] Number of eligible GPUs (core count >= 8, compute capability >= 0.0): 1
2026-06-26 00:43:42.770126: I tensorflow/core/grappler/clusters/single_machine.cc:361] Starting new session
2026-06-26 00:43:42.774645: W tensorflow/core/common_runtime/gpu/gpu_device.cc:2348] TensorFlow was not built with CUDA kernel binaries compatible with compute capability 9.0. CUDA kernels will be jit-compiled from PTX, which could take 30 minutes or longer.
2026-06-26 00:43:42.777439: I tensorflow/core/common_runtime/gpu/gpu_device.cc:1929] Created device /job:localhost/replica:0/task:0/device:GPU:0 with 92895 MB memory:  -> device: 0, name: NVIDIA H100 NVL, pci bus id: 0000:03:00.0, compute capability: 9.0
2026-06-26 00:51:06.916887: I tensorflow/core/grappler/devices.cc:66] Number of eligible GPUs (core count >= 8, compute capability >= 0.0): 1
2026-06-26 00:51:06.917304: I tensorflow/core/grappler/clusters/single_machine.cc:361] Starting new session
2026-06-26 00:51:06.922155: W tensorflow/core/common_runtime/gpu/gpu_device.cc:2348] TensorFlow was not built with CUDA kernel binaries compatible with compute capability 9.0. CUDA kernels will be jit-compiled from PTX, which could take 30 minutes or longer.
2026-06-26 00:51:06.924961: I tensorflow/core/common_runtime/gpu/gpu_device.cc:1929] Created device /job:localhost/replica:0/task:0/device:GPU:0 with 92895 MB memory:  -> device: 0, name: NVIDIA H100 NVL, pci bus id: 0000:03:00.0, compute capability: 9.0
2026-06-26 00:59:31.391447: I tensorflow/core/grappler/devices.cc:66] Number of eligible GPUs (core count >= 8, compute capability >= 0.0): 1
2026-06-26 00:59:31.391845: I tensorflow/core/grappler/clusters/single_machine.cc:361] Starting new session
2026-06-26 00:59:31.396627: W tensorflow/core/common_runtime/gpu/gpu_device.cc:2348] TensorFlow was not built with CUDA kernel binaries compatible with compute capability 9.0. CUDA kernels will be jit-compiled from PTX, which could take 30 minutes or longer.
2026-06-26 00:59:31.399556: I tensorflow/core/common_runtime/gpu/gpu_device.cc:1929] Created device /job:localhost/replica:0/task:0/device:GPU:0 with 92895 MB memory:  -> device: 0, name: NVIDIA H100 NVL, pci bus id: 0000:03:00.0, compute capability: 9.0
2026-06-26 00:59:32.224502: I tensorflow/core/grappler/devices.cc:66] Number of eligible GPUs (core count >= 8, compute capability >= 0.0): 1
2026-06-26 00:59:32.224581: I tensorflow/core/grappler/clusters/single_machine.cc:361] Starting new session
2026-06-26 00:59:32.229264: W tensorflow/core/common_runtime/gpu/gpu_device.cc:2348] TensorFlow was not built with CUDA kernel binaries compatible with compute capability 9.0. CUDA kernels will be jit-compiled from PTX, which could take 30 minutes or longer.
2026-06-26 00:59:32.232476: I tensorflow/core/common_runtime/gpu/gpu_device.cc:1929] Created device /job:localhost/replica:0/task:0/device:GPU:0 with 92895 MB memory:  -> device: 0, name: NVIDIA H100 NVL, pci bus id: 0000:03:00.0, compute capability: 9.0
2026-06-26 01:00:56.190074: I tensorflow/core/grappler/devices.cc:66] Number of eligible GPUs (core count >= 8, compute capability >= 0.0): 1
2026-06-26 01:00:56.190508: I tensorflow/core/grappler/clusters/single_machine.cc:361] Starting new session
2026-06-26 01:00:56.196212: W tensorflow/core/common_runtime/gpu/gpu_device.cc:2348] TensorFlow was not built with CUDA kernel binaries compatible with compute capability 9.0. CUDA kernels will be jit-compiled from PTX, which could take 30 minutes or longer.
2026-06-26 01:00:56.199162: I tensorflow/core/common_runtime/gpu/gpu_device.cc:1929] Created device /job:localhost/replica:0/task:0/device:GPU:0 with 92895 MB memory:  -> device: 0, name: NVIDIA H100 NVL, pci bus id: 0000:03:00.0, compute capability: 9.0
2026-06-26 01:08:20.360140: I tensorflow/core/grappler/devices.cc:66] Number of eligible GPUs (core count >= 8, compute capability >= 0.0): 1
2026-06-26 01:08:20.360543: I tensorflow/core/grappler/clusters/single_machine.cc:361] Starting new session
2026-06-26 01:08:20.365347: W tensorflow/core/common_runtime/gpu/gpu_device.cc:2348] TensorFlow was not built with CUDA kernel binaries compatible with compute capability 9.0. CUDA kernels will be jit-compiled from PTX, which could take 30 minutes or longer.
2026-06-26 01:08:20.368301: I tensorflow/core/common_runtime/gpu/gpu_device.cc:1929] Created device /job:localhost/replica:0/task:0/device:GPU:0 with 92895 MB memory:  -> device: 0, name: NVIDIA H100 NVL, pci bus id: 0000:03:00.0, compute capability: 9.0
2026-06-26 01:12:44.585585: I tensorflow/core/grappler/devices.cc:66] Number of eligible GPUs (core count >= 8, compute capability >= 0.0): 1
2026-06-26 01:12:44.585999: I tensorflow/core/grappler/clusters/single_machine.cc:361] Starting new session
2026-06-26 01:12:44.590474: W tensorflow/core/common_runtime/gpu/gpu_device.cc:2348] TensorFlow was not built with CUDA kernel binaries compatible with compute capability 9.0. CUDA kernels will be jit-compiled from PTX, which could take 30 minutes or longer.
2026-06-26 01:12:44.593264: I tensorflow/core/common_runtime/gpu/gpu_device.cc:1929] Created device /job:localhost/replica:0/task:0/device:GPU:0 with 92895 MB memory:  -> device: 0, name: NVIDIA H100 NVL, pci bus id: 0000:03:00.0, compute capability: 9.0
2026-06-26 01:12:45.277375: I external/local_xla/xla/service/service.cc:168] XLA service 0x7f82fc77caa0 initialized for platform Host (this does not guarantee that XLA will be used). Devices:
2026-06-26 01:12:45.277411: I external/local_xla/xla/service/service.cc:176]   StreamExecutor device (0): Host, Default Version
2026-06-26 01:12:45.280722: I tensorflow/compiler/mlir/tensorflow/utils/dump_mlir_util.cc:269] disabling MLIR crash reproducer, set env var `MLIR_CRASH_REPRODUCER_DIRECTORY` to enable.
WARNING: All log messages before absl::InitializeLog() is called are written to STDERR
I0000 00:00:1782429165.301309  249588 device_compiler.h:186] Compiled cluster using XLA!  This line is logged at most once for the lifetime of the process.
2026-06-26 01:12:45.302283: E external/local_xla/xla/stream_executor/stream_executor_internal.h:177] SetPriority unimplemented for this stream.
2026-06-26 01:12:48.398229: I tensorflow/core/grappler/devices.cc:66] Number of eligible GPUs (core count >= 8, compute capability >= 0.0): 1
2026-06-26 01:12:48.398293: I tensorflow/core/grappler/clusters/single_machine.cc:361] Starting new session
2026-06-26 01:12:48.402806: W tensorflow/core/common_runtime/gpu/gpu_device.cc:2348] TensorFlow was not built with CUDA kernel binaries compatible with compute capability 9.0. CUDA kernels will be jit-compiled from PTX, which could take 30 minutes or longer.
2026-06-26 01:12:48.405576: I tensorflow/core/common_runtime/gpu/gpu_device.cc:1929] Created device /job:localhost/replica:0/task:0/device:GPU:0 with 92895 MB memory:  -> device: 0, name: NVIDIA H100 NVL, pci bus id: 0000:03:00.0, compute capability: 9.0
2026-06-26 01:20:15.518671: I tensorflow/core/grappler/devices.cc:66] Number of eligible GPUs (core count >= 8, compute capability >= 0.0): 1
2026-06-26 01:20:15.519141: I tensorflow/core/grappler/clusters/single_machine.cc:361] Starting new session
2026-06-26 01:20:15.523648: W tensorflow/core/common_runtime/gpu/gpu_device.cc:2348] TensorFlow was not built with CUDA kernel binaries compatible with compute capability 9.0. CUDA kernels will be jit-compiled from PTX, which could take 30 minutes or longer.
2026-06-26 01:20:15.526579: I tensorflow/core/common_runtime/gpu/gpu_device.cc:1929] Created device /job:localhost/replica:0/task:0/device:GPU:0 with 92895 MB memory:  -> device: 0, name: NVIDIA H100 NVL, pci bus id: 0000:03:00.0, compute capability: 9.0
slurmstepd: error: *** JOB 105867 ON gnode01 CANCELLED AT 2026-06-26T01:20:45 ***
