Using the latest cached version of the dataset since uoft-cs/cifar100 couldn't be found on the Hugging Face Hub (offline mode is enabled).
Found the latest cached dataset configuration 'cifar100' at /hpc/home/fresca/.cache/huggingface/datasets/uoft-cs___cifar100/cifar100/0.0.0/aadb3af77e9048adbea6b47c21a81e47dd092ae5 (last modified on Wed Jun 24 10:15:16 2026).
2026-06-30 00:06:03.035904: I tensorflow/core/util/port.cc:113] oneDNN custom operations are on. You may see slightly different numerical results due to floating-point round-off errors from different computation orders. To turn them off, set the environment variable `TF_ENABLE_ONEDNN_OPTS=0`.
2026-06-30 00:06:03.058284: E external/local_xla/xla/stream_executor/cuda/cuda_dnn.cc:9261] Unable to register cuDNN factory: Attempting to register factory for plugin cuDNN when one has already been registered
2026-06-30 00:06:03.058318: E external/local_xla/xla/stream_executor/cuda/cuda_fft.cc:607] Unable to register cuFFT factory: Attempting to register factory for plugin cuFFT when one has already been registered
2026-06-30 00:06:03.058976: E external/local_xla/xla/stream_executor/cuda/cuda_blas.cc:1515] Unable to register cuBLAS factory: Attempting to register factory for plugin cuBLAS when one has already been registered
2026-06-30 00:06:03.062506: I tensorflow/core/platform/cpu_feature_guard.cc:182] This TensorFlow binary is optimized to use available CPU instructions in performance-critical operations.
To enable the following instructions: AVX2 AVX512F AVX512_VNNI AVX512_BF16 FMA, in other operations, rebuild TensorFlow with the appropriate compiler flags.
2026-06-30 00:06:04.345980: W tensorflow/compiler/tf2tensorrt/utils/py_utils.cc:38] TF-TRT Warning: Could not find TensorRT
2026-06-30 00:06:06.524274: W tensorflow/core/common_runtime/gpu/gpu_device.cc:2348] TensorFlow was not built with CUDA kernel binaries compatible with compute capability 9.0. CUDA kernels will be jit-compiled from PTX, which could take 30 minutes or longer.
2026-06-30 00:06:06.532125: W tensorflow/core/common_runtime/gpu/gpu_device.cc:2348] TensorFlow was not built with CUDA kernel binaries compatible with compute capability 9.0. CUDA kernels will be jit-compiled from PTX, which could take 30 minutes or longer.
2026-06-30 00:06:06.679936: I tensorflow/core/common_runtime/gpu/gpu_device.cc:1929] Created device /job:localhost/replica:0/task:0/device:GPU:0 with 92895 MB memory:  -> device: 0, name: NVIDIA H100 NVL, pci bus id: 0000:04:00.0, compute capability: 9.0
2026-06-30 00:06:07.176920: I tensorflow/core/grappler/devices.cc:66] Number of eligible GPUs (core count >= 8, compute capability >= 0.0): 1
2026-06-30 00:06:07.177016: I tensorflow/core/grappler/clusters/single_machine.cc:361] Starting new session
2026-06-30 00:06:07.181495: W tensorflow/core/common_runtime/gpu/gpu_device.cc:2348] TensorFlow was not built with CUDA kernel binaries compatible with compute capability 9.0. CUDA kernels will be jit-compiled from PTX, which could take 30 minutes or longer.
2026-06-30 00:06:07.184286: I tensorflow/core/common_runtime/gpu/gpu_device.cc:1929] Created device /job:localhost/replica:0/task:0/device:GPU:0 with 92895 MB memory:  -> device: 0, name: NVIDIA H100 NVL, pci bus id: 0000:04:00.0, compute capability: 9.0
WARNING:tensorflow:From /hpc/home/fresca/.conda/envs/edge-dnntuner-bananas/lib/python3.10/site-packages/tensorflow/python/ops/nn_ops.py:5256: tensor_shape_from_node_def_name (from tensorflow.python.framework.graph_util_impl) is deprecated and will be removed in a future version.
Instructions for updating:
This API was designed for TensorFlow v1. See https://www.tensorflow.org/guide/migrate for instructions on how to migrate your code to TensorFlow v2.
2026-06-30 00:06:08.744891: I external/local_xla/xla/stream_executor/cuda/cuda_dnn.cc:454] Loaded cuDNN version 8904
2026-06-30 00:10:31.412916: I tensorflow/core/grappler/devices.cc:66] Number of eligible GPUs (core count >= 8, compute capability >= 0.0): 1
2026-06-30 00:10:31.413273: I tensorflow/core/grappler/clusters/single_machine.cc:361] Starting new session
2026-06-30 00:10:31.417798: W tensorflow/core/common_runtime/gpu/gpu_device.cc:2348] TensorFlow was not built with CUDA kernel binaries compatible with compute capability 9.0. CUDA kernels will be jit-compiled from PTX, which could take 30 minutes or longer.
2026-06-30 00:10:31.420590: I tensorflow/core/common_runtime/gpu/gpu_device.cc:1929] Created device /job:localhost/replica:0/task:0/device:GPU:0 with 92895 MB memory:  -> device: 0, name: NVIDIA H100 NVL, pci bus id: 0000:04:00.0, compute capability: 9.0
2026-06-30 00:14:55.218800: I tensorflow/core/grappler/devices.cc:66] Number of eligible GPUs (core count >= 8, compute capability >= 0.0): 1
2026-06-30 00:14:55.219191: I tensorflow/core/grappler/clusters/single_machine.cc:361] Starting new session
2026-06-30 00:14:55.223751: W tensorflow/core/common_runtime/gpu/gpu_device.cc:2348] TensorFlow was not built with CUDA kernel binaries compatible with compute capability 9.0. CUDA kernels will be jit-compiled from PTX, which could take 30 minutes or longer.
2026-06-30 00:14:55.226574: I tensorflow/core/common_runtime/gpu/gpu_device.cc:1929] Created device /job:localhost/replica:0/task:0/device:GPU:0 with 92895 MB memory:  -> device: 0, name: NVIDIA H100 NVL, pci bus id: 0000:04:00.0, compute capability: 9.0
2026-06-30 00:21:19.447274: I tensorflow/core/grappler/devices.cc:66] Number of eligible GPUs (core count >= 8, compute capability >= 0.0): 1
2026-06-30 00:21:19.447710: I tensorflow/core/grappler/clusters/single_machine.cc:361] Starting new session
2026-06-30 00:21:19.452199: W tensorflow/core/common_runtime/gpu/gpu_device.cc:2348] TensorFlow was not built with CUDA kernel binaries compatible with compute capability 9.0. CUDA kernels will be jit-compiled from PTX, which could take 30 minutes or longer.
2026-06-30 00:21:19.455029: I tensorflow/core/common_runtime/gpu/gpu_device.cc:1929] Created device /job:localhost/replica:0/task:0/device:GPU:0 with 92895 MB memory:  -> device: 0, name: NVIDIA H100 NVL, pci bus id: 0000:04:00.0, compute capability: 9.0
2026-06-30 00:21:19.900105: I tensorflow/core/grappler/devices.cc:66] Number of eligible GPUs (core count >= 8, compute capability >= 0.0): 1
2026-06-30 00:21:19.900177: I tensorflow/core/grappler/clusters/single_machine.cc:361] Starting new session
2026-06-30 00:21:19.904881: W tensorflow/core/common_runtime/gpu/gpu_device.cc:2348] TensorFlow was not built with CUDA kernel binaries compatible with compute capability 9.0. CUDA kernels will be jit-compiled from PTX, which could take 30 minutes or longer.
2026-06-30 00:21:19.907722: I tensorflow/core/common_runtime/gpu/gpu_device.cc:1929] Created device /job:localhost/replica:0/task:0/device:GPU:0 with 92895 MB memory:  -> device: 0, name: NVIDIA H100 NVL, pci bus id: 0000:04:00.0, compute capability: 9.0
2026-06-30 00:27:44.322277: I tensorflow/core/grappler/devices.cc:66] Number of eligible GPUs (core count >= 8, compute capability >= 0.0): 1
2026-06-30 00:27:44.322690: I tensorflow/core/grappler/clusters/single_machine.cc:361] Starting new session
2026-06-30 00:27:44.327167: W tensorflow/core/common_runtime/gpu/gpu_device.cc:2348] TensorFlow was not built with CUDA kernel binaries compatible with compute capability 9.0. CUDA kernels will be jit-compiled from PTX, which could take 30 minutes or longer.
2026-06-30 00:27:44.329982: I tensorflow/core/common_runtime/gpu/gpu_device.cc:1929] Created device /job:localhost/replica:0/task:0/device:GPU:0 with 92895 MB memory:  -> device: 0, name: NVIDIA H100 NVL, pci bus id: 0000:04:00.0, compute capability: 9.0
2026-06-30 00:27:44.734603: I tensorflow/core/grappler/devices.cc:66] Number of eligible GPUs (core count >= 8, compute capability >= 0.0): 1
2026-06-30 00:27:44.734671: I tensorflow/core/grappler/clusters/single_machine.cc:361] Starting new session
2026-06-30 00:27:44.739162: W tensorflow/core/common_runtime/gpu/gpu_device.cc:2348] TensorFlow was not built with CUDA kernel binaries compatible with compute capability 9.0. CUDA kernels will be jit-compiled from PTX, which could take 30 minutes or longer.
2026-06-30 00:27:44.741967: I tensorflow/core/common_runtime/gpu/gpu_device.cc:1929] Created device /job:localhost/replica:0/task:0/device:GPU:0 with 92895 MB memory:  -> device: 0, name: NVIDIA H100 NVL, pci bus id: 0000:04:00.0, compute capability: 9.0
2026-06-30 00:39:08.759401: I tensorflow/core/grappler/devices.cc:66] Number of eligible GPUs (core count >= 8, compute capability >= 0.0): 1
2026-06-30 00:39:08.759769: I tensorflow/core/grappler/clusters/single_machine.cc:361] Starting new session
2026-06-30 00:39:08.764264: W tensorflow/core/common_runtime/gpu/gpu_device.cc:2348] TensorFlow was not built with CUDA kernel binaries compatible with compute capability 9.0. CUDA kernels will be jit-compiled from PTX, which could take 30 minutes or longer.
2026-06-30 00:39:08.767101: I tensorflow/core/common_runtime/gpu/gpu_device.cc:1929] Created device /job:localhost/replica:0/task:0/device:GPU:0 with 92895 MB memory:  -> device: 0, name: NVIDIA H100 NVL, pci bus id: 0000:04:00.0, compute capability: 9.0
2026-06-30 00:46:32.813123: I tensorflow/core/grappler/devices.cc:66] Number of eligible GPUs (core count >= 8, compute capability >= 0.0): 1
2026-06-30 00:46:32.813568: I tensorflow/core/grappler/clusters/single_machine.cc:361] Starting new session
2026-06-30 00:46:32.818091: W tensorflow/core/common_runtime/gpu/gpu_device.cc:2348] TensorFlow was not built with CUDA kernel binaries compatible with compute capability 9.0. CUDA kernels will be jit-compiled from PTX, which could take 30 minutes or longer.
2026-06-30 00:46:32.820920: I tensorflow/core/common_runtime/gpu/gpu_device.cc:1929] Created device /job:localhost/replica:0/task:0/device:GPU:0 with 92895 MB memory:  -> device: 0, name: NVIDIA H100 NVL, pci bus id: 0000:04:00.0, compute capability: 9.0
2026-06-30 00:46:34.086437: I tensorflow/core/grappler/devices.cc:66] Number of eligible GPUs (core count >= 8, compute capability >= 0.0): 1
2026-06-30 00:46:34.086515: I tensorflow/core/grappler/clusters/single_machine.cc:361] Starting new session
2026-06-30 00:46:34.090986: W tensorflow/core/common_runtime/gpu/gpu_device.cc:2348] TensorFlow was not built with CUDA kernel binaries compatible with compute capability 9.0. CUDA kernels will be jit-compiled from PTX, which could take 30 minutes or longer.
2026-06-30 00:46:34.093809: I tensorflow/core/common_runtime/gpu/gpu_device.cc:1929] Created device /job:localhost/replica:0/task:0/device:GPU:0 with 92895 MB memory:  -> device: 0, name: NVIDIA H100 NVL, pci bus id: 0000:04:00.0, compute capability: 9.0
2026-06-30 00:50:58.015653: I external/local_xla/xla/service/service.cc:168] XLA service 0x7fb40df309c0 initialized for platform Host (this does not guarantee that XLA will be used). Devices:
2026-06-30 00:50:58.016060: I external/local_xla/xla/service/service.cc:176]   StreamExecutor device (0): Host, Default Version
2026-06-30 00:50:58.019378: I tensorflow/compiler/mlir/tensorflow/utils/dump_mlir_util.cc:269] disabling MLIR crash reproducer, set env var `MLIR_CRASH_REPRODUCER_DIRECTORY` to enable.
WARNING: All log messages before absl::InitializeLog() is called are written to STDERR
I0000 00:00:1782773458.037773  467171 device_compiler.h:186] Compiled cluster using XLA!  This line is logged at most once for the lifetime of the process.
2026-06-30 00:50:58.038755: E external/local_xla/xla/stream_executor/stream_executor_internal.h:177] SetPriority unimplemented for this stream.
2026-06-30 00:51:01.397607: I tensorflow/core/grappler/devices.cc:66] Number of eligible GPUs (core count >= 8, compute capability >= 0.0): 1
2026-06-30 00:51:01.397686: I tensorflow/core/grappler/clusters/single_machine.cc:361] Starting new session
2026-06-30 00:51:01.402161: W tensorflow/core/common_runtime/gpu/gpu_device.cc:2348] TensorFlow was not built with CUDA kernel binaries compatible with compute capability 9.0. CUDA kernels will be jit-compiled from PTX, which could take 30 minutes or longer.
2026-06-30 00:51:01.404969: I tensorflow/core/common_runtime/gpu/gpu_device.cc:1929] Created device /job:localhost/replica:0/task:0/device:GPU:0 with 92895 MB memory:  -> device: 0, name: NVIDIA H100 NVL, pci bus id: 0000:04:00.0, compute capability: 9.0
2026-06-30 00:51:05.140764: I tensorflow/core/grappler/devices.cc:66] Number of eligible GPUs (core count >= 8, compute capability >= 0.0): 1
2026-06-30 00:51:05.140837: I tensorflow/core/grappler/clusters/single_machine.cc:361] Starting new session
2026-06-30 00:51:05.145424: W tensorflow/core/common_runtime/gpu/gpu_device.cc:2348] TensorFlow was not built with CUDA kernel binaries compatible with compute capability 9.0. CUDA kernels will be jit-compiled from PTX, which could take 30 minutes or longer.
2026-06-30 00:51:05.148271: I tensorflow/core/common_runtime/gpu/gpu_device.cc:1929] Created device /job:localhost/replica:0/task:0/device:GPU:0 with 92895 MB memory:  -> device: 0, name: NVIDIA H100 NVL, pci bus id: 0000:04:00.0, compute capability: 9.0
2026-06-30 00:52:32.087392: I tensorflow/core/grappler/devices.cc:66] Number of eligible GPUs (core count >= 8, compute capability >= 0.0): 1
2026-06-30 00:52:32.087808: I tensorflow/core/grappler/clusters/single_machine.cc:361] Starting new session
2026-06-30 00:52:32.092361: W tensorflow/core/common_runtime/gpu/gpu_device.cc:2348] TensorFlow was not built with CUDA kernel binaries compatible with compute capability 9.0. CUDA kernels will be jit-compiled from PTX, which could take 30 minutes or longer.
2026-06-30 00:52:32.095179: I tensorflow/core/common_runtime/gpu/gpu_device.cc:1929] Created device /job:localhost/replica:0/task:0/device:GPU:0 with 92895 MB memory:  -> device: 0, name: NVIDIA H100 NVL, pci bus id: 0000:04:00.0, compute capability: 9.0
2026-06-30 00:55:59.366472: I tensorflow/core/grappler/devices.cc:66] Number of eligible GPUs (core count >= 8, compute capability >= 0.0): 1
2026-06-30 00:55:59.366865: I tensorflow/core/grappler/clusters/single_machine.cc:361] Starting new session
2026-06-30 00:55:59.371524: W tensorflow/core/common_runtime/gpu/gpu_device.cc:2348] TensorFlow was not built with CUDA kernel binaries compatible with compute capability 9.0. CUDA kernels will be jit-compiled from PTX, which could take 30 minutes or longer.
2026-06-30 00:55:59.374517: I tensorflow/core/common_runtime/gpu/gpu_device.cc:1929] Created device /job:localhost/replica:0/task:0/device:GPU:0 with 92895 MB memory:  -> device: 0, name: NVIDIA H100 NVL, pci bus id: 0000:04:00.0, compute capability: 9.0
2026-06-30 00:59:26.264896: I tensorflow/core/grappler/devices.cc:66] Number of eligible GPUs (core count >= 8, compute capability >= 0.0): 1
2026-06-30 00:59:26.265344: I tensorflow/core/grappler/clusters/single_machine.cc:361] Starting new session
2026-06-30 00:59:26.269918: W tensorflow/core/common_runtime/gpu/gpu_device.cc:2348] TensorFlow was not built with CUDA kernel binaries compatible with compute capability 9.0. CUDA kernels will be jit-compiled from PTX, which could take 30 minutes or longer.
2026-06-30 00:59:26.272874: I tensorflow/core/common_runtime/gpu/gpu_device.cc:1929] Created device /job:localhost/replica:0/task:0/device:GPU:0 with 92895 MB memory:  -> device: 0, name: NVIDIA H100 NVL, pci bus id: 0000:04:00.0, compute capability: 9.0
2026-06-30 01:00:53.210592: I tensorflow/core/grappler/devices.cc:66] Number of eligible GPUs (core count >= 8, compute capability >= 0.0): 1
2026-06-30 01:00:53.210981: I tensorflow/core/grappler/clusters/single_machine.cc:361] Starting new session
2026-06-30 01:00:53.215542: W tensorflow/core/common_runtime/gpu/gpu_device.cc:2348] TensorFlow was not built with CUDA kernel binaries compatible with compute capability 9.0. CUDA kernels will be jit-compiled from PTX, which could take 30 minutes or longer.
2026-06-30 01:00:53.218381: I tensorflow/core/common_runtime/gpu/gpu_device.cc:1929] Created device /job:localhost/replica:0/task:0/device:GPU:0 with 92895 MB memory:  -> device: 0, name: NVIDIA H100 NVL, pci bus id: 0000:04:00.0, compute capability: 9.0
2026-06-30 01:08:20.709528: I tensorflow/core/grappler/devices.cc:66] Number of eligible GPUs (core count >= 8, compute capability >= 0.0): 1
2026-06-30 01:08:20.709937: I tensorflow/core/grappler/clusters/single_machine.cc:361] Starting new session
2026-06-30 01:08:20.714515: W tensorflow/core/common_runtime/gpu/gpu_device.cc:2348] TensorFlow was not built with CUDA kernel binaries compatible with compute capability 9.0. CUDA kernels will be jit-compiled from PTX, which could take 30 minutes or longer.
2026-06-30 01:08:20.717324: I tensorflow/core/common_runtime/gpu/gpu_device.cc:1929] Created device /job:localhost/replica:0/task:0/device:GPU:0 with 92895 MB memory:  -> device: 0, name: NVIDIA H100 NVL, pci bus id: 0000:04:00.0, compute capability: 9.0
2026-06-30 01:10:47.694489: I tensorflow/core/grappler/devices.cc:66] Number of eligible GPUs (core count >= 8, compute capability >= 0.0): 1
2026-06-30 01:10:47.694903: I tensorflow/core/grappler/clusters/single_machine.cc:361] Starting new session
2026-06-30 01:10:47.699474: W tensorflow/core/common_runtime/gpu/gpu_device.cc:2348] TensorFlow was not built with CUDA kernel binaries compatible with compute capability 9.0. CUDA kernels will be jit-compiled from PTX, which could take 30 minutes or longer.
2026-06-30 01:10:47.702305: I tensorflow/core/common_runtime/gpu/gpu_device.cc:1929] Created device /job:localhost/replica:0/task:0/device:GPU:0 with 92895 MB memory:  -> device: 0, name: NVIDIA H100 NVL, pci bus id: 0000:04:00.0, compute capability: 9.0
2026-06-30 01:19:14.638529: I tensorflow/core/grappler/devices.cc:66] Number of eligible GPUs (core count >= 8, compute capability >= 0.0): 1
2026-06-30 01:19:14.638928: I tensorflow/core/grappler/clusters/single_machine.cc:361] Starting new session
2026-06-30 01:19:14.643493: W tensorflow/core/common_runtime/gpu/gpu_device.cc:2348] TensorFlow was not built with CUDA kernel binaries compatible with compute capability 9.0. CUDA kernels will be jit-compiled from PTX, which could take 30 minutes or longer.
2026-06-30 01:19:14.646318: I tensorflow/core/common_runtime/gpu/gpu_device.cc:1929] Created device /job:localhost/replica:0/task:0/device:GPU:0 with 92895 MB memory:  -> device: 0, name: NVIDIA H100 NVL, pci bus id: 0000:04:00.0, compute capability: 9.0
2026-06-30 01:29:42.323240: I tensorflow/core/grappler/devices.cc:66] Number of eligible GPUs (core count >= 8, compute capability >= 0.0): 1
2026-06-30 01:29:42.323644: I tensorflow/core/grappler/clusters/single_machine.cc:361] Starting new session
2026-06-30 01:29:42.328173: W tensorflow/core/common_runtime/gpu/gpu_device.cc:2348] TensorFlow was not built with CUDA kernel binaries compatible with compute capability 9.0. CUDA kernels will be jit-compiled from PTX, which could take 30 minutes or longer.
2026-06-30 01:29:42.330969: I tensorflow/core/common_runtime/gpu/gpu_device.cc:1929] Created device /job:localhost/replica:0/task:0/device:GPU:0 with 92895 MB memory:  -> device: 0, name: NVIDIA H100 NVL, pci bus id: 0000:04:00.0, compute capability: 9.0
2026-06-30 01:32:09.422896: I tensorflow/core/grappler/devices.cc:66] Number of eligible GPUs (core count >= 8, compute capability >= 0.0): 1
2026-06-30 01:32:09.423313: I tensorflow/core/grappler/clusters/single_machine.cc:361] Starting new session
2026-06-30 01:32:09.427884: W tensorflow/core/common_runtime/gpu/gpu_device.cc:2348] TensorFlow was not built with CUDA kernel binaries compatible with compute capability 9.0. CUDA kernels will be jit-compiled from PTX, which could take 30 minutes or longer.
2026-06-30 01:32:09.430700: I tensorflow/core/common_runtime/gpu/gpu_device.cc:1929] Created device /job:localhost/replica:0/task:0/device:GPU:0 with 92895 MB memory:  -> device: 0, name: NVIDIA H100 NVL, pci bus id: 0000:04:00.0, compute capability: 9.0
2026-06-30 01:42:36.467603: I tensorflow/core/grappler/devices.cc:66] Number of eligible GPUs (core count >= 8, compute capability >= 0.0): 1
2026-06-30 01:42:36.468008: I tensorflow/core/grappler/clusters/single_machine.cc:361] Starting new session
2026-06-30 01:42:36.472554: W tensorflow/core/common_runtime/gpu/gpu_device.cc:2348] TensorFlow was not built with CUDA kernel binaries compatible with compute capability 9.0. CUDA kernels will be jit-compiled from PTX, which could take 30 minutes or longer.
2026-06-30 01:42:36.475482: I tensorflow/core/common_runtime/gpu/gpu_device.cc:1929] Created device /job:localhost/replica:0/task:0/device:GPU:0 with 92895 MB memory:  -> device: 0, name: NVIDIA H100 NVL, pci bus id: 0000:04:00.0, compute capability: 9.0
2026-06-30 01:46:04.040770: I tensorflow/core/grappler/devices.cc:66] Number of eligible GPUs (core count >= 8, compute capability >= 0.0): 1
2026-06-30 01:46:04.041225: I tensorflow/core/grappler/clusters/single_machine.cc:361] Starting new session
2026-06-30 01:46:04.045755: W tensorflow/core/common_runtime/gpu/gpu_device.cc:2348] TensorFlow was not built with CUDA kernel binaries compatible with compute capability 9.0. CUDA kernels will be jit-compiled from PTX, which could take 30 minutes or longer.
2026-06-30 01:46:04.048538: I tensorflow/core/common_runtime/gpu/gpu_device.cc:1929] Created device /job:localhost/replica:0/task:0/device:GPU:0 with 92895 MB memory:  -> device: 0, name: NVIDIA H100 NVL, pci bus id: 0000:04:00.0, compute capability: 9.0
2026-06-30 01:49:31.068173: I tensorflow/core/grappler/devices.cc:66] Number of eligible GPUs (core count >= 8, compute capability >= 0.0): 1
2026-06-30 01:49:31.068585: I tensorflow/core/grappler/clusters/single_machine.cc:361] Starting new session
2026-06-30 01:49:31.073093: W tensorflow/core/common_runtime/gpu/gpu_device.cc:2348] TensorFlow was not built with CUDA kernel binaries compatible with compute capability 9.0. CUDA kernels will be jit-compiled from PTX, which could take 30 minutes or longer.
2026-06-30 01:49:31.075913: I tensorflow/core/common_runtime/gpu/gpu_device.cc:1929] Created device /job:localhost/replica:0/task:0/device:GPU:0 with 92895 MB memory:  -> device: 0, name: NVIDIA H100 NVL, pci bus id: 0000:04:00.0, compute capability: 9.0
2026-06-30 02:20:58.124457: I tensorflow/core/grappler/devices.cc:66] Number of eligible GPUs (core count >= 8, compute capability >= 0.0): 1
2026-06-30 02:20:58.124918: I tensorflow/core/grappler/clusters/single_machine.cc:361] Starting new session
2026-06-30 02:20:58.129459: W tensorflow/core/common_runtime/gpu/gpu_device.cc:2348] TensorFlow was not built with CUDA kernel binaries compatible with compute capability 9.0. CUDA kernels will be jit-compiled from PTX, which could take 30 minutes or longer.
2026-06-30 02:20:58.132290: I tensorflow/core/common_runtime/gpu/gpu_device.cc:1929] Created device /job:localhost/replica:0/task:0/device:GPU:0 with 92895 MB memory:  -> device: 0, name: NVIDIA H100 NVL, pci bus id: 0000:04:00.0, compute capability: 9.0
