BANANAS requeue array task 4/10
Dataset=cifar10 Seed=84
Completed before chunk: 0/1000
Chunk budget: 2 new evals, epochs=100
Result dir=results_BANANAS_requeue/bananas_cifar10_seed84_e1000_ep100
[exp_config] Created config.yaml at: /hpc/home/fresca/EDGE-DNNTuner/results_BANANAS_requeue/bananas_cifar10_seed84_e1000_ep100/config.yaml
50000 train samples
10000 test samples
Initialized NeuralNetwork with dataset. ROI mode: False
FLOPS module weight: 0.3

STARTING BANANAS BASELINE

[INFO] Resume requested, but no previous BANANAS history was found. Starting fresh.

--- BANANAS ITERATION 1 / 1000 ---
Chosen point: {'num_neurons': 4, 'unit_c1': 2, 'unit_c2': 1, 'dr_f': 0.14388958572096022, 'learning_rate': 0.0006656320045401266, 'batch_size': 64, 'optimizer': 'Adam', 'activation': 'relu', 'data_augmentation': False, 'reg_l2': False, 'skip_connection': False, 'new_fc_1': 31, 'new_fc_2': 8, 'new_fc_3': 0, 'new_fc_4': 29, 'new_fc_5': 4, 'new_fc_6': 4, 'new_fc_7': 23, 'new_fc_8': 18, 'new_fc_9': 2, 'new_fc_10': 23}
[94m
|  --> START TRAINING ITERATION 0[0m
[INFO] Flags -> DA: False, L2: False, Skip: False
Building model with input_shape=(32, 32, 3), pos_input_shape=None, layer_x_block=2
Model: "model"
_________________________________________________________________
 Layer (type)                Output Shape              Param #   
=================================================================
 input_1 (InputLayer)        [(None, 32, 32, 3)]       0         
                                                                 
 conv2d (Conv2D)             (None, 32, 32, 8)         224       
                                                                 
 activation (Activation)     (None, 32, 32, 8)         0         
                                                                 
 conv2d_1 (Conv2D)           (None, 32, 32, 8)         584       
                                                                 
 activation_1 (Activation)   (None, 32, 32, 8)         0         
                                                                 
 max_pooling2d (MaxPooling2  (None, 16, 16, 8)         0         
 D)                                                              
                                                                 
 conv2d_2 (Conv2D)           (None, 16, 16, 4)         292       
                                                                 
 activation_2 (Activation)   (None, 16, 16, 4)         0         
                                                                 
 conv2d_3 (Conv2D)           (None, 16, 16, 4)         148       
                                                                 
 activation_3 (Activation)   (None, 16, 16, 4)         0         
                                                                 
 max_pooling2d_1 (MaxPoolin  (None, 8, 8, 4)           0         
 g2D)                                                            
                                                                 
 flatten (Flatten)           (None, 256)               0         
                                                                 
 dense (Dense)               (None, 124)               31868     
                                                                 
 activation_4 (Activation)   (None, 124)               0         
                                                                 
 dropout (Dropout)           (None, 124)               0         
                                                                 
 dense_1 (Dense)             (None, 32)                4000      
                                                                 
 activation_5 (Activation)   (None, 32)                0         
                                                                 
 dropout_1 (Dropout)         (None, 32)                0         
                                                                 
 dense_2 (Dense)             (None, 116)               3828      
                                                                 
 activation_6 (Activation)   (None, 116)               0         
                                                                 
 dropout_2 (Dropout)         (None, 116)               0         
                                                                 
 dense_3 (Dense)             (None, 16)                1872      
                                                                 
 activation_7 (Activation)   (None, 16)                0         
                                                                 
 dropout_3 (Dropout)         (None, 16)                0         
                                                                 
 dense_4 (Dense)             (None, 16)                272       
                                                                 
 activation_8 (Activation)   (None, 16)                0         
                                                                 
 dropout_4 (Dropout)         (None, 16)                0         
                                                                 
 dense_5 (Dense)             (None, 92)                1564      
                                                                 
 activation_9 (Activation)   (None, 92)                0         
                                                                 
 dropout_5 (Dropout)         (None, 92)                0         
                                                                 
 dense_6 (Dense)             (None, 72)                6696      
                                                                 
 activation_10 (Activation)  (None, 72)                0         
                                                                 
 dropout_6 (Dropout)         (None, 72)                0         
                                                                 
 dense_7 (Dense)             (None, 8)                 584       
                                                                 
 activation_11 (Activation)  (None, 8)                 0         
                                                                 
 dropout_7 (Dropout)         (None, 8)                 0         
                                                                 
 dense_8 (Dense)             (None, 92)                828       
                                                                 
 activation_12 (Activation)  (None, 92)                0         
                                                                 
 dropout_8 (Dropout)         (None, 92)                0         
                                                                 
 dense_9 (Dense)             (None, 10)                930       
                                                                 
=================================================================
Total params: 53690 (209.73 KB)
Trainable params: 53690 (209.73 KB)
Non-trainable params: 0 (0.00 Byte)
_________________________________________________________________
Epoch 1/100
782/782 - 6s - loss: 2.1271 - accuracy: 0.1656 - val_loss: 2.0143 - val_accuracy: 0.2005 - 6s/epoch - 8ms/step
Epoch 2/100
782/782 - 3s - loss: 1.9246 - accuracy: 0.2028 - val_loss: 1.9082 - val_accuracy: 0.2307 - 3s/epoch - 4ms/step
Epoch 3/100
782/782 - 3s - loss: 1.8663 - accuracy: 0.2310 - val_loss: 1.8131 - val_accuracy: 0.2543 - 3s/epoch - 4ms/step
Epoch 4/100
782/782 - 3s - loss: 1.8284 - accuracy: 0.2552 - val_loss: 1.8123 - val_accuracy: 0.2921 - 3s/epoch - 4ms/step
Epoch 5/100
782/782 - 3s - loss: 1.7826 - accuracy: 0.2931 - val_loss: 1.7332 - val_accuracy: 0.3196 - 3s/epoch - 4ms/step
Epoch 6/100
782/782 - 3s - loss: 1.7153 - accuracy: 0.3291 - val_loss: 1.6834 - val_accuracy: 0.3294 - 3s/epoch - 4ms/step
Epoch 7/100
782/782 - 3s - loss: 1.6713 - accuracy: 0.3495 - val_loss: 1.6249 - val_accuracy: 0.3643 - 3s/epoch - 4ms/step
Epoch 8/100
782/782 - 3s - loss: 1.6408 - accuracy: 0.3659 - val_loss: 1.6427 - val_accuracy: 0.3719 - 3s/epoch - 4ms/step
Epoch 9/100
782/782 - 3s - loss: 1.6101 - accuracy: 0.3796 - val_loss: 1.6829 - val_accuracy: 0.3578 - 3s/epoch - 4ms/step
Epoch 10/100
782/782 - 3s - loss: 1.5743 - accuracy: 0.3985 - val_loss: 1.5433 - val_accuracy: 0.3970 - 3s/epoch - 4ms/step
Epoch 11/100
782/782 - 3s - loss: 1.5547 - accuracy: 0.4101 - val_loss: 1.5854 - val_accuracy: 0.3952 - 3s/epoch - 4ms/step
Epoch 12/100
782/782 - 3s - loss: 1.5207 - accuracy: 0.4247 - val_loss: 1.5673 - val_accuracy: 0.4099 - 3s/epoch - 4ms/step
Epoch 13/100
782/782 - 3s - loss: 1.5012 - accuracy: 0.4369 - val_loss: 1.5103 - val_accuracy: 0.4452 - 3s/epoch - 4ms/step
Epoch 14/100
782/782 - 3s - loss: 1.4765 - accuracy: 0.4468 - val_loss: 1.5626 - val_accuracy: 0.4280 - 3s/epoch - 4ms/step
Epoch 15/100
782/782 - 3s - loss: 1.4564 - accuracy: 0.4594 - val_loss: 1.4663 - val_accuracy: 0.4630 - 3s/epoch - 4ms/step
Epoch 16/100
782/782 - 3s - loss: 1.4376 - accuracy: 0.4670 - val_loss: 1.4616 - val_accuracy: 0.4691 - 3s/epoch - 4ms/step
Epoch 17/100
782/782 - 3s - loss: 1.4109 - accuracy: 0.4798 - val_loss: 1.4351 - val_accuracy: 0.4874 - 3s/epoch - 4ms/step
Epoch 18/100
782/782 - 3s - loss: 1.3981 - accuracy: 0.4850 - val_loss: 1.4250 - val_accuracy: 0.4884 - 3s/epoch - 3ms/step
Epoch 19/100
782/782 - 3s - loss: 1.3915 - accuracy: 0.4895 - val_loss: 1.3884 - val_accuracy: 0.4978 - 3s/epoch - 3ms/step
Epoch 20/100
782/782 - 3s - loss: 1.3701 - accuracy: 0.4992 - val_loss: 1.3936 - val_accuracy: 0.4936 - 3s/epoch - 3ms/step
Epoch 21/100
782/782 - 3s - loss: 1.3497 - accuracy: 0.5067 - val_loss: 1.3809 - val_accuracy: 0.4986 - 3s/epoch - 3ms/step
Epoch 22/100
782/782 - 3s - loss: 1.3547 - accuracy: 0.5056 - val_loss: 1.4585 - val_accuracy: 0.4686 - 3s/epoch - 3ms/step
Epoch 23/100
782/782 - 3s - loss: 1.3339 - accuracy: 0.5139 - val_loss: 1.4041 - val_accuracy: 0.4896 - 3s/epoch - 3ms/step
Epoch 24/100
782/782 - 3s - loss: 1.3155 - accuracy: 0.5207 - val_loss: 1.4338 - val_accuracy: 0.4873 - 3s/epoch - 3ms/step
Epoch 25/100
782/782 - 3s - loss: 1.3084 - accuracy: 0.5249 - val_loss: 1.3678 - val_accuracy: 0.5071 - 3s/epoch - 3ms/step
Epoch 26/100
782/782 - 3s - loss: 1.3074 - accuracy: 0.5265 - val_loss: 1.3789 - val_accuracy: 0.5038 - 3s/epoch - 3ms/step
Epoch 27/100
782/782 - 3s - loss: 1.2933 - accuracy: 0.5285 - val_loss: 1.4496 - val_accuracy: 0.4698 - 3s/epoch - 3ms/step
Epoch 28/100
782/782 - 3s - loss: 1.2905 - accuracy: 0.5335 - val_loss: 1.3594 - val_accuracy: 0.5064 - 3s/epoch - 3ms/step
Epoch 29/100
782/782 - 3s - loss: 1.2750 - accuracy: 0.5384 - val_loss: 1.3346 - val_accuracy: 0.5214 - 3s/epoch - 3ms/step
Epoch 30/100
782/782 - 3s - loss: 1.2745 - accuracy: 0.5388 - val_loss: 1.4105 - val_accuracy: 0.5066 - 3s/epoch - 3ms/step
Epoch 31/100
782/782 - 3s - loss: 1.2610 - accuracy: 0.5430 - val_loss: 1.4045 - val_accuracy: 0.4983 - 3s/epoch - 3ms/step
Epoch 32/100
782/782 - 3s - loss: 1.2616 - accuracy: 0.5430 - val_loss: 1.3531 - val_accuracy: 0.5080 - 3s/epoch - 3ms/step
Epoch 33/100
782/782 - 3s - loss: 1.2405 - accuracy: 0.5510 - val_loss: 1.3499 - val_accuracy: 0.5117 - 3s/epoch - 3ms/step
Epoch 34/100
782/782 - 3s - loss: 1.2326 - accuracy: 0.5558 - val_loss: 1.3400 - val_accuracy: 0.5200 - 3s/epoch - 3ms/step
Epoch 35/100
782/782 - 3s - loss: 1.2323 - accuracy: 0.5543 - val_loss: 1.3185 - val_accuracy: 0.5142 - 3s/epoch - 3ms/step
Epoch 36/100
782/782 - 3s - loss: 1.2251 - accuracy: 0.5610 - val_loss: 1.2877 - val_accuracy: 0.5424 - 3s/epoch - 3ms/step
Epoch 37/100
782/782 - 3s - loss: 1.2218 - accuracy: 0.5582 - val_loss: 1.2984 - val_accuracy: 0.5413 - 3s/epoch - 4ms/step
Epoch 38/100
782/782 - 3s - loss: 1.2171 - accuracy: 0.5631 - val_loss: 1.2898 - val_accuracy: 0.5406 - 3s/epoch - 3ms/step
Epoch 39/100
782/782 - 3s - loss: 1.2020 - accuracy: 0.5697 - val_loss: 1.3337 - val_accuracy: 0.5194 - 3s/epoch - 3ms/step
Epoch 40/100
782/782 - 3s - loss: 1.2001 - accuracy: 0.5706 - val_loss: 1.3720 - val_accuracy: 0.5068 - 3s/epoch - 3ms/step
Epoch 41/100
782/782 - 3s - loss: 1.1940 - accuracy: 0.5755 - val_loss: 1.2631 - val_accuracy: 0.5524 - 3s/epoch - 3ms/step
Epoch 42/100
782/782 - 3s - loss: 1.1901 - accuracy: 0.5745 - val_loss: 1.2977 - val_accuracy: 0.5415 - 3s/epoch - 3ms/step
Epoch 43/100
782/782 - 3s - loss: 1.1853 - accuracy: 0.5743 - val_loss: 1.3379 - val_accuracy: 0.5093 - 3s/epoch - 3ms/step
Epoch 44/100
782/782 - 3s - loss: 1.1808 - accuracy: 0.5762 - val_loss: 1.3074 - val_accuracy: 0.5323 - 3s/epoch - 3ms/step
Epoch 45/100
782/782 - 3s - loss: 1.1764 - accuracy: 0.5808 - val_loss: 1.3062 - val_accuracy: 0.5349 - 3s/epoch - 3ms/step
Epoch 46/100
782/782 - 3s - loss: 1.1722 - accuracy: 0.5824 - val_loss: 1.3894 - val_accuracy: 0.5186 - 3s/epoch - 3ms/step
Epoch 47/100
782/782 - 3s - loss: 1.1751 - accuracy: 0.5825 - val_loss: 1.3614 - val_accuracy: 0.5279 - 3s/epoch - 3ms/step
Epoch 48/100
782/782 - 3s - loss: 1.1574 - accuracy: 0.5883 - val_loss: 1.3196 - val_accuracy: 0.5257 - 3s/epoch - 3ms/step
Epoch 49/100
782/782 - 3s - loss: 1.1628 - accuracy: 0.5844 - val_loss: 1.3285 - val_accuracy: 0.5324 - 3s/epoch - 3ms/step
Epoch 50/100
782/782 - 3s - loss: 1.1507 - accuracy: 0.5894 - val_loss: 1.2838 - val_accuracy: 0.5476 - 3s/epoch - 3ms/step
Epoch 51/100
782/782 - 3s - loss: 1.1515 - accuracy: 0.5933 - val_loss: 1.3398 - val_accuracy: 0.5228 - 3s/epoch - 3ms/step
Epoch 52/100
782/782 - 3s - loss: 1.1435 - accuracy: 0.5937 - val_loss: 1.3076 - val_accuracy: 0.5415 - 3s/epoch - 3ms/step
Epoch 53/100
782/782 - 3s - loss: 1.1430 - accuracy: 0.5906 - val_loss: 1.3203 - val_accuracy: 0.5340 - 3s/epoch - 3ms/step
Epoch 54/100
782/782 - 3s - loss: 1.1324 - accuracy: 0.5953 - val_loss: 1.3063 - val_accuracy: 0.5321 - 3s/epoch - 3ms/step
Epoch 55/100
782/782 - 3s - loss: 1.1343 - accuracy: 0.5973 - val_loss: 1.2689 - val_accuracy: 0.5534 - 3s/epoch - 3ms/step
Epoch 56/100
782/782 - 3s - loss: 1.1255 - accuracy: 0.5969 - val_loss: 1.3157 - val_accuracy: 0.5395 - 3s/epoch - 3ms/step
Epoch 57/100
782/782 - 3s - loss: 1.1262 - accuracy: 0.5985 - val_loss: 1.2838 - val_accuracy: 0.5503 - 3s/epoch - 3ms/step
Epoch 58/100
782/782 - 3s - loss: 1.1240 - accuracy: 0.6008 - val_loss: 1.2991 - val_accuracy: 0.5487 - 3s/epoch - 3ms/step
Epoch 59/100
782/782 - 3s - loss: 1.1271 - accuracy: 0.6020 - val_loss: 1.2965 - val_accuracy: 0.5500 - 3s/epoch - 3ms/step
Epoch 60/100
782/782 - 3s - loss: 1.1072 - accuracy: 0.6033 - val_loss: 1.2994 - val_accuracy: 0.5523 - 3s/epoch - 3ms/step
Epoch 61/100
782/782 - 3s - loss: 1.1086 - accuracy: 0.6024 - val_loss: 1.2986 - val_accuracy: 0.5481 - 3s/epoch - 3ms/step
Epoch 62/100
782/782 - 3s - loss: 1.1149 - accuracy: 0.6019 - val_loss: 1.3091 - val_accuracy: 0.5408 - 3s/epoch - 3ms/step
Epoch 63/100
782/782 - 3s - loss: 1.1040 - accuracy: 0.6063 - val_loss: 1.2813 - val_accuracy: 0.5451 - 3s/epoch - 3ms/step
Epoch 64/100
782/782 - 3s - loss: 1.1238 - accuracy: 0.6037 - val_loss: 1.3058 - val_accuracy: 0.5348 - 3s/epoch - 3ms/step
Epoch 65/100
782/782 - 3s - loss: 1.0990 - accuracy: 0.6120 - val_loss: 1.2767 - val_accuracy: 0.5487 - 3s/epoch - 3ms/step
Epoch 66/100
782/782 - 3s - loss: 1.1056 - accuracy: 0.6101 - val_loss: 1.3018 - val_accuracy: 0.5419 - 3s/epoch - 3ms/step
Epoch 67/100
782/782 - 3s - loss: 1.0966 - accuracy: 0.6113 - val_loss: 1.2926 - val_accuracy: 0.5497 - 3s/epoch - 3ms/step
Epoch 68/100
782/782 - 3s - loss: 1.0880 - accuracy: 0.6133 - val_loss: 1.3106 - val_accuracy: 0.5482 - 3s/epoch - 3ms/step
Epoch 69/100
782/782 - 3s - loss: 1.0896 - accuracy: 0.6147 - val_loss: 1.2815 - val_accuracy: 0.5272 - 3s/epoch - 3ms/step
Epoch 70/100
782/782 - 3s - loss: 1.0861 - accuracy: 0.6135 - val_loss: 1.3245 - val_accuracy: 0.5406 - 3s/epoch - 3ms/step
Epoch 71/100
Restoring model weights from the end of the best epoch: 41.
782/782 - 3s - loss: 1.0822 - accuracy: 0.6162 - val_loss: 1.2729 - val_accuracy: 0.5574 - 3s/epoch - 3ms/step
Epoch 71: early stopping
313/313 - 1s - loss: 1.2631 - accuracy: 0.5524 - 546ms/epoch - 2ms/step

ACCURACY: 0.5523999929428101


SCORE: -0.682729587059967

[92m | MODULE VALUES ---------------------------------------------  |
 [0m
FLOPS: 1975204
PARAMS: 53690.0
[92m 
 | -----------------------------------------------------------  |
 [0m
[INFO] New Best Score: -0.6827 (Previous: 10000000000.0000)

--- BANANAS ITERATION 2 / 1000 ---
Chosen point: {'num_neurons': 32, 'unit_c1': 1, 'unit_c2': 3, 'dr_f': 0.2632058357740766, 'learning_rate': 0.0009087502909210277, 'batch_size': 16, 'optimizer': 'SGD', 'activation': 'swish', 'data_augmentation': True, 'reg_l2': True, 'skip_connection': True, 'new_fc_1': 0, 'new_fc_2': 3, 'new_fc_3': 30, 'new_fc_4': 3, 'new_fc_5': 27, 'new_fc_6': 20, 'new_fc_7': 29, 'new_fc_8': 24, 'new_fc_9': 28, 'new_fc_10': 16}
[94m
|  --> START TRAINING ITERATION 1[0m
[INFO] Flags -> DA: True, L2: True, Skip: True
Building model with input_shape=(32, 32, 3), pos_input_shape=None, layer_x_block=2
Model: "model"
__________________________________________________________________________________________________
 Layer (type)                Output Shape                 Param #   Connected to                  
==================================================================================================
 input_2 (InputLayer)        [(None, 32, 32, 3)]          0         []                            
                                                                                                  
 conv2d (Conv2D)             (None, 32, 32, 32)           896       ['input_2[0][0]']             
                                                                                                  
 activation (Activation)     (None, 32, 32, 32)           0         ['conv2d[1][0]']              
                                                                                                  
 conv2d_2 (Conv2D)           (None, 32, 32, 32)           128       ['input_2[0][0]']             
                                                                                                  
 conv2d_1 (Conv2D)           (None, 32, 32, 32)           9248      ['activation[1][0]']          
                                                                                                  
 add (Add)                   (None, 32, 32, 32)           0         ['conv2d_2[1][0]',            
                                                                     'conv2d_1[1][0]']            
                                                                                                  
 activation_1 (Activation)   (None, 32, 32, 32)           0         ['add[1][0]']                 
                                                                                                  
 max_pooling2d (MaxPooling2  (None, 16, 16, 32)           0         ['activation_1[1][0]']        
 D)                                                                                               
                                                                                                  
 conv2d_3 (Conv2D)           (None, 16, 16, 96)           27744     ['max_pooling2d[1][0]']       
                                                                                                  
 activation_2 (Activation)   (None, 16, 16, 96)           0         ['conv2d_3[1][0]']            
                                                                                                  
 conv2d_5 (Conv2D)           (None, 16, 16, 96)           3168      ['max_pooling2d[1][0]']       
                                                                                                  
 conv2d_4 (Conv2D)           (None, 16, 16, 96)           83040     ['activation_2[1][0]']        
                                                                                                  
 add_1 (Add)                 (None, 16, 16, 96)           0         ['conv2d_5[1][0]',            
                                                                     'conv2d_4[1][0]']            
                                                                                                  
 activation_3 (Activation)   (None, 16, 16, 96)           0         ['add_1[1][0]']               
                                                                                                  
 max_pooling2d_1 (MaxPoolin  (None, 8, 8, 96)             0         ['activation_3[1][0]']        
 g2D)                                                                                             
                                                                                                  
 flatten (Flatten)           (None, 6144)                 0         ['max_pooling2d_1[1][0]']     
                                                                                                  
 dense (Dense)               (None, 96)                   589920    ['flatten[1][0]']             
                                                                                                  
 activation_4 (Activation)   (None, 96)                   0         ['dense[1][0]']               
                                                                                                  
 dropout (Dropout)           (None, 96)                   0         ['activation_4[1][0]']        
                                                                                                  
 dense_1 (Dense)             (None, 960)                  93120     ['dropout[1][0]']             
                                                                                                  
 activation_5 (Activation)   (None, 960)                  0         ['dense_1[1][0]']             
                                                                                                  
 dropout_1 (Dropout)         (None, 960)                  0         ['activation_5[1][0]']        
                                                                                                  
 dense_2 (Dense)             (None, 96)                   92256     ['dropout_1[1][0]']           
                                                                                                  
 activation_6 (Activation)   (None, 96)                   0         ['dense_2[1][0]']             
                                                                                                  
 dropout_2 (Dropout)         (None, 96)                   0         ['activation_6[1][0]']        
                                                                                                  
 dense_3 (Dense)             (None, 864)                  83808     ['dropout_2[1][0]']           
                                                                                                  
 activation_7 (Activation)   (None, 864)                  0         ['dense_3[1][0]']             
                                                                                                  
 dropout_3 (Dropout)         (None, 864)                  0         ['activation_7[1][0]']        
                                                                                                  
 dense_4 (Dense)             (None, 640)                  553600    ['dropout_3[1][0]']           
                                                                                                  
 activation_8 (Activation)   (None, 640)                  0         ['dense_4[1][0]']             
                                                                                                  
 dropout_4 (Dropout)         (None, 640)                  0         ['activation_8[1][0]']        
                                                                                                  
 dense_5 (Dense)             (None, 928)                  594848    ['dropout_4[1][0]']           
                                                                                                  
 activation_9 (Activation)   (None, 928)                  0         ['dense_5[1][0]']             
                                                                                                  
 dropout_5 (Dropout)         (None, 928)                  0         ['activation_9[1][0]']        
                                                                                                  
 dense_6 (Dense)             (None, 768)                  713472    ['dropout_5[1][0]']           
                                                                                                  
 activation_10 (Activation)  (None, 768)                  0         ['dense_6[1][0]']             
                                                                                                  
 dropout_6 (Dropout)         (None, 768)                  0         ['activation_10[1][0]']       
                                                                                                  
 dense_7 (Dense)             (None, 896)                  689024    ['dropout_6[1][0]']           
                                                                                                  
 activation_11 (Activation)  (None, 896)                  0         ['dense_7[1][0]']             
                                                                                                  
 dropout_7 (Dropout)         (None, 896)                  0         ['activation_11[1][0]']       
                                                                                                  
 dense_8 (Dense)             (None, 512)                  459264    ['dropout_7[1][0]']           
                                                                                                  
 activation_12 (Activation)  (None, 512)                  0         ['dense_8[1][0]']             
                                                                                                  
 dropout_8 (Dropout)         (None, 512)                  0         ['activation_12[1][0]']       
                                                                                                  
 dense_9 (Dense)             (None, 10)                   5130      ['dropout_8[1][0]']           
                                                                                                  
==================================================================================================
Total params: 3998666 (15.25 MB)
Trainable params: 3998666 (15.25 MB)
Non-trainable params: 0 (0.00 Byte)
__________________________________________________________________________________________________
Epoch 1/100
3125/3125 - 17s - loss: 47.1897 - accuracy: 0.0978 - val_loss: 44.7688 - val_accuracy: 0.1000 - 17s/epoch - 5ms/step
Epoch 2/100
3125/3125 - 16s - loss: 42.5243 - accuracy: 0.0982 - val_loss: 40.3613 - val_accuracy: 0.1000 - 16s/epoch - 5ms/step
Epoch 3/100
3125/3125 - 13s - loss: 38.3558 - accuracy: 0.0984 - val_loss: 36.4230 - val_accuracy: 0.1000 - 13s/epoch - 4ms/step
Epoch 4/100
3125/3125 - 13s - loss: 34.6309 - accuracy: 0.0976 - val_loss: 32.9038 - val_accuracy: 0.1000 - 13s/epoch - 4ms/step
Epoch 5/100
3125/3125 - 13s - loss: 31.3022 - accuracy: 0.0957 - val_loss: 29.7585 - val_accuracy: 0.1000 - 13s/epoch - 4ms/step
Epoch 6/100
3125/3125 - 13s - loss: 28.3272 - accuracy: 0.0980 - val_loss: 26.9473 - val_accuracy: 0.1000 - 13s/epoch - 4ms/step
Epoch 7/100
3125/3125 - 13s - loss: 25.6679 - accuracy: 0.0970 - val_loss: 24.4346 - val_accuracy: 0.1000 - 13s/epoch - 4ms/step
Epoch 8/100
3125/3125 - 13s - loss: 23.2907 - accuracy: 0.0975 - val_loss: 22.1881 - val_accuracy: 0.1000 - 13s/epoch - 4ms/step
Epoch 9/100
3125/3125 - 13s - loss: 21.1653 - accuracy: 0.0969 - val_loss: 20.1795 - val_accuracy: 0.1000 - 13s/epoch - 4ms/step
Epoch 10/100
3125/3125 - 13s - loss: 19.2649 - accuracy: 0.0968 - val_loss: 18.3831 - val_accuracy: 0.1000 - 13s/epoch - 4ms/step
Epoch 11/100
3125/3125 - 13s - loss: 17.5653 - accuracy: 0.0966 - val_loss: 16.7766 - val_accuracy: 0.1000 - 13s/epoch - 4ms/step
Epoch 12/100
3125/3125 - 13s - loss: 16.0450 - accuracy: 0.0968 - val_loss: 15.3396 - val_accuracy: 0.1000 - 13s/epoch - 4ms/step
Epoch 13/100
3125/3125 - 13s - loss: 14.6850 - accuracy: 0.0969 - val_loss: 14.0537 - val_accuracy: 0.1000 - 13s/epoch - 4ms/step
Epoch 14/100
3125/3125 - 13s - loss: 13.4680 - accuracy: 0.0959 - val_loss: 12.9031 - val_accuracy: 0.1000 - 13s/epoch - 4ms/step
Epoch 15/100
3125/3125 - 13s - loss: 12.3788 - accuracy: 0.0965 - val_loss: 11.8731 - val_accuracy: 0.1000 - 13s/epoch - 4ms/step
Epoch 16/100
3125/3125 - 13s - loss: 11.4038 - accuracy: 0.0961 - val_loss: 10.9511 - val_accuracy: 0.1000 - 13s/epoch - 4ms/step
Epoch 17/100
3125/3125 - 13s - loss: 10.5308 - accuracy: 0.0961 - val_loss: 10.1254 - val_accuracy: 0.1000 - 13s/epoch - 4ms/step
Epoch 18/100
3125/3125 - 13s - loss: 9.7489 - accuracy: 0.0975 - val_loss: 9.3857 - val_accuracy: 0.1000 - 13s/epoch - 4ms/step
Epoch 19/100
3125/3125 - 13s - loss: 9.0484 - accuracy: 0.0984 - val_loss: 8.7229 - val_accuracy: 0.1000 - 13s/epoch - 4ms/step
Epoch 20/100
3125/3125 - 13s - loss: 8.4206 - accuracy: 0.0975 - val_loss: 8.1288 - val_accuracy: 0.1000 - 13s/epoch - 4ms/step
Epoch 21/100
3125/3125 - 13s - loss: 7.8577 - accuracy: 0.0990 - val_loss: 7.5961 - val_accuracy: 0.1000 - 13s/epoch - 4ms/step
Epoch 22/100
3125/3125 - 13s - loss: 7.3530 - accuracy: 0.0964 - val_loss: 7.1183 - val_accuracy: 0.1000 - 13s/epoch - 4ms/step
Epoch 23/100
3125/3125 - 13s - loss: 6.9002 - accuracy: 0.0974 - val_loss: 6.6896 - val_accuracy: 0.1000 - 13s/epoch - 4ms/step
Epoch 24/100
3125/3125 - 13s - loss: 6.4937 - accuracy: 0.0973 - val_loss: 6.3046 - val_accuracy: 0.1000 - 13s/epoch - 4ms/step
Epoch 25/100
3125/3125 - 13s - loss: 6.1288 - accuracy: 0.0971 - val_loss: 5.9589 - val_accuracy: 0.1000 - 13s/epoch - 4ms/step
Epoch 26/100
3125/3125 - 13s - loss: 5.8009 - accuracy: 0.0970 - val_loss: 5.6482 - val_accuracy: 0.1000 - 13s/epoch - 4ms/step
Epoch 27/100
3125/3125 - 13s - loss: 5.5061 - accuracy: 0.0983 - val_loss: 5.3689 - val_accuracy: 0.1000 - 13s/epoch - 4ms/step
Epoch 28/100
3125/3125 - 14s - loss: 5.2411 - accuracy: 0.0984 - val_loss: 5.1175 - val_accuracy: 0.1000 - 14s/epoch - 4ms/step
Epoch 29/100
3125/3125 - 13s - loss: 5.0025 - accuracy: 0.0957 - val_loss: 4.8913 - val_accuracy: 0.1000 - 13s/epoch - 4ms/step
Epoch 30/100
