BANANAS requeue array task 5/10
Dataset=cifar100 Seed=42
Completed before chunk: 0/1000
Chunk budget: 2 new evals, epochs=100
Result dir=results_BANANAS_requeue/bananas_cifar100_seed42_e1000_ep100
[exp_config] Created config.yaml at: /hpc/home/fresca/EDGE-DNNTuner/results_BANANAS_requeue/bananas_cifar100_seed42_e1000_ep100/config.yaml
50000 train samples
10000 test samples
Initialized NeuralNetwork with dataset. ROI mode: False
FLOPS module weight: 0.3

STARTING BANANAS BASELINE

[INFO] Resume requested, but no previous BANANAS history was found. Starting fresh.

--- BANANAS ITERATION 1 / 1000 ---
Chosen point: {'num_neurons': 8, 'unit_c1': 1, 'unit_c2': 7, 'dr_f': 0.3740371526513604, 'learning_rate': 0.000638792635777333, 'batch_size': 8, 'optimizer': 'Adam', 'activation': 'relu', 'data_augmentation': True, 'reg_l2': True, 'skip_connection': True, 'new_fc_1': 21, 'new_fc_2': 1, 'new_fc_3': 23, 'new_fc_4': 29, 'new_fc_5': 1, 'new_fc_6': 20, 'new_fc_7': 32, 'new_fc_8': 11, 'new_fc_9': 21, 'new_fc_10': 24}
[94m
|  --> START TRAINING ITERATION 0[0m
[INFO] Flags -> DA: True, L2: True, Skip: True
Building model with input_shape=(32, 32, 3), pos_input_shape=None, layer_x_block=2
Model: "model"
__________________________________________________________________________________________________
 Layer (type)                Output Shape                 Param #   Connected to                  
==================================================================================================
 input_2 (InputLayer)        [(None, 32, 32, 3)]          0         []                            
                                                                                                  
 conv2d (Conv2D)             (None, 32, 32, 8)            224       ['input_2[0][0]']             
                                                                                                  
 activation (Activation)     (None, 32, 32, 8)            0         ['conv2d[1][0]']              
                                                                                                  
 conv2d_2 (Conv2D)           (None, 32, 32, 8)            32        ['input_2[0][0]']             
                                                                                                  
 conv2d_1 (Conv2D)           (None, 32, 32, 8)            584       ['activation[1][0]']          
                                                                                                  
 add (Add)                   (None, 32, 32, 8)            0         ['conv2d_2[1][0]',            
                                                                     'conv2d_1[1][0]']            
                                                                                                  
 activation_1 (Activation)   (None, 32, 32, 8)            0         ['add[1][0]']                 
                                                                                                  
 max_pooling2d (MaxPooling2  (None, 16, 16, 8)            0         ['activation_1[1][0]']        
 D)                                                                                               
                                                                                                  
 conv2d_3 (Conv2D)           (None, 16, 16, 56)           4088      ['max_pooling2d[1][0]']       
                                                                                                  
 activation_2 (Activation)   (None, 16, 16, 56)           0         ['conv2d_3[1][0]']            
                                                                                                  
 conv2d_5 (Conv2D)           (None, 16, 16, 56)           504       ['max_pooling2d[1][0]']       
                                                                                                  
 conv2d_4 (Conv2D)           (None, 16, 16, 56)           28280     ['activation_2[1][0]']        
                                                                                                  
 add_1 (Add)                 (None, 16, 16, 56)           0         ['conv2d_5[1][0]',            
                                                                     'conv2d_4[1][0]']            
                                                                                                  
 activation_3 (Activation)   (None, 16, 16, 56)           0         ['add_1[1][0]']               
                                                                                                  
 max_pooling2d_1 (MaxPoolin  (None, 8, 8, 56)             0         ['activation_3[1][0]']        
 g2D)                                                                                             
                                                                                                  
 flatten (Flatten)           (None, 3584)                 0         ['max_pooling2d_1[1][0]']     
                                                                                                  
 dense (Dense)               (None, 168)                  602280    ['flatten[1][0]']             
                                                                                                  
 activation_4 (Activation)   (None, 168)                  0         ['dense[1][0]']               
                                                                                                  
 dropout (Dropout)           (None, 168)                  0         ['activation_4[1][0]']        
                                                                                                  
 dense_1 (Dense)             (None, 8)                    1352      ['dropout[1][0]']             
                                                                                                  
 activation_5 (Activation)   (None, 8)                    0         ['dense_1[1][0]']             
                                                                                                  
 dropout_1 (Dropout)         (None, 8)                    0         ['activation_5[1][0]']        
                                                                                                  
 dense_2 (Dense)             (None, 184)                  1656      ['dropout_1[1][0]']           
                                                                                                  
 activation_6 (Activation)   (None, 184)                  0         ['dense_2[1][0]']             
                                                                                                  
 dropout_2 (Dropout)         (None, 184)                  0         ['activation_6[1][0]']        
                                                                                                  
 dense_3 (Dense)             (None, 232)                  42920     ['dropout_2[1][0]']           
                                                                                                  
 activation_7 (Activation)   (None, 232)                  0         ['dense_3[1][0]']             
                                                                                                  
 dropout_3 (Dropout)         (None, 232)                  0         ['activation_7[1][0]']        
                                                                                                  
 dense_4 (Dense)             (None, 8)                    1864      ['dropout_3[1][0]']           
                                                                                                  
 activation_8 (Activation)   (None, 8)                    0         ['dense_4[1][0]']             
                                                                                                  
 dropout_4 (Dropout)         (None, 8)                    0         ['activation_8[1][0]']        
                                                                                                  
 dense_5 (Dense)             (None, 160)                  1440      ['dropout_4[1][0]']           
                                                                                                  
 activation_9 (Activation)   (None, 160)                  0         ['dense_5[1][0]']             
                                                                                                  
 dropout_5 (Dropout)         (None, 160)                  0         ['activation_9[1][0]']        
                                                                                                  
 dense_6 (Dense)             (None, 256)                  41216     ['dropout_5[1][0]']           
                                                                                                  
 activation_10 (Activation)  (None, 256)                  0         ['dense_6[1][0]']             
                                                                                                  
 dropout_6 (Dropout)         (None, 256)                  0         ['activation_10[1][0]']       
                                                                                                  
 dense_7 (Dense)             (None, 88)                   22616     ['dropout_6[1][0]']           
                                                                                                  
 activation_11 (Activation)  (None, 88)                   0         ['dense_7[1][0]']             
                                                                                                  
 dropout_7 (Dropout)         (None, 88)                   0         ['activation_11[1][0]']       
                                                                                                  
 dense_8 (Dense)             (None, 168)                  14952     ['dropout_7[1][0]']           
                                                                                                  
 activation_12 (Activation)  (None, 168)                  0         ['dense_8[1][0]']             
                                                                                                  
 dropout_8 (Dropout)         (None, 168)                  0         ['activation_12[1][0]']       
                                                                                                  
 dense_9 (Dense)             (None, 192)                  32448     ['dropout_8[1][0]']           
                                                                                                  
 activation_13 (Activation)  (None, 192)                  0         ['dense_9[1][0]']             
                                                                                                  
 dropout_9 (Dropout)         (None, 192)                  0         ['activation_13[1][0]']       
                                                                                                  
 dense_10 (Dense)            (None, 100)                  19300     ['dropout_9[1][0]']           
                                                                                                  
==================================================================================================
Total params: 815756 (3.11 MB)
Trainable params: 815756 (3.11 MB)
Non-trainable params: 0 (0.00 Byte)
__________________________________________________________________________________________________
Epoch 1/100
