Using the latest cached version of the dataset since uoft-cs/cifar10 couldn't be found on the Hugging Face Hub (offline mode is enabled).
Found the latest cached dataset configuration 'plain_text' at /hpc/home/fresca/.cache/huggingface/datasets/uoft-cs___cifar10/plain_text/0.0.0/0b2714987fa478483af9968de7c934580d0bb9a2 (last modified on Wed Jun 24 10:14:50 2026).
2026-06-26 00:25:03.209056: I tensorflow/core/util/port.cc:113] oneDNN custom operations are on. You may see slightly different numerical results due to floating-point round-off errors from different computation orders. To turn them off, set the environment variable `TF_ENABLE_ONEDNN_OPTS=0`.
2026-06-26 00:25:03.231166: E external/local_xla/xla/stream_executor/cuda/cuda_dnn.cc:9261] Unable to register cuDNN factory: Attempting to register factory for plugin cuDNN when one has already been registered
2026-06-26 00:25:03.231203: E external/local_xla/xla/stream_executor/cuda/cuda_fft.cc:607] Unable to register cuFFT factory: Attempting to register factory for plugin cuFFT when one has already been registered
2026-06-26 00:25:03.231871: E external/local_xla/xla/stream_executor/cuda/cuda_blas.cc:1515] Unable to register cuBLAS factory: Attempting to register factory for plugin cuBLAS when one has already been registered
2026-06-26 00:25:03.235438: I tensorflow/core/platform/cpu_feature_guard.cc:182] This TensorFlow binary is optimized to use available CPU instructions in performance-critical operations.
To enable the following instructions: AVX2 AVX512F AVX512_VNNI AVX512_BF16 FMA, in other operations, rebuild TensorFlow with the appropriate compiler flags.
2026-06-26 00:25:04.498250: W tensorflow/compiler/tf2tensorrt/utils/py_utils.cc:38] TF-TRT Warning: Could not find TensorRT
2026-06-26 00:25:06.677616: W tensorflow/core/common_runtime/gpu/gpu_device.cc:2348] TensorFlow was not built with CUDA kernel binaries compatible with compute capability 9.0. CUDA kernels will be jit-compiled from PTX, which could take 30 minutes or longer.
2026-06-26 00:25:06.685650: W tensorflow/core/common_runtime/gpu/gpu_device.cc:2348] TensorFlow was not built with CUDA kernel binaries compatible with compute capability 9.0. CUDA kernels will be jit-compiled from PTX, which could take 30 minutes or longer.
2026-06-26 00:25:06.829616: I tensorflow/core/common_runtime/gpu/gpu_device.cc:1929] Created device /job:localhost/replica:0/task:0/device:GPU:0 with 92895 MB memory:  -> device: 0, name: NVIDIA H100 NVL, pci bus id: 0000:04:00.0, compute capability: 9.0
2026-06-26 00:25:07.327936: I tensorflow/core/grappler/devices.cc:66] Number of eligible GPUs (core count >= 8, compute capability >= 0.0): 1
2026-06-26 00:25:07.328041: I tensorflow/core/grappler/clusters/single_machine.cc:361] Starting new session
2026-06-26 00:25:07.332813: W tensorflow/core/common_runtime/gpu/gpu_device.cc:2348] TensorFlow was not built with CUDA kernel binaries compatible with compute capability 9.0. CUDA kernels will be jit-compiled from PTX, which could take 30 minutes or longer.
2026-06-26 00:25:07.335654: I tensorflow/core/common_runtime/gpu/gpu_device.cc:1929] Created device /job:localhost/replica:0/task:0/device:GPU:0 with 92895 MB memory:  -> device: 0, name: NVIDIA H100 NVL, pci bus id: 0000:04:00.0, compute capability: 9.0
WARNING:tensorflow:From /hpc/home/fresca/.conda/envs/edge-dnntuner-bananas/lib/python3.10/site-packages/tensorflow/python/ops/nn_ops.py:5256: tensor_shape_from_node_def_name (from tensorflow.python.framework.graph_util_impl) is deprecated and will be removed in a future version.
Instructions for updating:
This API was designed for TensorFlow v1. See https://www.tensorflow.org/guide/migrate for instructions on how to migrate your code to TensorFlow v2.
2026-06-26 00:25:08.906250: I external/local_xla/xla/stream_executor/cuda/cuda_dnn.cc:454] Loaded cuDNN version 8904
2026-06-26 00:26:31.552208: I tensorflow/core/grappler/devices.cc:66] Number of eligible GPUs (core count >= 8, compute capability >= 0.0): 1
2026-06-26 00:26:31.552574: I tensorflow/core/grappler/clusters/single_machine.cc:361] Starting new session
2026-06-26 00:26:31.557099: W tensorflow/core/common_runtime/gpu/gpu_device.cc:2348] TensorFlow was not built with CUDA kernel binaries compatible with compute capability 9.0. CUDA kernels will be jit-compiled from PTX, which could take 30 minutes or longer.
2026-06-26 00:26:31.559931: I tensorflow/core/common_runtime/gpu/gpu_device.cc:1929] Created device /job:localhost/replica:0/task:0/device:GPU:0 with 92895 MB memory:  -> device: 0, name: NVIDIA H100 NVL, pci bus id: 0000:04:00.0, compute capability: 9.0
2026-06-26 00:27:55.434560: I tensorflow/core/grappler/devices.cc:66] Number of eligible GPUs (core count >= 8, compute capability >= 0.0): 1
2026-06-26 00:27:55.434934: I tensorflow/core/grappler/clusters/single_machine.cc:361] Starting new session
2026-06-26 00:27:55.439506: W tensorflow/core/common_runtime/gpu/gpu_device.cc:2348] TensorFlow was not built with CUDA kernel binaries compatible with compute capability 9.0. CUDA kernels will be jit-compiled from PTX, which could take 30 minutes or longer.
2026-06-26 00:27:55.442333: I tensorflow/core/common_runtime/gpu/gpu_device.cc:1929] Created device /job:localhost/replica:0/task:0/device:GPU:0 with 92895 MB memory:  -> device: 0, name: NVIDIA H100 NVL, pci bus id: 0000:04:00.0, compute capability: 9.0
2026-06-26 00:32:19.711496: I tensorflow/core/grappler/devices.cc:66] Number of eligible GPUs (core count >= 8, compute capability >= 0.0): 1
2026-06-26 00:32:19.711972: I tensorflow/core/grappler/clusters/single_machine.cc:361] Starting new session
2026-06-26 00:32:19.716543: W tensorflow/core/common_runtime/gpu/gpu_device.cc:2348] TensorFlow was not built with CUDA kernel binaries compatible with compute capability 9.0. CUDA kernels will be jit-compiled from PTX, which could take 30 minutes or longer.
2026-06-26 00:32:19.719373: I tensorflow/core/common_runtime/gpu/gpu_device.cc:1929] Created device /job:localhost/replica:0/task:0/device:GPU:0 with 92895 MB memory:  -> device: 0, name: NVIDIA H100 NVL, pci bus id: 0000:04:00.0, compute capability: 9.0
2026-06-26 00:32:20.169873: I tensorflow/core/grappler/devices.cc:66] Number of eligible GPUs (core count >= 8, compute capability >= 0.0): 1
2026-06-26 00:32:20.169949: I tensorflow/core/grappler/clusters/single_machine.cc:361] Starting new session
2026-06-26 00:32:20.174466: W tensorflow/core/common_runtime/gpu/gpu_device.cc:2348] TensorFlow was not built with CUDA kernel binaries compatible with compute capability 9.0. CUDA kernels will be jit-compiled from PTX, which could take 30 minutes or longer.
2026-06-26 00:32:20.177282: I tensorflow/core/common_runtime/gpu/gpu_device.cc:1929] Created device /job:localhost/replica:0/task:0/device:GPU:0 with 92895 MB memory:  -> device: 0, name: NVIDIA H100 NVL, pci bus id: 0000:04:00.0, compute capability: 9.0
2026-06-26 00:36:44.680318: I tensorflow/core/grappler/devices.cc:66] Number of eligible GPUs (core count >= 8, compute capability >= 0.0): 1
2026-06-26 00:36:44.680755: I tensorflow/core/grappler/clusters/single_machine.cc:361] Starting new session
2026-06-26 00:36:44.685301: W tensorflow/core/common_runtime/gpu/gpu_device.cc:2348] TensorFlow was not built with CUDA kernel binaries compatible with compute capability 9.0. CUDA kernels will be jit-compiled from PTX, which could take 30 minutes or longer.
2026-06-26 00:36:44.688124: I tensorflow/core/common_runtime/gpu/gpu_device.cc:1929] Created device /job:localhost/replica:0/task:0/device:GPU:0 with 92895 MB memory:  -> device: 0, name: NVIDIA H100 NVL, pci bus id: 0000:04:00.0, compute capability: 9.0
2026-06-26 00:36:45.095764: I tensorflow/core/grappler/devices.cc:66] Number of eligible GPUs (core count >= 8, compute capability >= 0.0): 1
2026-06-26 00:36:45.095840: I tensorflow/core/grappler/clusters/single_machine.cc:361] Starting new session
2026-06-26 00:36:45.100376: W tensorflow/core/common_runtime/gpu/gpu_device.cc:2348] TensorFlow was not built with CUDA kernel binaries compatible with compute capability 9.0. CUDA kernels will be jit-compiled from PTX, which could take 30 minutes or longer.
2026-06-26 00:36:45.103196: I tensorflow/core/common_runtime/gpu/gpu_device.cc:1929] Created device /job:localhost/replica:0/task:0/device:GPU:0 with 92895 MB memory:  -> device: 0, name: NVIDIA H100 NVL, pci bus id: 0000:04:00.0, compute capability: 9.0
2026-06-26 00:44:09.170522: I tensorflow/core/grappler/devices.cc:66] Number of eligible GPUs (core count >= 8, compute capability >= 0.0): 1
2026-06-26 00:44:09.170916: I tensorflow/core/grappler/clusters/single_machine.cc:361] Starting new session
2026-06-26 00:44:09.175448: W tensorflow/core/common_runtime/gpu/gpu_device.cc:2348] TensorFlow was not built with CUDA kernel binaries compatible with compute capability 9.0. CUDA kernels will be jit-compiled from PTX, which could take 30 minutes or longer.
2026-06-26 00:44:09.178288: I tensorflow/core/common_runtime/gpu/gpu_device.cc:1929] Created device /job:localhost/replica:0/task:0/device:GPU:0 with 92895 MB memory:  -> device: 0, name: NVIDIA H100 NVL, pci bus id: 0000:04:00.0, compute capability: 9.0
2026-06-26 00:48:33.253639: I tensorflow/core/grappler/devices.cc:66] Number of eligible GPUs (core count >= 8, compute capability >= 0.0): 1
2026-06-26 00:48:33.254080: I tensorflow/core/grappler/clusters/single_machine.cc:361] Starting new session
2026-06-26 00:48:33.258591: W tensorflow/core/common_runtime/gpu/gpu_device.cc:2348] TensorFlow was not built with CUDA kernel binaries compatible with compute capability 9.0. CUDA kernels will be jit-compiled from PTX, which could take 30 minutes or longer.
2026-06-26 00:48:33.261432: I tensorflow/core/common_runtime/gpu/gpu_device.cc:1929] Created device /job:localhost/replica:0/task:0/device:GPU:0 with 92895 MB memory:  -> device: 0, name: NVIDIA H100 NVL, pci bus id: 0000:04:00.0, compute capability: 9.0
2026-06-26 00:48:34.554620: I tensorflow/core/grappler/devices.cc:66] Number of eligible GPUs (core count >= 8, compute capability >= 0.0): 1
2026-06-26 00:48:34.554691: I tensorflow/core/grappler/clusters/single_machine.cc:361] Starting new session
2026-06-26 00:48:34.559335: W tensorflow/core/common_runtime/gpu/gpu_device.cc:2348] TensorFlow was not built with CUDA kernel binaries compatible with compute capability 9.0. CUDA kernels will be jit-compiled from PTX, which could take 30 minutes or longer.
2026-06-26 00:48:34.562972: I tensorflow/core/common_runtime/gpu/gpu_device.cc:1929] Created device /job:localhost/replica:0/task:0/device:GPU:0 with 92895 MB memory:  -> device: 0, name: NVIDIA H100 NVL, pci bus id: 0000:04:00.0, compute capability: 9.0
2026-06-26 00:50:58.541140: I external/local_xla/xla/service/service.cc:168] XLA service 0x5580659a8cb0 initialized for platform Host (this does not guarantee that XLA will be used). Devices:
2026-06-26 00:50:58.541496: I external/local_xla/xla/service/service.cc:176]   StreamExecutor device (0): Host, Default Version
2026-06-26 00:50:58.544884: I tensorflow/compiler/mlir/tensorflow/utils/dump_mlir_util.cc:269] disabling MLIR crash reproducer, set env var `MLIR_CRASH_REPRODUCER_DIRECTORY` to enable.
WARNING: All log messages before absl::InitializeLog() is called are written to STDERR
I0000 00:00:1782427858.563592  249007 device_compiler.h:186] Compiled cluster using XLA!  This line is logged at most once for the lifetime of the process.
2026-06-26 00:50:58.564542: E external/local_xla/xla/stream_executor/stream_executor_internal.h:177] SetPriority unimplemented for this stream.
2026-06-26 00:51:01.911827: I tensorflow/core/grappler/devices.cc:66] Number of eligible GPUs (core count >= 8, compute capability >= 0.0): 1
2026-06-26 00:51:01.911896: I tensorflow/core/grappler/clusters/single_machine.cc:361] Starting new session
2026-06-26 00:51:01.916413: W tensorflow/core/common_runtime/gpu/gpu_device.cc:2348] TensorFlow was not built with CUDA kernel binaries compatible with compute capability 9.0. CUDA kernels will be jit-compiled from PTX, which could take 30 minutes or longer.
2026-06-26 00:51:01.919289: I tensorflow/core/common_runtime/gpu/gpu_device.cc:1929] Created device /job:localhost/replica:0/task:0/device:GPU:0 with 92895 MB memory:  -> device: 0, name: NVIDIA H100 NVL, pci bus id: 0000:04:00.0, compute capability: 9.0
2026-06-26 00:51:05.667096: I tensorflow/core/grappler/devices.cc:66] Number of eligible GPUs (core count >= 8, compute capability >= 0.0): 1
2026-06-26 00:51:05.667174: I tensorflow/core/grappler/clusters/single_machine.cc:361] Starting new session
2026-06-26 00:51:05.671707: W tensorflow/core/common_runtime/gpu/gpu_device.cc:2348] TensorFlow was not built with CUDA kernel binaries compatible with compute capability 9.0. CUDA kernels will be jit-compiled from PTX, which could take 30 minutes or longer.
2026-06-26 00:51:05.674536: I tensorflow/core/common_runtime/gpu/gpu_device.cc:1929] Created device /job:localhost/replica:0/task:0/device:GPU:0 with 92895 MB memory:  -> device: 0, name: NVIDIA H100 NVL, pci bus id: 0000:04:00.0, compute capability: 9.0
2026-06-26 00:52:32.760995: I tensorflow/core/grappler/devices.cc:66] Number of eligible GPUs (core count >= 8, compute capability >= 0.0): 1
2026-06-26 00:52:32.761430: I tensorflow/core/grappler/clusters/single_machine.cc:361] Starting new session
2026-06-26 00:52:32.765990: W tensorflow/core/common_runtime/gpu/gpu_device.cc:2348] TensorFlow was not built with CUDA kernel binaries compatible with compute capability 9.0. CUDA kernels will be jit-compiled from PTX, which could take 30 minutes or longer.
2026-06-26 00:52:32.768810: I tensorflow/core/common_runtime/gpu/gpu_device.cc:1929] Created device /job:localhost/replica:0/task:0/device:GPU:0 with 92895 MB memory:  -> device: 0, name: NVIDIA H100 NVL, pci bus id: 0000:04:00.0, compute capability: 9.0
2026-06-26 00:54:00.168097: I tensorflow/core/grappler/devices.cc:66] Number of eligible GPUs (core count >= 8, compute capability >= 0.0): 1
2026-06-26 00:54:00.168578: I tensorflow/core/grappler/clusters/single_machine.cc:361] Starting new session
2026-06-26 00:54:00.173111: W tensorflow/core/common_runtime/gpu/gpu_device.cc:2348] TensorFlow was not built with CUDA kernel binaries compatible with compute capability 9.0. CUDA kernels will be jit-compiled from PTX, which could take 30 minutes or longer.
2026-06-26 00:54:00.175939: I tensorflow/core/common_runtime/gpu/gpu_device.cc:1929] Created device /job:localhost/replica:0/task:0/device:GPU:0 with 92895 MB memory:  -> device: 0, name: NVIDIA H100 NVL, pci bus id: 0000:04:00.0, compute capability: 9.0
2026-06-26 00:55:27.164657: I tensorflow/core/grappler/devices.cc:66] Number of eligible GPUs (core count >= 8, compute capability >= 0.0): 1
2026-06-26 00:55:27.165098: I tensorflow/core/grappler/clusters/single_machine.cc:361] Starting new session
2026-06-26 00:55:27.169659: W tensorflow/core/common_runtime/gpu/gpu_device.cc:2348] TensorFlow was not built with CUDA kernel binaries compatible with compute capability 9.0. CUDA kernels will be jit-compiled from PTX, which could take 30 minutes or longer.
2026-06-26 00:55:27.172469: I tensorflow/core/common_runtime/gpu/gpu_device.cc:1929] Created device /job:localhost/replica:0/task:0/device:GPU:0 with 92895 MB memory:  -> device: 0, name: NVIDIA H100 NVL, pci bus id: 0000:04:00.0, compute capability: 9.0
2026-06-26 00:56:54.232548: I tensorflow/core/grappler/devices.cc:66] Number of eligible GPUs (core count >= 8, compute capability >= 0.0): 1
2026-06-26 00:56:54.232959: I tensorflow/core/grappler/clusters/single_machine.cc:361] Starting new session
2026-06-26 00:56:54.237521: W tensorflow/core/common_runtime/gpu/gpu_device.cc:2348] TensorFlow was not built with CUDA kernel binaries compatible with compute capability 9.0. CUDA kernels will be jit-compiled from PTX, which could take 30 minutes or longer.
2026-06-26 00:56:54.240359: I tensorflow/core/common_runtime/gpu/gpu_device.cc:1929] Created device /job:localhost/replica:0/task:0/device:GPU:0 with 92895 MB memory:  -> device: 0, name: NVIDIA H100 NVL, pci bus id: 0000:04:00.0, compute capability: 9.0
2026-06-26 01:00:21.910251: I tensorflow/core/grappler/devices.cc:66] Number of eligible GPUs (core count >= 8, compute capability >= 0.0): 1
2026-06-26 01:00:21.910678: I tensorflow/core/grappler/clusters/single_machine.cc:361] Starting new session
2026-06-26 01:00:21.915239: W tensorflow/core/common_runtime/gpu/gpu_device.cc:2348] TensorFlow was not built with CUDA kernel binaries compatible with compute capability 9.0. CUDA kernels will be jit-compiled from PTX, which could take 30 minutes or longer.
2026-06-26 01:00:21.918113: I tensorflow/core/common_runtime/gpu/gpu_device.cc:1929] Created device /job:localhost/replica:0/task:0/device:GPU:0 with 92895 MB memory:  -> device: 0, name: NVIDIA H100 NVL, pci bus id: 0000:04:00.0, compute capability: 9.0
2026-06-26 01:01:49.025621: I tensorflow/core/grappler/devices.cc:66] Number of eligible GPUs (core count >= 8, compute capability >= 0.0): 1
2026-06-26 01:01:49.026053: I tensorflow/core/grappler/clusters/single_machine.cc:361] Starting new session
2026-06-26 01:01:49.030621: W tensorflow/core/common_runtime/gpu/gpu_device.cc:2348] TensorFlow was not built with CUDA kernel binaries compatible with compute capability 9.0. CUDA kernels will be jit-compiled from PTX, which could take 30 minutes or longer.
2026-06-26 01:01:49.033468: I tensorflow/core/common_runtime/gpu/gpu_device.cc:1929] Created device /job:localhost/replica:0/task:0/device:GPU:0 with 92895 MB memory:  -> device: 0, name: NVIDIA H100 NVL, pci bus id: 0000:04:00.0, compute capability: 9.0
2026-06-26 01:04:16.051177: I tensorflow/core/grappler/devices.cc:66] Number of eligible GPUs (core count >= 8, compute capability >= 0.0): 1
2026-06-26 01:04:16.051616: I tensorflow/core/grappler/clusters/single_machine.cc:361] Starting new session
2026-06-26 01:04:16.056177: W tensorflow/core/common_runtime/gpu/gpu_device.cc:2348] TensorFlow was not built with CUDA kernel binaries compatible with compute capability 9.0. CUDA kernels will be jit-compiled from PTX, which could take 30 minutes or longer.
2026-06-26 01:04:16.059018: I tensorflow/core/common_runtime/gpu/gpu_device.cc:1929] Created device /job:localhost/replica:0/task:0/device:GPU:0 with 92895 MB memory:  -> device: 0, name: NVIDIA H100 NVL, pci bus id: 0000:04:00.0, compute capability: 9.0
2026-06-26 01:11:43.927433: I tensorflow/core/grappler/devices.cc:66] Number of eligible GPUs (core count >= 8, compute capability >= 0.0): 1
2026-06-26 01:11:43.927875: I tensorflow/core/grappler/clusters/single_machine.cc:361] Starting new session
2026-06-26 01:11:43.932447: W tensorflow/core/common_runtime/gpu/gpu_device.cc:2348] TensorFlow was not built with CUDA kernel binaries compatible with compute capability 9.0. CUDA kernels will be jit-compiled from PTX, which could take 30 minutes or longer.
2026-06-26 01:11:43.935291: I tensorflow/core/common_runtime/gpu/gpu_device.cc:1929] Created device /job:localhost/replica:0/task:0/device:GPU:0 with 92895 MB memory:  -> device: 0, name: NVIDIA H100 NVL, pci bus id: 0000:04:00.0, compute capability: 9.0
2026-06-26 01:13:11.119300: I tensorflow/core/grappler/devices.cc:66] Number of eligible GPUs (core count >= 8, compute capability >= 0.0): 1
2026-06-26 01:13:11.119742: I tensorflow/core/grappler/clusters/single_machine.cc:361] Starting new session
2026-06-26 01:13:11.124322: W tensorflow/core/common_runtime/gpu/gpu_device.cc:2348] TensorFlow was not built with CUDA kernel binaries compatible with compute capability 9.0. CUDA kernels will be jit-compiled from PTX, which could take 30 minutes or longer.
2026-06-26 01:13:11.127192: I tensorflow/core/common_runtime/gpu/gpu_device.cc:1929] Created device /job:localhost/replica:0/task:0/device:GPU:0 with 92895 MB memory:  -> device: 0, name: NVIDIA H100 NVL, pci bus id: 0000:04:00.0, compute capability: 9.0
2026-06-26 01:20:38.299288: I tensorflow/core/grappler/devices.cc:66] Number of eligible GPUs (core count >= 8, compute capability >= 0.0): 1
2026-06-26 01:20:38.299710: I tensorflow/core/grappler/clusters/single_machine.cc:361] Starting new session
2026-06-26 01:20:38.304219: W tensorflow/core/common_runtime/gpu/gpu_device.cc:2348] TensorFlow was not built with CUDA kernel binaries compatible with compute capability 9.0. CUDA kernels will be jit-compiled from PTX, which could take 30 minutes or longer.
2026-06-26 01:20:38.307065: I tensorflow/core/common_runtime/gpu/gpu_device.cc:1929] Created device /job:localhost/replica:0/task:0/device:GPU:0 with 92895 MB memory:  -> device: 0, name: NVIDIA H100 NVL, pci bus id: 0000:04:00.0, compute capability: 9.0
slurmstepd: error: *** JOB 105866 ON gnode01 CANCELLED AT 2026-06-26T01:20:45 ***
