Using the latest cached version of the dataset since uoft-cs/cifar100 couldn't be found on the Hugging Face Hub (offline mode is enabled).
Found the latest cached dataset configuration 'cifar100' at /hpc/home/fresca/.cache/huggingface/datasets/uoft-cs___cifar100/cifar100/0.0.0/aadb3af77e9048adbea6b47c21a81e47dd092ae5 (last modified on Wed Jun 24 10:15:16 2026).
2026-07-01 19:13:00.308697: I tensorflow/core/util/port.cc:113] oneDNN custom operations are on. You may see slightly different numerical results due to floating-point round-off errors from different computation orders. To turn them off, set the environment variable `TF_ENABLE_ONEDNN_OPTS=0`.
2026-07-01 19:13:00.331153: E external/local_xla/xla/stream_executor/cuda/cuda_dnn.cc:9261] Unable to register cuDNN factory: Attempting to register factory for plugin cuDNN when one has already been registered
2026-07-01 19:13:00.331190: E external/local_xla/xla/stream_executor/cuda/cuda_fft.cc:607] Unable to register cuFFT factory: Attempting to register factory for plugin cuFFT when one has already been registered
2026-07-01 19:13:00.331768: E external/local_xla/xla/stream_executor/cuda/cuda_blas.cc:1515] Unable to register cuBLAS factory: Attempting to register factory for plugin cuBLAS when one has already been registered
2026-07-01 19:13:00.335281: I tensorflow/core/platform/cpu_feature_guard.cc:182] This TensorFlow binary is optimized to use available CPU instructions in performance-critical operations.
To enable the following instructions: AVX2 AVX512F AVX512_VNNI AVX512_BF16 FMA, in other operations, rebuild TensorFlow with the appropriate compiler flags.
2026-07-01 19:13:01.685095: W tensorflow/compiler/tf2tensorrt/utils/py_utils.cc:38] TF-TRT Warning: Could not find TensorRT
2026-07-01 19:13:03.795238: W tensorflow/core/common_runtime/gpu/gpu_device.cc:2348] TensorFlow was not built with CUDA kernel binaries compatible with compute capability 9.0. CUDA kernels will be jit-compiled from PTX, which could take 30 minutes or longer.
2026-07-01 19:13:03.800060: W tensorflow/core/common_runtime/gpu/gpu_device.cc:2348] TensorFlow was not built with CUDA kernel binaries compatible with compute capability 9.0. CUDA kernels will be jit-compiled from PTX, which could take 30 minutes or longer.
2026-07-01 19:13:03.907361: I tensorflow/core/common_runtime/gpu/gpu_device.cc:1929] Created device /job:localhost/replica:0/task:0/device:GPU:0 with 20237 MB memory:  -> device: 0, name: NVIDIA H100 NVL MIG 1g.22gb, pci bus id: 0000:03:00.0, compute capability: 9.0
2026-07-01 19:13:04.487950: I external/local_xla/xla/service/service.cc:168] XLA service 0x55ba89983d50 initialized for platform Host (this does not guarantee that XLA will be used). Devices:
2026-07-01 19:13:04.487984: I external/local_xla/xla/service/service.cc:176]   StreamExecutor device (0): Host, Default Version
2026-07-01 19:13:04.491234: I tensorflow/compiler/mlir/tensorflow/utils/dump_mlir_util.cc:269] disabling MLIR crash reproducer, set env var `MLIR_CRASH_REPRODUCER_DIRECTORY` to enable.
WARNING: All log messages before absl::InitializeLog() is called are written to STDERR
I0000 00:00:1782925984.513512  231552 device_compiler.h:186] Compiled cluster using XLA!  This line is logged at most once for the lifetime of the process.
2026-07-01 19:13:04.514482: E external/local_xla/xla/stream_executor/stream_executor_internal.h:177] SetPriority unimplemented for this stream.
2026-07-01 19:13:08.176936: I tensorflow/core/grappler/devices.cc:66] Number of eligible GPUs (core count >= 8, compute capability >= 0.0): 1
2026-07-01 19:13:08.177012: I tensorflow/core/grappler/clusters/single_machine.cc:361] Starting new session
2026-07-01 19:13:08.181874: W tensorflow/core/common_runtime/gpu/gpu_device.cc:2348] TensorFlow was not built with CUDA kernel binaries compatible with compute capability 9.0. CUDA kernels will be jit-compiled from PTX, which could take 30 minutes or longer.
2026-07-01 19:13:08.186152: I tensorflow/core/common_runtime/gpu/gpu_device.cc:1929] Created device /job:localhost/replica:0/task:0/device:GPU:0 with 20237 MB memory:  -> device: 0, name: NVIDIA H100 NVL MIG 1g.22gb, pci bus id: 0000:03:00.0, compute capability: 9.0
WARNING:tensorflow:From /hpc/home/fresca/.conda/envs/edge-dnntuner-bananas/lib/python3.10/site-packages/tensorflow/python/ops/nn_ops.py:5256: tensor_shape_from_node_def_name (from tensorflow.python.framework.graph_util_impl) is deprecated and will be removed in a future version.
Instructions for updating:
This API was designed for TensorFlow v1. See https://www.tensorflow.org/guide/migrate for instructions on how to migrate your code to TensorFlow v2.
2026-07-01 19:13:10.358368: I external/local_xla/xla/stream_executor/cuda/cuda_dnn.cc:454] Loaded cuDNN version 8904
2026-07-01 19:19:36.693862: I tensorflow/core/grappler/devices.cc:66] Number of eligible GPUs (core count >= 8, compute capability >= 0.0): 1
2026-07-01 19:19:36.694251: I tensorflow/core/grappler/clusters/single_machine.cc:361] Starting new session
2026-07-01 19:19:36.699095: W tensorflow/core/common_runtime/gpu/gpu_device.cc:2348] TensorFlow was not built with CUDA kernel binaries compatible with compute capability 9.0. CUDA kernels will be jit-compiled from PTX, which could take 30 minutes or longer.
2026-07-01 19:19:36.702115: I tensorflow/core/common_runtime/gpu/gpu_device.cc:1929] Created device /job:localhost/replica:0/task:0/device:GPU:0 with 20237 MB memory:  -> device: 0, name: NVIDIA H100 NVL MIG 1g.22gb, pci bus id: 0000:03:00.0, compute capability: 9.0
2026-07-01 19:34:04.089681: I tensorflow/core/grappler/devices.cc:66] Number of eligible GPUs (core count >= 8, compute capability >= 0.0): 1
2026-07-01 19:34:04.090084: I tensorflow/core/grappler/clusters/single_machine.cc:361] Starting new session
2026-07-01 19:34:04.094873: W tensorflow/core/common_runtime/gpu/gpu_device.cc:2348] TensorFlow was not built with CUDA kernel binaries compatible with compute capability 9.0. CUDA kernels will be jit-compiled from PTX, which could take 30 minutes or longer.
2026-07-01 19:34:04.097904: I tensorflow/core/common_runtime/gpu/gpu_device.cc:1929] Created device /job:localhost/replica:0/task:0/device:GPU:0 with 20237 MB memory:  -> device: 0, name: NVIDIA H100 NVL MIG 1g.22gb, pci bus id: 0000:03:00.0, compute capability: 9.0
2026-07-01 19:40:32.055399: I tensorflow/core/grappler/devices.cc:66] Number of eligible GPUs (core count >= 8, compute capability >= 0.0): 1
2026-07-01 19:40:32.055855: I tensorflow/core/grappler/clusters/single_machine.cc:361] Starting new session
2026-07-01 19:40:32.060714: W tensorflow/core/common_runtime/gpu/gpu_device.cc:2348] TensorFlow was not built with CUDA kernel binaries compatible with compute capability 9.0. CUDA kernels will be jit-compiled from PTX, which could take 30 minutes or longer.
2026-07-01 19:40:32.063775: I tensorflow/core/common_runtime/gpu/gpu_device.cc:1929] Created device /job:localhost/replica:0/task:0/device:GPU:0 with 20237 MB memory:  -> device: 0, name: NVIDIA H100 NVL MIG 1g.22gb, pci bus id: 0000:03:00.0, compute capability: 9.0
2026-07-01 19:58:59.879107: I tensorflow/core/grappler/devices.cc:66] Number of eligible GPUs (core count >= 8, compute capability >= 0.0): 1
2026-07-01 19:58:59.879536: I tensorflow/core/grappler/clusters/single_machine.cc:361] Starting new session
2026-07-01 19:58:59.884994: W tensorflow/core/common_runtime/gpu/gpu_device.cc:2348] TensorFlow was not built with CUDA kernel binaries compatible with compute capability 9.0. CUDA kernels will be jit-compiled from PTX, which could take 30 minutes or longer.
2026-07-01 19:58:59.888545: I tensorflow/core/common_runtime/gpu/gpu_device.cc:1929] Created device /job:localhost/replica:0/task:0/device:GPU:0 with 20237 MB memory:  -> device: 0, name: NVIDIA H100 NVL MIG 1g.22gb, pci bus id: 0000:03:00.0, compute capability: 9.0
2026-07-01 20:15:27.119180: I tensorflow/core/grappler/devices.cc:66] Number of eligible GPUs (core count >= 8, compute capability >= 0.0): 1
2026-07-01 20:15:27.119678: I tensorflow/core/grappler/clusters/single_machine.cc:361] Starting new session
2026-07-01 20:15:27.124686: W tensorflow/core/common_runtime/gpu/gpu_device.cc:2348] TensorFlow was not built with CUDA kernel binaries compatible with compute capability 9.0. CUDA kernels will be jit-compiled from PTX, which could take 30 minutes or longer.
2026-07-01 20:15:27.128956: I tensorflow/core/common_runtime/gpu/gpu_device.cc:1929] Created device /job:localhost/replica:0/task:0/device:GPU:0 with 20237 MB memory:  -> device: 0, name: NVIDIA H100 NVL MIG 1g.22gb, pci bus id: 0000:03:00.0, compute capability: 9.0
2026-07-01 20:45:55.658627: I tensorflow/core/grappler/devices.cc:66] Number of eligible GPUs (core count >= 8, compute capability >= 0.0): 1
2026-07-01 20:45:55.659018: I tensorflow/core/grappler/clusters/single_machine.cc:361] Starting new session
2026-07-01 20:45:55.664212: W tensorflow/core/common_runtime/gpu/gpu_device.cc:2348] TensorFlow was not built with CUDA kernel binaries compatible with compute capability 9.0. CUDA kernels will be jit-compiled from PTX, which could take 30 minutes or longer.
2026-07-01 20:45:55.667469: I tensorflow/core/common_runtime/gpu/gpu_device.cc:1929] Created device /job:localhost/replica:0/task:0/device:GPU:0 with 20237 MB memory:  -> device: 0, name: NVIDIA H100 NVL MIG 1g.22gb, pci bus id: 0000:03:00.0, compute capability: 9.0
2026-07-01 20:51:23.500830: I tensorflow/core/grappler/devices.cc:66] Number of eligible GPUs (core count >= 8, compute capability >= 0.0): 1
2026-07-01 20:51:23.501219: I tensorflow/core/grappler/clusters/single_machine.cc:361] Starting new session
2026-07-01 20:51:23.506524: W tensorflow/core/common_runtime/gpu/gpu_device.cc:2348] TensorFlow was not built with CUDA kernel binaries compatible with compute capability 9.0. CUDA kernels will be jit-compiled from PTX, which could take 30 minutes or longer.
2026-07-01 20:51:23.509916: I tensorflow/core/common_runtime/gpu/gpu_device.cc:1929] Created device /job:localhost/replica:0/task:0/device:GPU:0 with 20237 MB memory:  -> device: 0, name: NVIDIA H100 NVL MIG 1g.22gb, pci bus id: 0000:03:00.0, compute capability: 9.0
2026-07-01 21:11:51.036113: I tensorflow/core/grappler/devices.cc:66] Number of eligible GPUs (core count >= 8, compute capability >= 0.0): 1
2026-07-01 21:11:51.036570: I tensorflow/core/grappler/clusters/single_machine.cc:361] Starting new session
2026-07-01 21:11:51.041776: W tensorflow/core/common_runtime/gpu/gpu_device.cc:2348] TensorFlow was not built with CUDA kernel binaries compatible with compute capability 9.0. CUDA kernels will be jit-compiled from PTX, which could take 30 minutes or longer.
2026-07-01 21:11:51.045053: I tensorflow/core/common_runtime/gpu/gpu_device.cc:1929] Created device /job:localhost/replica:0/task:0/device:GPU:0 with 20237 MB memory:  -> device: 0, name: NVIDIA H100 NVL MIG 1g.22gb, pci bus id: 0000:03:00.0, compute capability: 9.0
2026-07-01 21:27:19.156567: I tensorflow/core/grappler/devices.cc:66] Number of eligible GPUs (core count >= 8, compute capability >= 0.0): 1
2026-07-01 21:27:19.156961: I tensorflow/core/grappler/clusters/single_machine.cc:361] Starting new session
2026-07-01 21:27:19.162149: W tensorflow/core/common_runtime/gpu/gpu_device.cc:2348] TensorFlow was not built with CUDA kernel binaries compatible with compute capability 9.0. CUDA kernels will be jit-compiled from PTX, which could take 30 minutes or longer.
2026-07-01 21:27:19.165312: I tensorflow/core/common_runtime/gpu/gpu_device.cc:1929] Created device /job:localhost/replica:0/task:0/device:GPU:0 with 20237 MB memory:  -> device: 0, name: NVIDIA H100 NVL MIG 1g.22gb, pci bus id: 0000:03:00.0, compute capability: 9.0
2026-07-01 21:32:46.603712: I tensorflow/core/grappler/devices.cc:66] Number of eligible GPUs (core count >= 8, compute capability >= 0.0): 1
2026-07-01 21:32:46.604094: I tensorflow/core/grappler/clusters/single_machine.cc:361] Starting new session
2026-07-01 21:32:46.609337: W tensorflow/core/common_runtime/gpu/gpu_device.cc:2348] TensorFlow was not built with CUDA kernel binaries compatible with compute capability 9.0. CUDA kernels will be jit-compiled from PTX, which could take 30 minutes or longer.
2026-07-01 21:32:46.612451: I tensorflow/core/common_runtime/gpu/gpu_device.cc:1929] Created device /job:localhost/replica:0/task:0/device:GPU:0 with 20237 MB memory:  -> device: 0, name: NVIDIA H100 NVL MIG 1g.22gb, pci bus id: 0000:03:00.0, compute capability: 9.0
2026-07-01 21:37:13.977802: I tensorflow/core/grappler/devices.cc:66] Number of eligible GPUs (core count >= 8, compute capability >= 0.0): 1
2026-07-01 21:37:13.978250: I tensorflow/core/grappler/clusters/single_machine.cc:361] Starting new session
2026-07-01 21:37:13.984704: W tensorflow/core/common_runtime/gpu/gpu_device.cc:2348] TensorFlow was not built with CUDA kernel binaries compatible with compute capability 9.0. CUDA kernels will be jit-compiled from PTX, which could take 30 minutes or longer.
2026-07-01 21:37:13.988233: I tensorflow/core/common_runtime/gpu/gpu_device.cc:1929] Created device /job:localhost/replica:0/task:0/device:GPU:0 with 20237 MB memory:  -> device: 0, name: NVIDIA H100 NVL MIG 1g.22gb, pci bus id: 0000:03:00.0, compute capability: 9.0
2026-07-01 21:53:42.131381: I tensorflow/core/grappler/devices.cc:66] Number of eligible GPUs (core count >= 8, compute capability >= 0.0): 1
2026-07-01 21:53:42.131825: I tensorflow/core/grappler/clusters/single_machine.cc:361] Starting new session
2026-07-01 21:53:42.136974: W tensorflow/core/common_runtime/gpu/gpu_device.cc:2348] TensorFlow was not built with CUDA kernel binaries compatible with compute capability 9.0. CUDA kernels will be jit-compiled from PTX, which could take 30 minutes or longer.
2026-07-01 21:53:42.140090: I tensorflow/core/common_runtime/gpu/gpu_device.cc:1929] Created device /job:localhost/replica:0/task:0/device:GPU:0 with 20237 MB memory:  -> device: 0, name: NVIDIA H100 NVL MIG 1g.22gb, pci bus id: 0000:03:00.0, compute capability: 9.0
2026-07-01 22:32:10.007600: I tensorflow/core/grappler/devices.cc:66] Number of eligible GPUs (core count >= 8, compute capability >= 0.0): 1
2026-07-01 22:32:10.008044: I tensorflow/core/grappler/clusters/single_machine.cc:361] Starting new session
2026-07-01 22:32:10.012883: W tensorflow/core/common_runtime/gpu/gpu_device.cc:2348] TensorFlow was not built with CUDA kernel binaries compatible with compute capability 9.0. CUDA kernels will be jit-compiled from PTX, which could take 30 minutes or longer.
2026-07-01 22:32:10.015880: I tensorflow/core/common_runtime/gpu/gpu_device.cc:1929] Created device /job:localhost/replica:0/task:0/device:GPU:0 with 20237 MB memory:  -> device: 0, name: NVIDIA H100 NVL MIG 1g.22gb, pci bus id: 0000:03:00.0, compute capability: 9.0
2026-07-01 22:55:37.078066: I tensorflow/core/grappler/devices.cc:66] Number of eligible GPUs (core count >= 8, compute capability >= 0.0): 1
2026-07-01 22:55:37.078446: I tensorflow/core/grappler/clusters/single_machine.cc:361] Starting new session
2026-07-01 22:55:37.083241: W tensorflow/core/common_runtime/gpu/gpu_device.cc:2348] TensorFlow was not built with CUDA kernel binaries compatible with compute capability 9.0. CUDA kernels will be jit-compiled from PTX, which could take 30 minutes or longer.
2026-07-01 22:55:37.086229: I tensorflow/core/common_runtime/gpu/gpu_device.cc:1929] Created device /job:localhost/replica:0/task:0/device:GPU:0 with 20237 MB memory:  -> device: 0, name: NVIDIA H100 NVL MIG 1g.22gb, pci bus id: 0000:03:00.0, compute capability: 9.0
2026-07-01 23:01:06.829491: I tensorflow/core/grappler/devices.cc:66] Number of eligible GPUs (core count >= 8, compute capability >= 0.0): 1
2026-07-01 23:01:06.829912: I tensorflow/core/grappler/clusters/single_machine.cc:361] Starting new session
2026-07-01 23:01:06.834751: W tensorflow/core/common_runtime/gpu/gpu_device.cc:2348] TensorFlow was not built with CUDA kernel binaries compatible with compute capability 9.0. CUDA kernels will be jit-compiled from PTX, which could take 30 minutes or longer.
2026-07-01 23:01:06.837763: I tensorflow/core/common_runtime/gpu/gpu_device.cc:1929] Created device /job:localhost/replica:0/task:0/device:GPU:0 with 20237 MB memory:  -> device: 0, name: NVIDIA H100 NVL MIG 1g.22gb, pci bus id: 0000:03:00.0, compute capability: 9.0
2026-07-01 23:08:36.352575: I tensorflow/core/grappler/devices.cc:66] Number of eligible GPUs (core count >= 8, compute capability >= 0.0): 1
2026-07-01 23:08:36.352978: I tensorflow/core/grappler/clusters/single_machine.cc:361] Starting new session
2026-07-01 23:08:36.357824: W tensorflow/core/common_runtime/gpu/gpu_device.cc:2348] TensorFlow was not built with CUDA kernel binaries compatible with compute capability 9.0. CUDA kernels will be jit-compiled from PTX, which could take 30 minutes or longer.
2026-07-01 23:08:36.360972: I tensorflow/core/common_runtime/gpu/gpu_device.cc:1929] Created device /job:localhost/replica:0/task:0/device:GPU:0 with 20237 MB memory:  -> device: 0, name: NVIDIA H100 NVL MIG 1g.22gb, pci bus id: 0000:03:00.0, compute capability: 9.0
2026-07-01 23:27:05.437354: I tensorflow/core/grappler/devices.cc:66] Number of eligible GPUs (core count >= 8, compute capability >= 0.0): 1
2026-07-01 23:27:05.437772: I tensorflow/core/grappler/clusters/single_machine.cc:361] Starting new session
2026-07-01 23:27:05.442582: W tensorflow/core/common_runtime/gpu/gpu_device.cc:2348] TensorFlow was not built with CUDA kernel binaries compatible with compute capability 9.0. CUDA kernels will be jit-compiled from PTX, which could take 30 minutes or longer.
2026-07-01 23:27:05.445577: I tensorflow/core/common_runtime/gpu/gpu_device.cc:1929] Created device /job:localhost/replica:0/task:0/device:GPU:0 with 20237 MB memory:  -> device: 0, name: NVIDIA H100 NVL MIG 1g.22gb, pci bus id: 0000:03:00.0, compute capability: 9.0
2026-07-01 23:38:34.376870: I tensorflow/core/grappler/devices.cc:66] Number of eligible GPUs (core count >= 8, compute capability >= 0.0): 1
2026-07-01 23:38:34.377282: I tensorflow/core/grappler/clusters/single_machine.cc:361] Starting new session
2026-07-01 23:38:34.382133: W tensorflow/core/common_runtime/gpu/gpu_device.cc:2348] TensorFlow was not built with CUDA kernel binaries compatible with compute capability 9.0. CUDA kernels will be jit-compiled from PTX, which could take 30 minutes or longer.
2026-07-01 23:38:34.385114: I tensorflow/core/common_runtime/gpu/gpu_device.cc:1929] Created device /job:localhost/replica:0/task:0/device:GPU:0 with 20237 MB memory:  -> device: 0, name: NVIDIA H100 NVL MIG 1g.22gb, pci bus id: 0000:03:00.0, compute capability: 9.0
2026-07-02 00:12:03.991373: I tensorflow/core/grappler/devices.cc:66] Number of eligible GPUs (core count >= 8, compute capability >= 0.0): 1
2026-07-02 00:12:03.991728: I tensorflow/core/grappler/clusters/single_machine.cc:361] Starting new session
2026-07-02 00:12:03.996891: W tensorflow/core/common_runtime/gpu/gpu_device.cc:2348] TensorFlow was not built with CUDA kernel binaries compatible with compute capability 9.0. CUDA kernels will be jit-compiled from PTX, which could take 30 minutes or longer.
2026-07-02 00:12:04.000131: I tensorflow/core/common_runtime/gpu/gpu_device.cc:1929] Created device /job:localhost/replica:0/task:0/device:GPU:0 with 20237 MB memory:  -> device: 0, name: NVIDIA H100 NVL MIG 1g.22gb, pci bus id: 0000:03:00.0, compute capability: 9.0
2026-07-02 00:24:33.231881: I tensorflow/core/grappler/devices.cc:66] Number of eligible GPUs (core count >= 8, compute capability >= 0.0): 1
2026-07-02 00:24:33.232305: I tensorflow/core/grappler/clusters/single_machine.cc:361] Starting new session
2026-07-02 00:24:33.237149: W tensorflow/core/common_runtime/gpu/gpu_device.cc:2348] TensorFlow was not built with CUDA kernel binaries compatible with compute capability 9.0. CUDA kernels will be jit-compiled from PTX, which could take 30 minutes or longer.
2026-07-02 00:24:33.240173: I tensorflow/core/common_runtime/gpu/gpu_device.cc:1929] Created device /job:localhost/replica:0/task:0/device:GPU:0 with 20237 MB memory:  -> device: 0, name: NVIDIA H100 NVL MIG 1g.22gb, pci bus id: 0000:03:00.0, compute capability: 9.0
2026-07-02 00:37:02.152556: I tensorflow/core/grappler/devices.cc:66] Number of eligible GPUs (core count >= 8, compute capability >= 0.0): 1
2026-07-02 00:37:02.152938: I tensorflow/core/grappler/clusters/single_machine.cc:361] Starting new session
2026-07-02 00:37:02.157802: W tensorflow/core/common_runtime/gpu/gpu_device.cc:2348] TensorFlow was not built with CUDA kernel binaries compatible with compute capability 9.0. CUDA kernels will be jit-compiled from PTX, which could take 30 minutes or longer.
2026-07-02 00:37:02.160962: I tensorflow/core/common_runtime/gpu/gpu_device.cc:1929] Created device /job:localhost/replica:0/task:0/device:GPU:0 with 20237 MB memory:  -> device: 0, name: NVIDIA H100 NVL MIG 1g.22gb, pci bus id: 0000:03:00.0, compute capability: 9.0
2026-07-02 01:13:31.194551: I tensorflow/core/grappler/devices.cc:66] Number of eligible GPUs (core count >= 8, compute capability >= 0.0): 1
2026-07-02 01:13:31.194890: I tensorflow/core/grappler/clusters/single_machine.cc:361] Starting new session
2026-07-02 01:13:31.199697: W tensorflow/core/common_runtime/gpu/gpu_device.cc:2348] TensorFlow was not built with CUDA kernel binaries compatible with compute capability 9.0. CUDA kernels will be jit-compiled from PTX, which could take 30 minutes or longer.
2026-07-02 01:13:31.202728: I tensorflow/core/common_runtime/gpu/gpu_device.cc:1929] Created device /job:localhost/replica:0/task:0/device:GPU:0 with 20237 MB memory:  -> device: 0, name: NVIDIA H100 NVL MIG 1g.22gb, pci bus id: 0000:03:00.0, compute capability: 9.0
2026-07-02 01:19:00.158415: I tensorflow/core/grappler/devices.cc:66] Number of eligible GPUs (core count >= 8, compute capability >= 0.0): 1
2026-07-02 01:19:00.158762: I tensorflow/core/grappler/clusters/single_machine.cc:361] Starting new session
2026-07-02 01:19:00.163655: W tensorflow/core/common_runtime/gpu/gpu_device.cc:2348] TensorFlow was not built with CUDA kernel binaries compatible with compute capability 9.0. CUDA kernels will be jit-compiled from PTX, which could take 30 minutes or longer.
2026-07-02 01:19:00.166670: I tensorflow/core/common_runtime/gpu/gpu_device.cc:1929] Created device /job:localhost/replica:0/task:0/device:GPU:0 with 20237 MB memory:  -> device: 0, name: NVIDIA H100 NVL MIG 1g.22gb, pci bus id: 0000:03:00.0, compute capability: 9.0
2026-07-02 01:26:30.008703: I tensorflow/core/grappler/devices.cc:66] Number of eligible GPUs (core count >= 8, compute capability >= 0.0): 1
2026-07-02 01:26:30.009147: I tensorflow/core/grappler/clusters/single_machine.cc:361] Starting new session
2026-07-02 01:26:30.015367: W tensorflow/core/common_runtime/gpu/gpu_device.cc:2348] TensorFlow was not built with CUDA kernel binaries compatible with compute capability 9.0. CUDA kernels will be jit-compiled from PTX, which could take 30 minutes or longer.
2026-07-02 01:26:30.018539: I tensorflow/core/common_runtime/gpu/gpu_device.cc:1929] Created device /job:localhost/replica:0/task:0/device:GPU:0 with 20237 MB memory:  -> device: 0, name: NVIDIA H100 NVL MIG 1g.22gb, pci bus id: 0000:03:00.0, compute capability: 9.0
