BANANAS requeue array task 3/10
Dataset=cifar10 Seed=7
Completed before chunk: 0/1000
Chunk budget: 2 new evals, epochs=100
Result dir=results_BANANAS_requeue/bananas_cifar10_seed7_e1000_ep100
[exp_config] Created config.yaml at: /hpc/home/fresca/EDGE-DNNTuner/results_BANANAS_requeue/bananas_cifar10_seed7_e1000_ep100/config.yaml
50000 train samples
10000 test samples
Initialized NeuralNetwork with dataset. ROI mode: False
FLOPS module weight: 0.3

STARTING BANANAS BASELINE

[INFO] Resume requested, but no previous BANANAS history was found. Starting fresh.

--- BANANAS ITERATION 1 / 1000 ---
Chosen point: {'num_neurons': 4, 'unit_c1': 2, 'unit_c2': 7, 'dr_f': 0.23605233877721996, 'learning_rate': 0.0007511186600478472, 'batch_size': 64, 'optimizer': 'SGD', 'activation': 'selu', 'data_augmentation': False, 'reg_l2': False, 'skip_connection': False, 'new_fc_1': 4, 'new_fc_2': 7, 'new_fc_3': 0, 'new_fc_4': 11, 'new_fc_5': 6, 'new_fc_6': 19, 'new_fc_7': 5, 'new_fc_8': 24, 'new_fc_9': 0, 'new_fc_10': 9}
[94m
|  --> START TRAINING ITERATION 0[0m
[INFO] Flags -> DA: False, L2: False, Skip: False
Building model with input_shape=(32, 32, 3), pos_input_shape=None, layer_x_block=2
Model: "model"
_________________________________________________________________
 Layer (type)                Output Shape              Param #   
=================================================================
 input_1 (InputLayer)        [(None, 32, 32, 3)]       0         
                                                                 
 conv2d (Conv2D)             (None, 32, 32, 8)         224       
                                                                 
 activation (Activation)     (None, 32, 32, 8)         0         
                                                                 
 conv2d_1 (Conv2D)           (None, 32, 32, 8)         584       
                                                                 
 activation_1 (Activation)   (None, 32, 32, 8)         0         
                                                                 
 max_pooling2d (MaxPooling2  (None, 16, 16, 8)         0         
 D)                                                              
                                                                 
 conv2d_2 (Conv2D)           (None, 16, 16, 28)        2044      
                                                                 
 activation_2 (Activation)   (None, 16, 16, 28)        0         
                                                                 
 conv2d_3 (Conv2D)           (None, 16, 16, 28)        7084      
                                                                 
 activation_3 (Activation)   (None, 16, 16, 28)        0         
                                                                 
 max_pooling2d_1 (MaxPoolin  (None, 8, 8, 28)          0         
 g2D)                                                            
                                                                 
 flatten (Flatten)           (None, 1792)              0         
                                                                 
 dense (Dense)               (None, 16)                28688     
                                                                 
 activation_4 (Activation)   (None, 16)                0         
                                                                 
 dropout (Dropout)           (None, 16)                0         
                                                                 
 dense_1 (Dense)             (None, 28)                476       
                                                                 
 activation_5 (Activation)   (None, 28)                0         
                                                                 
 dropout_1 (Dropout)         (None, 28)                0         
                                                                 
 dense_2 (Dense)             (None, 44)                1276      
                                                                 
 activation_6 (Activation)   (None, 44)                0         
                                                                 
 dropout_2 (Dropout)         (None, 44)                0         
                                                                 
 dense_3 (Dense)             (None, 24)                1080      
                                                                 
 activation_7 (Activation)   (None, 24)                0         
                                                                 
 dropout_3 (Dropout)         (None, 24)                0         
                                                                 
 dense_4 (Dense)             (None, 76)                1900      
                                                                 
 activation_8 (Activation)   (None, 76)                0         
                                                                 
 dropout_4 (Dropout)         (None, 76)                0         
                                                                 
 dense_5 (Dense)             (None, 20)                1540      
                                                                 
 activation_9 (Activation)   (None, 20)                0         
                                                                 
 dropout_5 (Dropout)         (None, 20)                0         
                                                                 
 dense_6 (Dense)             (None, 96)                2016      
                                                                 
 activation_10 (Activation)  (None, 96)                0         
                                                                 
 dropout_6 (Dropout)         (None, 96)                0         
                                                                 
 dense_7 (Dense)             (None, 36)                3492      
                                                                 
 activation_11 (Activation)  (None, 36)                0         
                                                                 
 dropout_7 (Dropout)         (None, 36)                0         
                                                                 
 dense_8 (Dense)             (None, 10)                370       
                                                                 
=================================================================
Total params: 50774 (198.34 KB)
Trainable params: 50774 (198.34 KB)
Non-trainable params: 0 (0.00 Byte)
_________________________________________________________________
Epoch 1/100
782/782 - 7s - loss: 2.6741 - accuracy: 0.1197 - val_loss: 2.1302 - val_accuracy: 0.2253 - 7s/epoch - 9ms/step
Epoch 2/100
782/782 - 3s - loss: 2.3933 - accuracy: 0.1452 - val_loss: 2.0316 - val_accuracy: 0.2578 - 3s/epoch - 3ms/step
Epoch 3/100
782/782 - 3s - loss: 2.2718 - accuracy: 0.1707 - val_loss: 1.9449 - val_accuracy: 0.2844 - 3s/epoch - 3ms/step
Epoch 4/100
782/782 - 3s - loss: 2.1979 - accuracy: 0.1857 - val_loss: 1.9730 - val_accuracy: 0.2419 - 3s/epoch - 3ms/step
Epoch 5/100
782/782 - 3s - loss: 2.1465 - accuracy: 0.1954 - val_loss: 1.8634 - val_accuracy: 0.3005 - 3s/epoch - 3ms/step
Epoch 6/100
782/782 - 3s - loss: 2.0995 - accuracy: 0.2093 - val_loss: 1.8335 - val_accuracy: 0.3075 - 3s/epoch - 3ms/step
Epoch 7/100
782/782 - 3s - loss: 2.0696 - accuracy: 0.2143 - val_loss: 1.8056 - val_accuracy: 0.3163 - 3s/epoch - 3ms/step
Epoch 8/100
782/782 - 3s - loss: 2.0476 - accuracy: 0.2174 - val_loss: 1.8112 - val_accuracy: 0.3129 - 3s/epoch - 3ms/step
Epoch 9/100
782/782 - 3s - loss: 2.0229 - accuracy: 0.2238 - val_loss: 2.0159 - val_accuracy: 0.2307 - 3s/epoch - 3ms/step
Epoch 10/100
782/782 - 3s - loss: 2.0059 - accuracy: 0.2258 - val_loss: 1.9015 - val_accuracy: 0.2843 - 3s/epoch - 3ms/step
Epoch 11/100
782/782 - 3s - loss: 1.9880 - accuracy: 0.2304 - val_loss: 1.7837 - val_accuracy: 0.3203 - 3s/epoch - 3ms/step
Epoch 12/100
782/782 - 3s - loss: 1.9720 - accuracy: 0.2333 - val_loss: 1.8104 - val_accuracy: 0.3056 - 3s/epoch - 3ms/step
Epoch 13/100
782/782 - 3s - loss: 1.9532 - accuracy: 0.2366 - val_loss: 1.7613 - val_accuracy: 0.3297 - 3s/epoch - 3ms/step
Epoch 14/100
782/782 - 3s - loss: 1.9432 - accuracy: 0.2402 - val_loss: 1.7267 - val_accuracy: 0.3390 - 3s/epoch - 3ms/step
Epoch 15/100
782/782 - 3s - loss: 1.9322 - accuracy: 0.2455 - val_loss: 1.8642 - val_accuracy: 0.2879 - 3s/epoch - 3ms/step
Epoch 16/100
782/782 - 3s - loss: 1.9224 - accuracy: 0.2458 - val_loss: 1.7531 - val_accuracy: 0.3075 - 3s/epoch - 3ms/step
Epoch 17/100
782/782 - 3s - loss: 1.9070 - accuracy: 0.2488 - val_loss: 1.7139 - val_accuracy: 0.3400 - 3s/epoch - 3ms/step
Epoch 18/100
782/782 - 3s - loss: 1.9070 - accuracy: 0.2504 - val_loss: 1.7032 - val_accuracy: 0.3495 - 3s/epoch - 3ms/step
Epoch 19/100
782/782 - 3s - loss: 1.8911 - accuracy: 0.2531 - val_loss: 1.7599 - val_accuracy: 0.3315 - 3s/epoch - 3ms/step
Epoch 20/100
782/782 - 3s - loss: 1.8833 - accuracy: 0.2551 - val_loss: 1.7017 - val_accuracy: 0.3504 - 3s/epoch - 3ms/step
Epoch 21/100
782/782 - 3s - loss: 1.8718 - accuracy: 0.2584 - val_loss: 1.7092 - val_accuracy: 0.3501 - 3s/epoch - 3ms/step
Epoch 22/100
782/782 - 3s - loss: 1.8653 - accuracy: 0.2606 - val_loss: 1.7299 - val_accuracy: 0.3380 - 3s/epoch - 3ms/step
Epoch 23/100
782/782 - 3s - loss: 1.8560 - accuracy: 0.2643 - val_loss: 1.8799 - val_accuracy: 0.2909 - 3s/epoch - 3ms/step
Epoch 24/100
782/782 - 3s - loss: 1.8505 - accuracy: 0.2653 - val_loss: 1.6707 - val_accuracy: 0.3485 - 3s/epoch - 3ms/step
Epoch 25/100
782/782 - 3s - loss: 1.8416 - accuracy: 0.2664 - val_loss: 1.6339 - val_accuracy: 0.3727 - 3s/epoch - 3ms/step
Epoch 26/100
782/782 - 3s - loss: 1.8368 - accuracy: 0.2677 - val_loss: 1.6667 - val_accuracy: 0.3668 - 3s/epoch - 3ms/step
Epoch 27/100
782/782 - 3s - loss: 1.8235 - accuracy: 0.2728 - val_loss: 1.7799 - val_accuracy: 0.3211 - 3s/epoch - 3ms/step
Epoch 28/100
782/782 - 3s - loss: 1.8225 - accuracy: 0.2753 - val_loss: 1.6597 - val_accuracy: 0.3553 - 3s/epoch - 3ms/step
Epoch 29/100
782/782 - 3s - loss: 1.8119 - accuracy: 0.2792 - val_loss: 1.7144 - val_accuracy: 0.3439 - 3s/epoch - 3ms/step
Epoch 30/100
782/782 - 3s - loss: 1.8101 - accuracy: 0.2808 - val_loss: 1.6086 - val_accuracy: 0.3914 - 3s/epoch - 3ms/step
Epoch 31/100
782/782 - 3s - loss: 1.7972 - accuracy: 0.2876 - val_loss: 1.6071 - val_accuracy: 0.3876 - 3s/epoch - 3ms/step
Epoch 32/100
782/782 - 3s - loss: 1.7905 - accuracy: 0.2895 - val_loss: 1.8377 - val_accuracy: 0.3255 - 3s/epoch - 3ms/step
Epoch 33/100
782/782 - 3s - loss: 1.7861 - accuracy: 0.2896 - val_loss: 1.6215 - val_accuracy: 0.3788 - 3s/epoch - 3ms/step
Epoch 34/100
782/782 - 3s - loss: 1.7829 - accuracy: 0.2948 - val_loss: 1.5957 - val_accuracy: 0.3991 - 3s/epoch - 3ms/step
Epoch 35/100
782/782 - 3s - loss: 1.7768 - accuracy: 0.2962 - val_loss: 1.5890 - val_accuracy: 0.3952 - 3s/epoch - 3ms/step
Epoch 36/100
782/782 - 3s - loss: 1.7700 - accuracy: 0.2959 - val_loss: 1.5743 - val_accuracy: 0.4091 - 3s/epoch - 3ms/step
Epoch 37/100
782/782 - 3s - loss: 1.7631 - accuracy: 0.3044 - val_loss: 1.5674 - val_accuracy: 0.4081 - 3s/epoch - 3ms/step
Epoch 38/100
782/782 - 3s - loss: 1.7604 - accuracy: 0.3031 - val_loss: 1.5562 - val_accuracy: 0.4157 - 3s/epoch - 3ms/step
Epoch 39/100
782/782 - 3s - loss: 1.7515 - accuracy: 0.3101 - val_loss: 1.5554 - val_accuracy: 0.4164 - 3s/epoch - 3ms/step
Epoch 40/100
782/782 - 3s - loss: 1.7411 - accuracy: 0.3117 - val_loss: 1.6531 - val_accuracy: 0.3916 - 3s/epoch - 3ms/step
Epoch 41/100
782/782 - 3s - loss: 1.7367 - accuracy: 0.3120 - val_loss: 1.5662 - val_accuracy: 0.4104 - 3s/epoch - 3ms/step
Epoch 42/100
782/782 - 3s - loss: 1.7292 - accuracy: 0.3177 - val_loss: 1.5934 - val_accuracy: 0.4044 - 3s/epoch - 3ms/step
Epoch 43/100
782/782 - 3s - loss: 1.7272 - accuracy: 0.3159 - val_loss: 1.5293 - val_accuracy: 0.4260 - 3s/epoch - 3ms/step
Epoch 44/100
782/782 - 3s - loss: 1.7200 - accuracy: 0.3209 - val_loss: 1.5395 - val_accuracy: 0.4198 - 3s/epoch - 3ms/step
Epoch 45/100
782/782 - 3s - loss: 1.7159 - accuracy: 0.3245 - val_loss: 1.5278 - val_accuracy: 0.4217 - 3s/epoch - 3ms/step
Epoch 46/100
782/782 - 3s - loss: 1.7137 - accuracy: 0.3248 - val_loss: 1.5222 - val_accuracy: 0.4238 - 3s/epoch - 3ms/step
Epoch 47/100
782/782 - 3s - loss: 1.7087 - accuracy: 0.3286 - val_loss: 1.5443 - val_accuracy: 0.4258 - 3s/epoch - 3ms/step
Epoch 48/100
782/782 - 3s - loss: 1.6987 - accuracy: 0.3296 - val_loss: 1.6355 - val_accuracy: 0.3916 - 3s/epoch - 3ms/step
Epoch 49/100
782/782 - 3s - loss: 1.6978 - accuracy: 0.3311 - val_loss: 1.5359 - val_accuracy: 0.4190 - 3s/epoch - 3ms/step
Epoch 50/100
782/782 - 3s - loss: 1.6918 - accuracy: 0.3334 - val_loss: 1.5026 - val_accuracy: 0.4256 - 3s/epoch - 3ms/step
Epoch 51/100
782/782 - 3s - loss: 1.6842 - accuracy: 0.3381 - val_loss: 1.5008 - val_accuracy: 0.4346 - 3s/epoch - 3ms/step
Epoch 52/100
782/782 - 3s - loss: 1.6801 - accuracy: 0.3426 - val_loss: 1.4939 - val_accuracy: 0.4359 - 3s/epoch - 3ms/step
Epoch 53/100
782/782 - 3s - loss: 1.6754 - accuracy: 0.3431 - val_loss: 1.5175 - val_accuracy: 0.4270 - 3s/epoch - 3ms/step
Epoch 54/100
782/782 - 3s - loss: 1.6733 - accuracy: 0.3440 - val_loss: 1.5397 - val_accuracy: 0.4223 - 3s/epoch - 3ms/step
Epoch 55/100
782/782 - 3s - loss: 1.6694 - accuracy: 0.3478 - val_loss: 1.5652 - val_accuracy: 0.4141 - 3s/epoch - 3ms/step
Epoch 56/100
782/782 - 3s - loss: 1.6575 - accuracy: 0.3522 - val_loss: 1.5044 - val_accuracy: 0.4348 - 3s/epoch - 3ms/step
Epoch 57/100
782/782 - 3s - loss: 1.6587 - accuracy: 0.3518 - val_loss: 1.5057 - val_accuracy: 0.4351 - 3s/epoch - 3ms/step
Epoch 58/100
782/782 - 3s - loss: 1.6557 - accuracy: 0.3501 - val_loss: 1.5295 - val_accuracy: 0.4234 - 3s/epoch - 3ms/step
Epoch 59/100
782/782 - 3s - loss: 1.6463 - accuracy: 0.3597 - val_loss: 1.4549 - val_accuracy: 0.4502 - 3s/epoch - 3ms/step
Epoch 60/100
782/782 - 3s - loss: 1.6453 - accuracy: 0.3547 - val_loss: 1.5480 - val_accuracy: 0.4260 - 3s/epoch - 3ms/step
Epoch 61/100
782/782 - 3s - loss: 1.6365 - accuracy: 0.3633 - val_loss: 1.6329 - val_accuracy: 0.4060 - 3s/epoch - 3ms/step
Epoch 62/100
782/782 - 3s - loss: 1.6382 - accuracy: 0.3617 - val_loss: 1.4859 - val_accuracy: 0.4379 - 3s/epoch - 3ms/step
Epoch 63/100
782/782 - 3s - loss: 1.6315 - accuracy: 0.3639 - val_loss: 1.4755 - val_accuracy: 0.4383 - 3s/epoch - 3ms/step
Epoch 64/100
782/782 - 3s - loss: 1.6278 - accuracy: 0.3600 - val_loss: 1.5046 - val_accuracy: 0.4319 - 3s/epoch - 3ms/step
Epoch 65/100
782/782 - 3s - loss: 1.6293 - accuracy: 0.3659 - val_loss: 1.4804 - val_accuracy: 0.4320 - 3s/epoch - 3ms/step
Epoch 66/100
782/782 - 3s - loss: 1.6248 - accuracy: 0.3666 - val_loss: 1.5064 - val_accuracy: 0.4318 - 3s/epoch - 3ms/step
Epoch 67/100
782/782 - 3s - loss: 1.6194 - accuracy: 0.3684 - val_loss: 1.5120 - val_accuracy: 0.4210 - 3s/epoch - 3ms/step
Epoch 68/100
782/782 - 3s - loss: 1.6110 - accuracy: 0.3713 - val_loss: 1.5796 - val_accuracy: 0.4221 - 3s/epoch - 3ms/step
Epoch 69/100
782/782 - 3s - loss: 1.6119 - accuracy: 0.3708 - val_loss: 1.4356 - val_accuracy: 0.4498 - 3s/epoch - 3ms/step
Epoch 70/100
782/782 - 3s - loss: 1.6085 - accuracy: 0.3724 - val_loss: 1.4630 - val_accuracy: 0.4479 - 3s/epoch - 3ms/step
Epoch 71/100
782/782 - 3s - loss: 1.6064 - accuracy: 0.3727 - val_loss: 1.4365 - val_accuracy: 0.4554 - 3s/epoch - 3ms/step
Epoch 72/100
782/782 - 3s - loss: 1.5985 - accuracy: 0.3764 - val_loss: 1.4391 - val_accuracy: 0.4602 - 3s/epoch - 3ms/step
Epoch 73/100
782/782 - 3s - loss: 1.5925 - accuracy: 0.3809 - val_loss: 1.4640 - val_accuracy: 0.4503 - 3s/epoch - 3ms/step
Epoch 74/100
782/782 - 3s - loss: 1.5930 - accuracy: 0.3817 - val_loss: 1.4354 - val_accuracy: 0.4483 - 3s/epoch - 3ms/step
Epoch 75/100
782/782 - 3s - loss: 1.5898 - accuracy: 0.3821 - val_loss: 1.4446 - val_accuracy: 0.4481 - 3s/epoch - 3ms/step
Epoch 76/100
782/782 - 3s - loss: 1.5811 - accuracy: 0.3857 - val_loss: 1.4407 - val_accuracy: 0.4533 - 3s/epoch - 3ms/step
Epoch 77/100
782/782 - 3s - loss: 1.5822 - accuracy: 0.3879 - val_loss: 1.4073 - val_accuracy: 0.4667 - 3s/epoch - 3ms/step
Epoch 78/100
782/782 - 3s - loss: 1.5787 - accuracy: 0.3861 - val_loss: 1.4282 - val_accuracy: 0.4565 - 3s/epoch - 3ms/step
Epoch 79/100
782/782 - 3s - loss: 1.5775 - accuracy: 0.3882 - val_loss: 1.4080 - val_accuracy: 0.4684 - 3s/epoch - 3ms/step
Epoch 80/100
782/782 - 3s - loss: 1.5732 - accuracy: 0.3871 - val_loss: 1.5961 - val_accuracy: 0.4266 - 3s/epoch - 3ms/step
Epoch 81/100
782/782 - 3s - loss: 1.5692 - accuracy: 0.3956 - val_loss: 1.4450 - val_accuracy: 0.4401 - 3s/epoch - 3ms/step
Epoch 82/100
782/782 - 3s - loss: 1.5637 - accuracy: 0.3937 - val_loss: 1.4038 - val_accuracy: 0.4712 - 3s/epoch - 4ms/step
Epoch 83/100
782/782 - 3s - loss: 1.5655 - accuracy: 0.3932 - val_loss: 1.4035 - val_accuracy: 0.4709 - 3s/epoch - 3ms/step
Epoch 84/100
782/782 - 3s - loss: 1.5614 - accuracy: 0.3968 - val_loss: 1.4399 - val_accuracy: 0.4557 - 3s/epoch - 3ms/step
Epoch 85/100
782/782 - 3s - loss: 1.5549 - accuracy: 0.3997 - val_loss: 1.3973 - val_accuracy: 0.4793 - 3s/epoch - 3ms/step
Epoch 86/100
782/782 - 3s - loss: 1.5512 - accuracy: 0.4040 - val_loss: 1.4019 - val_accuracy: 0.4645 - 3s/epoch - 3ms/step
Epoch 87/100
782/782 - 3s - loss: 1.5500 - accuracy: 0.4032 - val_loss: 1.4052 - val_accuracy: 0.4659 - 3s/epoch - 3ms/step
Epoch 88/100
782/782 - 3s - loss: 1.5488 - accuracy: 0.4002 - val_loss: 1.4134 - val_accuracy: 0.4475 - 3s/epoch - 3ms/step
Epoch 89/100
782/782 - 3s - loss: 1.5416 - accuracy: 0.4057 - val_loss: 1.3736 - val_accuracy: 0.4878 - 3s/epoch - 3ms/step
Epoch 90/100
782/782 - 3s - loss: 1.5357 - accuracy: 0.4098 - val_loss: 1.3859 - val_accuracy: 0.4855 - 3s/epoch - 3ms/step
Epoch 91/100
782/782 - 3s - loss: 1.5382 - accuracy: 0.4072 - val_loss: 1.3701 - val_accuracy: 0.4762 - 3s/epoch - 3ms/step
Epoch 92/100
782/782 - 3s - loss: 1.5306 - accuracy: 0.4114 - val_loss: 1.3586 - val_accuracy: 0.4864 - 3s/epoch - 3ms/step
Epoch 93/100
782/782 - 3s - loss: 1.5236 - accuracy: 0.4153 - val_loss: 1.3688 - val_accuracy: 0.4812 - 3s/epoch - 3ms/step
Epoch 94/100
782/782 - 3s - loss: 1.5207 - accuracy: 0.4148 - val_loss: 1.4121 - val_accuracy: 0.4731 - 3s/epoch - 3ms/step
Epoch 95/100
782/782 - 3s - loss: 1.5162 - accuracy: 0.4198 - val_loss: 1.3513 - val_accuracy: 0.4899 - 3s/epoch - 3ms/step
Epoch 96/100
782/782 - 3s - loss: 1.5181 - accuracy: 0.4183 - val_loss: 1.3517 - val_accuracy: 0.4833 - 3s/epoch - 3ms/step
Epoch 97/100
782/782 - 3s - loss: 1.5114 - accuracy: 0.4202 - val_loss: 1.3267 - val_accuracy: 0.5019 - 3s/epoch - 3ms/step
Epoch 98/100
782/782 - 3s - loss: 1.5116 - accuracy: 0.4226 - val_loss: 1.3721 - val_accuracy: 0.4927 - 3s/epoch - 3ms/step
Epoch 99/100
782/782 - 3s - loss: 1.5088 - accuracy: 0.4238 - val_loss: 1.3898 - val_accuracy: 0.4838 - 3s/epoch - 3ms/step
Epoch 100/100
782/782 - 3s - loss: 1.5056 - accuracy: 0.4218 - val_loss: 1.3289 - val_accuracy: 0.4987 - 3s/epoch - 3ms/step
313/313 - 1s - loss: 1.3289 - accuracy: 0.4987 - 723ms/epoch - 2ms/step

ACCURACY: 0.49869999289512634


SCORE: -0.6363013230265884

[92m | MODULE VALUES ---------------------------------------------  |
 [0m
FLOPS: 6394336
PARAMS: 50774.0
[92m 
 | -----------------------------------------------------------  |
 [0m
[INFO] New Best Score: -0.6363 (Previous: 10000000000.0000)

--- BANANAS ITERATION 2 / 1000 ---
Chosen point: {'num_neurons': 16, 'unit_c1': 1, 'unit_c2': 7, 'dr_f': 0.09258963950684758, 'learning_rate': 0.0005710713226063893, 'batch_size': 64, 'optimizer': 'Adagrad', 'activation': 'elu', 'data_augmentation': False, 'reg_l2': False, 'skip_connection': False, 'new_fc_1': 7, 'new_fc_2': 23, 'new_fc_3': 10, 'new_fc_4': 0, 'new_fc_5': 7, 'new_fc_6': 23, 'new_fc_7': 28, 'new_fc_8': 32, 'new_fc_9': 21, 'new_fc_10': 3}
[94m
|  --> START TRAINING ITERATION 1[0m
[INFO] Flags -> DA: False, L2: False, Skip: False
Building model with input_shape=(32, 32, 3), pos_input_shape=None, layer_x_block=2
Model: "model"
_________________________________________________________________
 Layer (type)                Output Shape              Param #   
=================================================================
 input_1 (InputLayer)        [(None, 32, 32, 3)]       0         
                                                                 
 conv2d (Conv2D)             (None, 32, 32, 16)        448       
                                                                 
 activation (Activation)     (None, 32, 32, 16)        0         
                                                                 
 conv2d_1 (Conv2D)           (None, 32, 32, 16)        2320      
                                                                 
 activation_1 (Activation)   (None, 32, 32, 16)        0         
                                                                 
 max_pooling2d (MaxPooling2  (None, 16, 16, 16)        0         
 D)                                                              
                                                                 
 conv2d_2 (Conv2D)           (None, 16, 16, 112)       16240     
                                                                 
 activation_2 (Activation)   (None, 16, 16, 112)       0         
                                                                 
 conv2d_3 (Conv2D)           (None, 16, 16, 112)       113008    
                                                                 
 activation_3 (Activation)   (None, 16, 16, 112)       0         
                                                                 
 max_pooling2d_1 (MaxPoolin  (None, 8, 8, 112)         0         
 g2D)                                                            
                                                                 
 flatten (Flatten)           (None, 7168)              0         
                                                                 
 dense (Dense)               (None, 112)               802928    
                                                                 
 activation_4 (Activation)   (None, 112)               0         
                                                                 
 dropout (Dropout)           (None, 112)               0         
                                                                 
 dense_1 (Dense)             (None, 368)               41584     
                                                                 
 activation_5 (Activation)   (None, 368)               0         
                                                                 
 dropout_1 (Dropout)         (None, 368)               0         
                                                                 
 dense_2 (Dense)             (None, 160)               59040     
                                                                 
 activation_6 (Activation)   (None, 160)               0         
                                                                 
 dropout_2 (Dropout)         (None, 160)               0         
                                                                 
 dense_3 (Dense)             (None, 112)               18032     
                                                                 
 activation_7 (Activation)   (None, 112)               0         
                                                                 
 dropout_3 (Dropout)         (None, 112)               0         
                                                                 
 dense_4 (Dense)             (None, 368)               41584     
                                                                 
 activation_8 (Activation)   (None, 368)               0         
                                                                 
 dropout_4 (Dropout)         (None, 368)               0         
                                                                 
 dense_5 (Dense)             (None, 448)               165312    
                                                                 
 activation_9 (Activation)   (None, 448)               0         
                                                                 
 dropout_5 (Dropout)         (None, 448)               0         
                                                                 
 dense_6 (Dense)             (None, 512)               229888    
                                                                 
 activation_10 (Activation)  (None, 512)               0         
                                                                 
 dropout_6 (Dropout)         (None, 512)               0         
                                                                 
 dense_7 (Dense)             (None, 336)               172368    
                                                                 
 activation_11 (Activation)  (None, 336)               0         
                                                                 
 dropout_7 (Dropout)         (None, 336)               0         
                                                                 
 dense_8 (Dense)             (None, 48)                16176     
                                                                 
 activation_12 (Activation)  (None, 48)                0         
                                                                 
 dropout_8 (Dropout)         (None, 48)                0         
                                                                 
 dense_9 (Dense)             (None, 10)                490       
                                                                 
=================================================================
Total params: 1679418 (6.41 MB)
Trainable params: 1679418 (6.41 MB)
Non-trainable params: 0 (0.00 Byte)
_________________________________________________________________
Epoch 1/100
782/782 - 8s - loss: 2.1790 - accuracy: 0.1857 - val_loss: 2.0402 - val_accuracy: 0.2489 - 8s/epoch - 10ms/step
Epoch 2/100
782/782 - 4s - loss: 1.9935 - accuracy: 0.2582 - val_loss: 1.8938 - val_accuracy: 0.3070 - 4s/epoch - 5ms/step
Epoch 3/100
782/782 - 4s - loss: 1.8518 - accuracy: 0.3185 - val_loss: 1.7520 - val_accuracy: 0.3730 - 4s/epoch - 5ms/step
Epoch 4/100
782/782 - 4s - loss: 1.7473 - accuracy: 0.3605 - val_loss: 1.6640 - val_accuracy: 0.4019 - 4s/epoch - 5ms/step
Epoch 5/100
782/782 - 4s - loss: 1.6769 - accuracy: 0.3837 - val_loss: 1.6009 - val_accuracy: 0.4216 - 4s/epoch - 5ms/step
Epoch 6/100
782/782 - 4s - loss: 1.6155 - accuracy: 0.4085 - val_loss: 1.5581 - val_accuracy: 0.4355 - 4s/epoch - 5ms/step
Epoch 7/100
782/782 - 4s - loss: 1.5634 - accuracy: 0.4254 - val_loss: 1.5131 - val_accuracy: 0.4483 - 4s/epoch - 5ms/step
Epoch 8/100
782/782 - 4s - loss: 1.5175 - accuracy: 0.4452 - val_loss: 1.4480 - val_accuracy: 0.4707 - 4s/epoch - 5ms/step
Epoch 9/100
782/782 - 4s - loss: 1.4791 - accuracy: 0.4598 - val_loss: 1.4631 - val_accuracy: 0.4733 - 4s/epoch - 5ms/step
Epoch 10/100
782/782 - 4s - loss: 1.4503 - accuracy: 0.4672 - val_loss: 1.4620 - val_accuracy: 0.4759 - 4s/epoch - 5ms/step
Epoch 11/100
782/782 - 4s - loss: 1.4226 - accuracy: 0.4794 - val_loss: 1.3818 - val_accuracy: 0.4965 - 4s/epoch - 5ms/step
Epoch 12/100
782/782 - 4s - loss: 1.3980 - accuracy: 0.4873 - val_loss: 1.3395 - val_accuracy: 0.5154 - 4s/epoch - 5ms/step
Epoch 13/100
782/782 - 4s - loss: 1.3773 - accuracy: 0.4981 - val_loss: 1.3494 - val_accuracy: 0.5130 - 4s/epoch - 5ms/step
Epoch 14/100
782/782 - 4s - loss: 1.3525 - accuracy: 0.5057 - val_loss: 1.3265 - val_accuracy: 0.5182 - 4s/epoch - 5ms/step
Epoch 15/100
782/782 - 4s - loss: 1.3336 - accuracy: 0.5143 - val_loss: 1.3162 - val_accuracy: 0.5176 - 4s/epoch - 5ms/step
Epoch 16/100
782/782 - 4s - loss: 1.3181 - accuracy: 0.5192 - val_loss: 1.2685 - val_accuracy: 0.5435 - 4s/epoch - 5ms/step
Epoch 17/100
782/782 - 4s - loss: 1.2976 - accuracy: 0.5289 - val_loss: 1.2643 - val_accuracy: 0.5455 - 4s/epoch - 5ms/step
Epoch 18/100
782/782 - 4s - loss: 1.2828 - accuracy: 0.5348 - val_loss: 1.2924 - val_accuracy: 0.5306 - 4s/epoch - 5ms/step
Epoch 19/100
782/782 - 4s - loss: 1.2695 - accuracy: 0.5400 - val_loss: 1.2371 - val_accuracy: 0.5547 - 4s/epoch - 5ms/step
Epoch 20/100
782/782 - 4s - loss: 1.2538 - accuracy: 0.5437 - val_loss: 1.2316 - val_accuracy: 0.5582 - 4s/epoch - 5ms/step
Epoch 21/100
782/782 - 4s - loss: 1.2436 - accuracy: 0.5502 - val_loss: 1.2164 - val_accuracy: 0.5683 - 4s/epoch - 5ms/step
Epoch 22/100
782/782 - 4s - loss: 1.2295 - accuracy: 0.5555 - val_loss: 1.2005 - val_accuracy: 0.5715 - 4s/epoch - 5ms/step
Epoch 23/100
782/782 - 4s - loss: 1.2188 - accuracy: 0.5579 - val_loss: 1.1858 - val_accuracy: 0.5748 - 4s/epoch - 5ms/step
Epoch 24/100
782/782 - 4s - loss: 1.2057 - accuracy: 0.5631 - val_loss: 1.1756 - val_accuracy: 0.5844 - 4s/epoch - 5ms/step
Epoch 25/100
782/782 - 4s - loss: 1.1973 - accuracy: 0.5675 - val_loss: 1.1764 - val_accuracy: 0.5809 - 4s/epoch - 5ms/step
Epoch 26/100
782/782 - 4s - loss: 1.1856 - accuracy: 0.5703 - val_loss: 1.2254 - val_accuracy: 0.5581 - 4s/epoch - 5ms/step
Epoch 27/100
782/782 - 4s - loss: 1.1743 - accuracy: 0.5762 - val_loss: 1.1626 - val_accuracy: 0.5878 - 4s/epoch - 5ms/step
Epoch 28/100
782/782 - 4s - loss: 1.1637 - accuracy: 0.5789 - val_loss: 1.1511 - val_accuracy: 0.5944 - 4s/epoch - 5ms/step
Epoch 29/100
782/782 - 4s - loss: 1.1536 - accuracy: 0.5858 - val_loss: 1.1635 - val_accuracy: 0.5888 - 4s/epoch - 5ms/step
Epoch 30/100
782/782 - 4s - loss: 1.1457 - accuracy: 0.5901 - val_loss: 1.1370 - val_accuracy: 0.5969 - 4s/epoch - 5ms/step
Epoch 31/100
782/782 - 4s - loss: 1.1359 - accuracy: 0.5921 - val_loss: 1.1247 - val_accuracy: 0.6057 - 4s/epoch - 5ms/step
Epoch 32/100
782/782 - 4s - loss: 1.1287 - accuracy: 0.5952 - val_loss: 1.1287 - val_accuracy: 0.5994 - 4s/epoch - 5ms/step
Epoch 33/100
782/782 - 4s - loss: 1.1196 - accuracy: 0.5984 - val_loss: 1.1355 - val_accuracy: 0.5975 - 4s/epoch - 5ms/step
Epoch 34/100
782/782 - 4s - loss: 1.1116 - accuracy: 0.6035 - val_loss: 1.1041 - val_accuracy: 0.6086 - 4s/epoch - 5ms/step
Epoch 35/100
782/782 - 4s - loss: 1.1052 - accuracy: 0.6069 - val_loss: 1.1123 - val_accuracy: 0.6033 - 4s/epoch - 5ms/step
Epoch 36/100
782/782 - 4s - loss: 1.0972 - accuracy: 0.6095 - val_loss: 1.0971 - val_accuracy: 0.6152 - 4s/epoch - 5ms/step
Epoch 37/100
782/782 - 4s - loss: 1.0871 - accuracy: 0.6110 - val_loss: 1.0886 - val_accuracy: 0.6148 - 4s/epoch - 5ms/step
Epoch 38/100
782/782 - 4s - loss: 1.0775 - accuracy: 0.6162 - val_loss: 1.1005 - val_accuracy: 0.6142 - 4s/epoch - 5ms/step
Epoch 39/100
782/782 - 4s - loss: 1.0747 - accuracy: 0.6165 - val_loss: 1.0932 - val_accuracy: 0.6142 - 4s/epoch - 5ms/step
Epoch 40/100
782/782 - 4s - loss: 1.0676 - accuracy: 0.6180 - val_loss: 1.0738 - val_accuracy: 0.6246 - 4s/epoch - 5ms/step
Epoch 41/100
782/782 - 4s - loss: 1.0621 - accuracy: 0.6217 - val_loss: 1.0753 - val_accuracy: 0.6206 - 4s/epoch - 5ms/step
Epoch 42/100
782/782 - 4s - loss: 1.0579 - accuracy: 0.6249 - val_loss: 1.0812 - val_accuracy: 0.6219 - 4s/epoch - 5ms/step
Epoch 43/100
782/782 - 4s - loss: 1.0471 - accuracy: 0.6271 - val_loss: 1.0634 - val_accuracy: 0.6316 - 4s/epoch - 5ms/step
Epoch 44/100
782/782 - 4s - loss: 1.0428 - accuracy: 0.6280 - val_loss: 1.0720 - val_accuracy: 0.6211 - 4s/epoch - 5ms/step
Epoch 45/100
782/782 - 4s - loss: 1.0388 - accuracy: 0.6297 - val_loss: 1.0590 - val_accuracy: 0.6302 - 4s/epoch - 5ms/step
Epoch 46/100
782/782 - 4s - loss: 1.0329 - accuracy: 0.6329 - val_loss: 1.0611 - val_accuracy: 0.6266 - 4s/epoch - 5ms/step
Epoch 47/100
782/782 - 4s - loss: 1.0296 - accuracy: 0.6335 - val_loss: 1.0519 - val_accuracy: 0.6334 - 4s/epoch - 5ms/step
Epoch 48/100
782/782 - 4s - loss: 1.0209 - accuracy: 0.6375 - val_loss: 1.0636 - val_accuracy: 0.6287 - 4s/epoch - 5ms/step
Epoch 49/100
782/782 - 4s - loss: 1.0170 - accuracy: 0.6410 - val_loss: 1.0463 - val_accuracy: 0.6328 - 4s/epoch - 5ms/step
Epoch 50/100
782/782 - 4s - loss: 1.0106 - accuracy: 0.6415 - val_loss: 1.0494 - val_accuracy: 0.6315 - 4s/epoch - 5ms/step
Epoch 51/100
782/782 - 4s - loss: 1.0053 - accuracy: 0.6424 - val_loss: 1.0413 - val_accuracy: 0.6315 - 4s/epoch - 5ms/step
Epoch 52/100
782/782 - 4s - loss: 1.0014 - accuracy: 0.6442 - val_loss: 1.0358 - val_accuracy: 0.6360 - 4s/epoch - 5ms/step
Epoch 53/100
782/782 - 4s - loss: 0.9937 - accuracy: 0.6469 - val_loss: 1.0545 - val_accuracy: 0.6333 - 4s/epoch - 5ms/step
Epoch 54/100
782/782 - 4s - loss: 0.9913 - accuracy: 0.6483 - val_loss: 1.0389 - val_accuracy: 0.6348 - 4s/epoch - 5ms/step
Epoch 55/100
782/782 - 4s - loss: 0.9866 - accuracy: 0.6498 - val_loss: 1.0440 - val_accuracy: 0.6356 - 4s/epoch - 5ms/step
Epoch 56/100
782/782 - 4s - loss: 0.9834 - accuracy: 0.6503 - val_loss: 1.0471 - val_accuracy: 0.6332 - 4s/epoch - 5ms/step
Epoch 57/100
782/782 - 4s - loss: 0.9812 - accuracy: 0.6517 - val_loss: 1.0555 - val_accuracy: 0.6304 - 4s/epoch - 5ms/step
Epoch 58/100
782/782 - 4s - loss: 0.9754 - accuracy: 0.6570 - val_loss: 1.0248 - val_accuracy: 0.6419 - 4s/epoch - 5ms/step
Epoch 59/100
782/782 - 4s - loss: 0.9712 - accuracy: 0.6575 - val_loss: 1.0606 - val_accuracy: 0.6294 - 4s/epoch - 5ms/step
Epoch 60/100
782/782 - 4s - loss: 0.9641 - accuracy: 0.6589 - val_loss: 1.0262 - val_accuracy: 0.6442 - 4s/epoch - 5ms/step
Epoch 61/100
782/782 - 4s - loss: 0.9600 - accuracy: 0.6594 - val_loss: 1.0160 - val_accuracy: 0.6444 - 4s/epoch - 5ms/step
Epoch 62/100
782/782 - 4s - loss: 0.9601 - accuracy: 0.6603 - val_loss: 1.0257 - val_accuracy: 0.6404 - 4s/epoch - 5ms/step
Epoch 63/100
782/782 - 4s - loss: 0.9549 - accuracy: 0.6608 - val_loss: 1.0159 - val_accuracy: 0.6444 - 4s/epoch - 5ms/step
Epoch 64/100
782/782 - 4s - loss: 0.9498 - accuracy: 0.6624 - val_loss: 1.0080 - val_accuracy: 0.6493 - 4s/epoch - 5ms/step
Epoch 65/100
782/782 - 4s - loss: 0.9489 - accuracy: 0.6632 - val_loss: 1.0042 - val_accuracy: 0.6496 - 4s/epoch - 5ms/step
Epoch 66/100
782/782 - 4s - loss: 0.9426 - accuracy: 0.6655 - val_loss: 1.0117 - val_accuracy: 0.6479 - 4s/epoch - 5ms/step
Epoch 67/100
782/782 - 4s - loss: 0.9404 - accuracy: 0.6680 - val_loss: 1.0058 - val_accuracy: 0.6480 - 4s/epoch - 5ms/step
Epoch 68/100
782/782 - 4s - loss: 0.9370 - accuracy: 0.6679 - val_loss: 1.0035 - val_accuracy: 0.6495 - 4s/epoch - 5ms/step
Epoch 69/100
782/782 - 4s - loss: 0.9348 - accuracy: 0.6693 - val_loss: 1.0071 - val_accuracy: 0.6494 - 4s/epoch - 5ms/step
Epoch 70/100
782/782 - 4s - loss: 0.9326 - accuracy: 0.6697 - val_loss: 0.9986 - val_accuracy: 0.6517 - 4s/epoch - 5ms/step
Epoch 71/100
782/782 - 4s - loss: 0.9264 - accuracy: 0.6728 - val_loss: 0.9979 - val_accuracy: 0.6518 - 4s/epoch - 5ms/step
Epoch 72/100
782/782 - 4s - loss: 0.9230 - accuracy: 0.6758 - val_loss: 0.9974 - val_accuracy: 0.6498 - 4s/epoch - 5ms/step
Epoch 73/100
782/782 - 4s - loss: 0.9184 - accuracy: 0.6760 - val_loss: 0.9924 - val_accuracy: 0.6526 - 4s/epoch - 5ms/step
Epoch 74/100
782/782 - 4s - loss: 0.9177 - accuracy: 0.6761 - val_loss: 0.9928 - val_accuracy: 0.6530 - 4s/epoch - 5ms/step
Epoch 75/100
782/782 - 4s - loss: 0.9171 - accuracy: 0.6757 - val_loss: 0.9940 - val_accuracy: 0.6529 - 4s/epoch - 5ms/step
Epoch 76/100
782/782 - 4s - loss: 0.9094 - accuracy: 0.6801 - val_loss: 0.9929 - val_accuracy: 0.6549 - 4s/epoch - 5ms/step
Epoch 77/100
782/782 - 4s - loss: 0.9114 - accuracy: 0.6775 - val_loss: 0.9950 - val_accuracy: 0.6545 - 4s/epoch - 5ms/step
Epoch 78/100
782/782 - 4s - loss: 0.9057 - accuracy: 0.6796 - val_loss: 0.9925 - val_accuracy: 0.6514 - 4s/epoch - 5ms/step
Epoch 79/100
782/782 - 4s - loss: 0.9007 - accuracy: 0.6812 - val_loss: 0.9910 - val_accuracy: 0.6534 - 4s/epoch - 5ms/step
Epoch 80/100
782/782 - 4s - loss: 0.9009 - accuracy: 0.6820 - val_loss: 1.0053 - val_accuracy: 0.6458 - 4s/epoch - 5ms/step
Epoch 81/100
782/782 - 4s - loss: 0.8975 - accuracy: 0.6834 - val_loss: 0.9921 - val_accuracy: 0.6556 - 4s/epoch - 5ms/step
Epoch 82/100
782/782 - 4s - loss: 0.8946 - accuracy: 0.6841 - val_loss: 0.9878 - val_accuracy: 0.6587 - 4s/epoch - 5ms/step
Epoch 83/100
782/782 - 4s - loss: 0.8922 - accuracy: 0.6844 - val_loss: 0.9929 - val_accuracy: 0.6542 - 4s/epoch - 5ms/step
Epoch 84/100
782/782 - 4s - loss: 0.8880 - accuracy: 0.6857 - val_loss: 0.9899 - val_accuracy: 0.6563 - 4s/epoch - 5ms/step
Epoch 85/100
782/782 - 4s - loss: 0.8887 - accuracy: 0.6887 - val_loss: 0.9861 - val_accuracy: 0.6566 - 4s/epoch - 5ms/step
Epoch 86/100
782/782 - 4s - loss: 0.8806 - accuracy: 0.6895 - val_loss: 0.9882 - val_accuracy: 0.6597 - 4s/epoch - 5ms/step
Epoch 87/100
782/782 - 4s - loss: 0.8779 - accuracy: 0.6895 - val_loss: 0.9980 - val_accuracy: 0.6505 - 4s/epoch - 5ms/step
Epoch 88/100
782/782 - 4s - loss: 0.8794 - accuracy: 0.6908 - val_loss: 0.9859 - val_accuracy: 0.6603 - 4s/epoch - 5ms/step
Epoch 89/100
782/782 - 4s - loss: 0.8755 - accuracy: 0.6894 - val_loss: 0.9886 - val_accuracy: 0.6543 - 4s/epoch - 5ms/step
Epoch 90/100
782/782 - 4s - loss: 0.8702 - accuracy: 0.6927 - val_loss: 0.9788 - val_accuracy: 0.6570 - 4s/epoch - 5ms/step
Epoch 91/100
782/782 - 4s - loss: 0.8684 - accuracy: 0.6944 - val_loss: 0.9860 - val_accuracy: 0.6596 - 4s/epoch - 5ms/step
Epoch 92/100
782/782 - 4s - loss: 0.8669 - accuracy: 0.6961 - val_loss: 0.9779 - val_accuracy: 0.6613 - 4s/epoch - 5ms/step
Epoch 93/100
782/782 - 4s - loss: 0.8647 - accuracy: 0.6954 - val_loss: 0.9786 - val_accuracy: 0.6617 - 4s/epoch - 5ms/step
Epoch 94/100
782/782 - 4s - loss: 0.8629 - accuracy: 0.6960 - val_loss: 0.9777 - val_accuracy: 0.6622 - 4s/epoch - 5ms/step
Epoch 95/100
782/782 - 4s - loss: 0.8602 - accuracy: 0.6964 - val_loss: 0.9754 - val_accuracy: 0.6619 - 4s/epoch - 5ms/step
Epoch 96/100
782/782 - 4s - loss: 0.8563 - accuracy: 0.7006 - val_loss: 0.9884 - val_accuracy: 0.6599 - 4s/epoch - 5ms/step
Epoch 97/100
782/782 - 4s - loss: 0.8542 - accuracy: 0.7008 - val_loss: 0.9766 - val_accuracy: 0.6634 - 4s/epoch - 5ms/step
Epoch 98/100
782/782 - 4s - loss: 0.8530 - accuracy: 0.7004 - val_loss: 0.9828 - val_accuracy: 0.6603 - 4s/epoch - 5ms/step
Epoch 99/100
782/782 - 4s - loss: 0.8478 - accuracy: 0.7011 - val_loss: 0.9839 - val_accuracy: 0.6615 - 4s/epoch - 5ms/step
Epoch 100/100
782/782 - 4s - loss: 0.8471 - accuracy: 0.7037 - val_loss: 0.9749 - val_accuracy: 0.6622 - 4s/epoch - 5ms/step
313/313 - 1s - loss: 0.9750 - accuracy: 0.6622 - 795ms/epoch - 3ms/step

ACCURACY: 0.6621999740600586


SCORE: -0.613757653842041

[92m | MODULE VALUES ---------------------------------------------  |
 [0m
FLOPS: 74891164
PARAMS: 1679418.0
[92m 
 | -----------------------------------------------------------  |
 [0m

BANANAS BASELINE FINISHED
TOTAL TIME --------> 768.85 seconds
BEST SCORE --------> -0.6363013230265884
HISTORY -----------> results_BANANAS_requeue/bananas_cifar10_seed7_e1000_ep100/algorithm_logs/bananas_history.csv
Completed after chunk: 2/1000
Requeueing array task 106723_3
