Using the latest cached version of the dataset since uoft-cs/cifar10 couldn't be found on the Hugging Face Hub (offline mode is enabled).
Found the latest cached dataset configuration 'plain_text' at /hpc/home/fresca/.cache/huggingface/datasets/uoft-cs___cifar10/plain_text/0.0.0/0b2714987fa478483af9968de7c934580d0bb9a2 (last modified on Wed Jun 24 10:14:50 2026).
2026-07-01 13:55:21.400104: I tensorflow/core/util/port.cc:113] oneDNN custom operations are on. You may see slightly different numerical results due to floating-point round-off errors from different computation orders. To turn them off, set the environment variable `TF_ENABLE_ONEDNN_OPTS=0`.
2026-07-01 13:55:21.423190: E external/local_xla/xla/stream_executor/cuda/cuda_dnn.cc:9261] Unable to register cuDNN factory: Attempting to register factory for plugin cuDNN when one has already been registered
2026-07-01 13:55:21.423228: E external/local_xla/xla/stream_executor/cuda/cuda_fft.cc:607] Unable to register cuFFT factory: Attempting to register factory for plugin cuFFT when one has already been registered
2026-07-01 13:55:21.423800: E external/local_xla/xla/stream_executor/cuda/cuda_blas.cc:1515] Unable to register cuBLAS factory: Attempting to register factory for plugin cuBLAS when one has already been registered
2026-07-01 13:55:21.427301: I tensorflow/core/platform/cpu_feature_guard.cc:182] This TensorFlow binary is optimized to use available CPU instructions in performance-critical operations.
To enable the following instructions: AVX2 AVX512F AVX512_VNNI AVX512_BF16 FMA, in other operations, rebuild TensorFlow with the appropriate compiler flags.
2026-07-01 13:55:22.785806: W tensorflow/compiler/tf2tensorrt/utils/py_utils.cc:38] TF-TRT Warning: Could not find TensorRT
2026-07-01 13:55:24.907715: W tensorflow/core/common_runtime/gpu/gpu_device.cc:2348] TensorFlow was not built with CUDA kernel binaries compatible with compute capability 9.0. CUDA kernels will be jit-compiled from PTX, which could take 30 minutes or longer.
2026-07-01 13:55:24.912867: W tensorflow/core/common_runtime/gpu/gpu_device.cc:2348] TensorFlow was not built with CUDA kernel binaries compatible with compute capability 9.0. CUDA kernels will be jit-compiled from PTX, which could take 30 minutes or longer.
2026-07-01 13:55:25.017493: I tensorflow/core/common_runtime/gpu/gpu_device.cc:1929] Created device /job:localhost/replica:0/task:0/device:GPU:0 with 20237 MB memory:  -> device: 0, name: NVIDIA H100 NVL MIG 1g.22gb, pci bus id: 0000:03:00.0, compute capability: 9.0
2026-07-01 13:55:25.590749: I external/local_xla/xla/service/service.cc:168] XLA service 0x55b9210a37c0 initialized for platform Host (this does not guarantee that XLA will be used). Devices:
2026-07-01 13:55:25.590784: I external/local_xla/xla/service/service.cc:176]   StreamExecutor device (0): Host, Default Version
2026-07-01 13:55:25.594225: I tensorflow/compiler/mlir/tensorflow/utils/dump_mlir_util.cc:269] disabling MLIR crash reproducer, set env var `MLIR_CRASH_REPRODUCER_DIRECTORY` to enable.
WARNING: All log messages before absl::InitializeLog() is called are written to STDERR
I0000 00:00:1782906925.614380  189890 device_compiler.h:186] Compiled cluster using XLA!  This line is logged at most once for the lifetime of the process.
2026-07-01 13:55:25.615373: E external/local_xla/xla/stream_executor/stream_executor_internal.h:177] SetPriority unimplemented for this stream.
2026-07-01 13:55:29.373730: I tensorflow/core/grappler/devices.cc:66] Number of eligible GPUs (core count >= 8, compute capability >= 0.0): 1
2026-07-01 13:55:29.373800: I tensorflow/core/grappler/clusters/single_machine.cc:361] Starting new session
2026-07-01 13:55:29.378833: W tensorflow/core/common_runtime/gpu/gpu_device.cc:2348] TensorFlow was not built with CUDA kernel binaries compatible with compute capability 9.0. CUDA kernels will be jit-compiled from PTX, which could take 30 minutes or longer.
2026-07-01 13:55:29.381969: I tensorflow/core/common_runtime/gpu/gpu_device.cc:1929] Created device /job:localhost/replica:0/task:0/device:GPU:0 with 20237 MB memory:  -> device: 0, name: NVIDIA H100 NVL MIG 1g.22gb, pci bus id: 0000:03:00.0, compute capability: 9.0
WARNING:tensorflow:From /hpc/home/fresca/.conda/envs/edge-dnntuner-bananas/lib/python3.10/site-packages/tensorflow/python/ops/nn_ops.py:5256: tensor_shape_from_node_def_name (from tensorflow.python.framework.graph_util_impl) is deprecated and will be removed in a future version.
Instructions for updating:
This API was designed for TensorFlow v1. See https://www.tensorflow.org/guide/migrate for instructions on how to migrate your code to TensorFlow v2.
2026-07-01 13:55:30.890258: I external/local_xla/xla/stream_executor/cuda/cuda_dnn.cc:454] Loaded cuDNN version 8904
2026-07-01 14:11:57.592470: I tensorflow/core/grappler/devices.cc:66] Number of eligible GPUs (core count >= 8, compute capability >= 0.0): 1
2026-07-01 14:11:57.592881: I tensorflow/core/grappler/clusters/single_machine.cc:361] Starting new session
2026-07-01 14:11:57.598145: W tensorflow/core/common_runtime/gpu/gpu_device.cc:2348] TensorFlow was not built with CUDA kernel binaries compatible with compute capability 9.0. CUDA kernels will be jit-compiled from PTX, which could take 30 minutes or longer.
2026-07-01 14:11:57.601425: I tensorflow/core/common_runtime/gpu/gpu_device.cc:1929] Created device /job:localhost/replica:0/task:0/device:GPU:0 with 20237 MB memory:  -> device: 0, name: NVIDIA H100 NVL MIG 1g.22gb, pci bus id: 0000:03:00.0, compute capability: 9.0
2026-07-01 14:17:25.475569: I tensorflow/core/grappler/devices.cc:66] Number of eligible GPUs (core count >= 8, compute capability >= 0.0): 1
2026-07-01 14:17:25.475969: I tensorflow/core/grappler/clusters/single_machine.cc:361] Starting new session
2026-07-01 14:17:25.481273: W tensorflow/core/common_runtime/gpu/gpu_device.cc:2348] TensorFlow was not built with CUDA kernel binaries compatible with compute capability 9.0. CUDA kernels will be jit-compiled from PTX, which could take 30 minutes or longer.
2026-07-01 14:17:25.484584: I tensorflow/core/common_runtime/gpu/gpu_device.cc:1929] Created device /job:localhost/replica:0/task:0/device:GPU:0 with 20237 MB memory:  -> device: 0, name: NVIDIA H100 NVL MIG 1g.22gb, pci bus id: 0000:03:00.0, compute capability: 9.0
2026-07-01 14:21:53.386712: I tensorflow/core/grappler/devices.cc:66] Number of eligible GPUs (core count >= 8, compute capability >= 0.0): 1
2026-07-01 14:21:53.387103: I tensorflow/core/grappler/clusters/single_machine.cc:361] Starting new session
2026-07-01 14:21:53.392136: W tensorflow/core/common_runtime/gpu/gpu_device.cc:2348] TensorFlow was not built with CUDA kernel binaries compatible with compute capability 9.0. CUDA kernels will be jit-compiled from PTX, which could take 30 minutes or longer.
2026-07-01 14:21:53.395172: I tensorflow/core/common_runtime/gpu/gpu_device.cc:1929] Created device /job:localhost/replica:0/task:0/device:GPU:0 with 20237 MB memory:  -> device: 0, name: NVIDIA H100 NVL MIG 1g.22gb, pci bus id: 0000:03:00.0, compute capability: 9.0
2026-07-01 14:33:21.504397: I tensorflow/core/grappler/devices.cc:66] Number of eligible GPUs (core count >= 8, compute capability >= 0.0): 1
2026-07-01 14:33:21.504787: I tensorflow/core/grappler/clusters/single_machine.cc:361] Starting new session
2026-07-01 14:33:21.510025: W tensorflow/core/common_runtime/gpu/gpu_device.cc:2348] TensorFlow was not built with CUDA kernel binaries compatible with compute capability 9.0. CUDA kernels will be jit-compiled from PTX, which could take 30 minutes or longer.
2026-07-01 14:33:21.513283: I tensorflow/core/common_runtime/gpu/gpu_device.cc:1929] Created device /job:localhost/replica:0/task:0/device:GPU:0 with 20237 MB memory:  -> device: 0, name: NVIDIA H100 NVL MIG 1g.22gb, pci bus id: 0000:03:00.0, compute capability: 9.0
2026-07-01 14:39:49.379231: I tensorflow/core/grappler/devices.cc:66] Number of eligible GPUs (core count >= 8, compute capability >= 0.0): 1
2026-07-01 14:39:49.379635: I tensorflow/core/grappler/clusters/single_machine.cc:361] Starting new session
2026-07-01 14:39:49.384886: W tensorflow/core/common_runtime/gpu/gpu_device.cc:2348] TensorFlow was not built with CUDA kernel binaries compatible with compute capability 9.0. CUDA kernels will be jit-compiled from PTX, which could take 30 minutes or longer.
2026-07-01 14:39:49.388163: I tensorflow/core/common_runtime/gpu/gpu_device.cc:1929] Created device /job:localhost/replica:0/task:0/device:GPU:0 with 20237 MB memory:  -> device: 0, name: NVIDIA H100 NVL MIG 1g.22gb, pci bus id: 0000:03:00.0, compute capability: 9.0
2026-07-01 14:52:19.400013: I tensorflow/core/grappler/devices.cc:66] Number of eligible GPUs (core count >= 8, compute capability >= 0.0): 1
2026-07-01 14:52:19.400445: I tensorflow/core/grappler/clusters/single_machine.cc:361] Starting new session
2026-07-01 14:52:19.405353: W tensorflow/core/common_runtime/gpu/gpu_device.cc:2348] TensorFlow was not built with CUDA kernel binaries compatible with compute capability 9.0. CUDA kernels will be jit-compiled from PTX, which could take 30 minutes or longer.
2026-07-01 14:52:19.408499: I tensorflow/core/common_runtime/gpu/gpu_device.cc:1929] Created device /job:localhost/replica:0/task:0/device:GPU:0 with 20237 MB memory:  -> device: 0, name: NVIDIA H100 NVL MIG 1g.22gb, pci bus id: 0000:03:00.0, compute capability: 9.0
2026-07-01 15:08:47.446859: I tensorflow/core/grappler/devices.cc:66] Number of eligible GPUs (core count >= 8, compute capability >= 0.0): 1
2026-07-01 15:08:47.447266: I tensorflow/core/grappler/clusters/single_machine.cc:361] Starting new session
2026-07-01 15:08:47.452141: W tensorflow/core/common_runtime/gpu/gpu_device.cc:2348] TensorFlow was not built with CUDA kernel binaries compatible with compute capability 9.0. CUDA kernels will be jit-compiled from PTX, which could take 30 minutes or longer.
2026-07-01 15:08:47.455193: I tensorflow/core/common_runtime/gpu/gpu_device.cc:1929] Created device /job:localhost/replica:0/task:0/device:GPU:0 with 20237 MB memory:  -> device: 0, name: NVIDIA H100 NVL MIG 1g.22gb, pci bus id: 0000:03:00.0, compute capability: 9.0
2026-07-01 15:18:14.679153: I tensorflow/core/grappler/devices.cc:66] Number of eligible GPUs (core count >= 8, compute capability >= 0.0): 1
2026-07-01 15:18:14.679515: I tensorflow/core/grappler/clusters/single_machine.cc:361] Starting new session
2026-07-01 15:18:14.684345: W tensorflow/core/common_runtime/gpu/gpu_device.cc:2348] TensorFlow was not built with CUDA kernel binaries compatible with compute capability 9.0. CUDA kernels will be jit-compiled from PTX, which could take 30 minutes or longer.
2026-07-01 15:18:14.687390: I tensorflow/core/common_runtime/gpu/gpu_device.cc:1929] Created device /job:localhost/replica:0/task:0/device:GPU:0 with 20237 MB memory:  -> device: 0, name: NVIDIA H100 NVL MIG 1g.22gb, pci bus id: 0000:03:00.0, compute capability: 9.0
2026-07-01 15:20:42.897001: I tensorflow/core/grappler/devices.cc:66] Number of eligible GPUs (core count >= 8, compute capability >= 0.0): 1
2026-07-01 15:20:42.897363: I tensorflow/core/grappler/clusters/single_machine.cc:361] Starting new session
2026-07-01 15:20:42.902225: W tensorflow/core/common_runtime/gpu/gpu_device.cc:2348] TensorFlow was not built with CUDA kernel binaries compatible with compute capability 9.0. CUDA kernels will be jit-compiled from PTX, which could take 30 minutes or longer.
2026-07-01 15:20:42.905259: I tensorflow/core/common_runtime/gpu/gpu_device.cc:1929] Created device /job:localhost/replica:0/task:0/device:GPU:0 with 20237 MB memory:  -> device: 0, name: NVIDIA H100 NVL MIG 1g.22gb, pci bus id: 0000:03:00.0, compute capability: 9.0
2026-07-01 15:27:10.613987: I tensorflow/core/grappler/devices.cc:66] Number of eligible GPUs (core count >= 8, compute capability >= 0.0): 1
2026-07-01 15:27:10.614406: I tensorflow/core/grappler/clusters/single_machine.cc:361] Starting new session
2026-07-01 15:27:10.619338: W tensorflow/core/common_runtime/gpu/gpu_device.cc:2348] TensorFlow was not built with CUDA kernel binaries compatible with compute capability 9.0. CUDA kernels will be jit-compiled from PTX, which could take 30 minutes or longer.
2026-07-01 15:27:10.622401: I tensorflow/core/common_runtime/gpu/gpu_device.cc:1929] Created device /job:localhost/replica:0/task:0/device:GPU:0 with 20237 MB memory:  -> device: 0, name: NVIDIA H100 NVL MIG 1g.22gb, pci bus id: 0000:03:00.0, compute capability: 9.0
2026-07-01 15:29:38.089834: I tensorflow/core/grappler/devices.cc:66] Number of eligible GPUs (core count >= 8, compute capability >= 0.0): 1
2026-07-01 15:29:38.090225: I tensorflow/core/grappler/clusters/single_machine.cc:361] Starting new session
2026-07-01 15:29:38.095099: W tensorflow/core/common_runtime/gpu/gpu_device.cc:2348] TensorFlow was not built with CUDA kernel binaries compatible with compute capability 9.0. CUDA kernels will be jit-compiled from PTX, which could take 30 minutes or longer.
2026-07-01 15:29:38.098166: I tensorflow/core/common_runtime/gpu/gpu_device.cc:1929] Created device /job:localhost/replica:0/task:0/device:GPU:0 with 20237 MB memory:  -> device: 0, name: NVIDIA H100 NVL MIG 1g.22gb, pci bus id: 0000:03:00.0, compute capability: 9.0
2026-07-01 15:34:06.855784: I tensorflow/core/grappler/devices.cc:66] Number of eligible GPUs (core count >= 8, compute capability >= 0.0): 1
2026-07-01 15:34:06.856181: I tensorflow/core/grappler/clusters/single_machine.cc:361] Starting new session
2026-07-01 15:34:06.861173: W tensorflow/core/common_runtime/gpu/gpu_device.cc:2348] TensorFlow was not built with CUDA kernel binaries compatible with compute capability 9.0. CUDA kernels will be jit-compiled from PTX, which could take 30 minutes or longer.
2026-07-01 15:34:06.864392: I tensorflow/core/common_runtime/gpu/gpu_device.cc:1929] Created device /job:localhost/replica:0/task:0/device:GPU:0 with 20237 MB memory:  -> device: 0, name: NVIDIA H100 NVL MIG 1g.22gb, pci bus id: 0000:03:00.0, compute capability: 9.0
2026-07-01 16:00:34.691086: I tensorflow/core/grappler/devices.cc:66] Number of eligible GPUs (core count >= 8, compute capability >= 0.0): 1
2026-07-01 16:00:34.691462: I tensorflow/core/grappler/clusters/single_machine.cc:361] Starting new session
2026-07-01 16:00:34.696329: W tensorflow/core/common_runtime/gpu/gpu_device.cc:2348] TensorFlow was not built with CUDA kernel binaries compatible with compute capability 9.0. CUDA kernels will be jit-compiled from PTX, which could take 30 minutes or longer.
2026-07-01 16:00:34.699367: I tensorflow/core/common_runtime/gpu/gpu_device.cc:1929] Created device /job:localhost/replica:0/task:0/device:GPU:0 with 20237 MB memory:  -> device: 0, name: NVIDIA H100 NVL MIG 1g.22gb, pci bus id: 0000:03:00.0, compute capability: 9.0
2026-07-01 16:05:02.230569: I tensorflow/core/grappler/devices.cc:66] Number of eligible GPUs (core count >= 8, compute capability >= 0.0): 1
2026-07-01 16:05:02.230959: I tensorflow/core/grappler/clusters/single_machine.cc:361] Starting new session
2026-07-01 16:05:02.236054: W tensorflow/core/common_runtime/gpu/gpu_device.cc:2348] TensorFlow was not built with CUDA kernel binaries compatible with compute capability 9.0. CUDA kernels will be jit-compiled from PTX, which could take 30 minutes or longer.
2026-07-01 16:05:02.239222: I tensorflow/core/common_runtime/gpu/gpu_device.cc:1929] Created device /job:localhost/replica:0/task:0/device:GPU:0 with 20237 MB memory:  -> device: 0, name: NVIDIA H100 NVL MIG 1g.22gb, pci bus id: 0000:03:00.0, compute capability: 9.0
2026-07-01 16:07:31.926254: I tensorflow/core/grappler/devices.cc:66] Number of eligible GPUs (core count >= 8, compute capability >= 0.0): 1
2026-07-01 16:07:31.926679: I tensorflow/core/grappler/clusters/single_machine.cc:361] Starting new session
2026-07-01 16:07:31.931753: W tensorflow/core/common_runtime/gpu/gpu_device.cc:2348] TensorFlow was not built with CUDA kernel binaries compatible with compute capability 9.0. CUDA kernels will be jit-compiled from PTX, which could take 30 minutes or longer.
2026-07-01 16:07:31.934902: I tensorflow/core/common_runtime/gpu/gpu_device.cc:1929] Created device /job:localhost/replica:0/task:0/device:GPU:0 with 20237 MB memory:  -> device: 0, name: NVIDIA H100 NVL MIG 1g.22gb, pci bus id: 0000:03:00.0, compute capability: 9.0
2026-07-01 16:44:01.014877: I tensorflow/core/grappler/devices.cc:66] Number of eligible GPUs (core count >= 8, compute capability >= 0.0): 1
2026-07-01 16:44:01.015286: I tensorflow/core/grappler/clusters/single_machine.cc:361] Starting new session
2026-07-01 16:44:01.020612: W tensorflow/core/common_runtime/gpu/gpu_device.cc:2348] TensorFlow was not built with CUDA kernel binaries compatible with compute capability 9.0. CUDA kernels will be jit-compiled from PTX, which could take 30 minutes or longer.
2026-07-01 16:44:01.024120: I tensorflow/core/common_runtime/gpu/gpu_device.cc:1929] Created device /job:localhost/replica:0/task:0/device:GPU:0 with 20237 MB memory:  -> device: 0, name: NVIDIA H100 NVL MIG 1g.22gb, pci bus id: 0000:03:00.0, compute capability: 9.0
2026-07-01 17:18:29.948278: I tensorflow/core/grappler/devices.cc:66] Number of eligible GPUs (core count >= 8, compute capability >= 0.0): 1
2026-07-01 17:18:29.948658: I tensorflow/core/grappler/clusters/single_machine.cc:361] Starting new session
2026-07-01 17:18:29.953846: W tensorflow/core/common_runtime/gpu/gpu_device.cc:2348] TensorFlow was not built with CUDA kernel binaries compatible with compute capability 9.0. CUDA kernels will be jit-compiled from PTX, which could take 30 minutes or longer.
2026-07-01 17:18:29.956987: I tensorflow/core/common_runtime/gpu/gpu_device.cc:1929] Created device /job:localhost/replica:0/task:0/device:GPU:0 with 20237 MB memory:  -> device: 0, name: NVIDIA H100 NVL MIG 1g.22gb, pci bus id: 0000:03:00.0, compute capability: 9.0
2026-07-01 17:51:58.963604: I tensorflow/core/grappler/devices.cc:66] Number of eligible GPUs (core count >= 8, compute capability >= 0.0): 1
2026-07-01 17:51:58.963996: I tensorflow/core/grappler/clusters/single_machine.cc:361] Starting new session
2026-07-01 17:51:58.970811: W tensorflow/core/common_runtime/gpu/gpu_device.cc:2348] TensorFlow was not built with CUDA kernel binaries compatible with compute capability 9.0. CUDA kernels will be jit-compiled from PTX, which could take 30 minutes or longer.
2026-07-01 17:51:58.974319: I tensorflow/core/common_runtime/gpu/gpu_device.cc:1929] Created device /job:localhost/replica:0/task:0/device:GPU:0 with 20237 MB memory:  -> device: 0, name: NVIDIA H100 NVL MIG 1g.22gb, pci bus id: 0000:03:00.0, compute capability: 9.0
2026-07-01 17:57:28.946847: I tensorflow/core/grappler/devices.cc:66] Number of eligible GPUs (core count >= 8, compute capability >= 0.0): 1
2026-07-01 17:57:28.947228: I tensorflow/core/grappler/clusters/single_machine.cc:361] Starting new session
2026-07-01 17:57:28.952425: W tensorflow/core/common_runtime/gpu/gpu_device.cc:2348] TensorFlow was not built with CUDA kernel binaries compatible with compute capability 9.0. CUDA kernels will be jit-compiled from PTX, which could take 30 minutes or longer.
2026-07-01 17:57:28.955831: I tensorflow/core/common_runtime/gpu/gpu_device.cc:1929] Created device /job:localhost/replica:0/task:0/device:GPU:0 with 20237 MB memory:  -> device: 0, name: NVIDIA H100 NVL MIG 1g.22gb, pci bus id: 0000:03:00.0, compute capability: 9.0
2026-07-01 17:59:58.007124: I tensorflow/core/grappler/devices.cc:66] Number of eligible GPUs (core count >= 8, compute capability >= 0.0): 1
2026-07-01 17:59:58.007528: I tensorflow/core/grappler/clusters/single_machine.cc:361] Starting new session
2026-07-01 17:59:58.012741: W tensorflow/core/common_runtime/gpu/gpu_device.cc:2348] TensorFlow was not built with CUDA kernel binaries compatible with compute capability 9.0. CUDA kernels will be jit-compiled from PTX, which could take 30 minutes or longer.
2026-07-01 17:59:58.017188: I tensorflow/core/common_runtime/gpu/gpu_device.cc:1929] Created device /job:localhost/replica:0/task:0/device:GPU:0 with 20237 MB memory:  -> device: 0, name: NVIDIA H100 NVL MIG 1g.22gb, pci bus id: 0000:03:00.0, compute capability: 9.0
2026-07-01 18:05:26.845929: I tensorflow/core/grappler/devices.cc:66] Number of eligible GPUs (core count >= 8, compute capability >= 0.0): 1
2026-07-01 18:05:26.846311: I tensorflow/core/grappler/clusters/single_machine.cc:361] Starting new session
2026-07-01 18:05:26.851562: W tensorflow/core/common_runtime/gpu/gpu_device.cc:2348] TensorFlow was not built with CUDA kernel binaries compatible with compute capability 9.0. CUDA kernels will be jit-compiled from PTX, which could take 30 minutes or longer.
2026-07-01 18:05:26.855004: I tensorflow/core/common_runtime/gpu/gpu_device.cc:1929] Created device /job:localhost/replica:0/task:0/device:GPU:0 with 20237 MB memory:  -> device: 0, name: NVIDIA H100 NVL MIG 1g.22gb, pci bus id: 0000:03:00.0, compute capability: 9.0
2026-07-01 18:38:56.129469: I tensorflow/core/grappler/devices.cc:66] Number of eligible GPUs (core count >= 8, compute capability >= 0.0): 1
2026-07-01 18:38:56.129849: I tensorflow/core/grappler/clusters/single_machine.cc:361] Starting new session
2026-07-01 18:38:56.134665: W tensorflow/core/common_runtime/gpu/gpu_device.cc:2348] TensorFlow was not built with CUDA kernel binaries compatible with compute capability 9.0. CUDA kernels will be jit-compiled from PTX, which could take 30 minutes or longer.
2026-07-01 18:38:56.137686: I tensorflow/core/common_runtime/gpu/gpu_device.cc:1929] Created device /job:localhost/replica:0/task:0/device:GPU:0 with 20237 MB memory:  -> device: 0, name: NVIDIA H100 NVL MIG 1g.22gb, pci bus id: 0000:03:00.0, compute capability: 9.0
2026-07-01 18:50:25.318285: I tensorflow/core/grappler/devices.cc:66] Number of eligible GPUs (core count >= 8, compute capability >= 0.0): 1
2026-07-01 18:50:25.318657: I tensorflow/core/grappler/clusters/single_machine.cc:361] Starting new session
2026-07-01 18:50:25.324045: W tensorflow/core/common_runtime/gpu/gpu_device.cc:2348] TensorFlow was not built with CUDA kernel binaries compatible with compute capability 9.0. CUDA kernels will be jit-compiled from PTX, which could take 30 minutes or longer.
2026-07-01 18:50:25.327460: I tensorflow/core/common_runtime/gpu/gpu_device.cc:1929] Created device /job:localhost/replica:0/task:0/device:GPU:0 with 20237 MB memory:  -> device: 0, name: NVIDIA H100 NVL MIG 1g.22gb, pci bus id: 0000:03:00.0, compute capability: 9.0
2026-07-01 19:08:55.344519: I tensorflow/core/grappler/devices.cc:66] Number of eligible GPUs (core count >= 8, compute capability >= 0.0): 1
2026-07-01 19:08:55.344919: I tensorflow/core/grappler/clusters/single_machine.cc:361] Starting new session
2026-07-01 19:08:55.349947: W tensorflow/core/common_runtime/gpu/gpu_device.cc:2348] TensorFlow was not built with CUDA kernel binaries compatible with compute capability 9.0. CUDA kernels will be jit-compiled from PTX, which could take 30 minutes or longer.
2026-07-01 19:08:55.353395: I tensorflow/core/common_runtime/gpu/gpu_device.cc:1929] Created device /job:localhost/replica:0/task:0/device:GPU:0 with 20237 MB memory:  -> device: 0, name: NVIDIA H100 NVL MIG 1g.22gb, pci bus id: 0000:03:00.0, compute capability: 9.0
