Using the latest cached version of the dataset since uoft-cs/cifar10 couldn't be found on the Hugging Face Hub (offline mode is enabled).
Found the latest cached dataset configuration 'plain_text' at /hpc/home/fresca/.cache/huggingface/datasets/uoft-cs___cifar10/plain_text/0.0.0/0b2714987fa478483af9968de7c934580d0bb9a2 (last modified on Wed Jun 24 10:14:50 2026).
2026-06-29 19:46:15.226553: I tensorflow/core/util/port.cc:113] oneDNN custom operations are on. You may see slightly different numerical results due to floating-point round-off errors from different computation orders. To turn them off, set the environment variable `TF_ENABLE_ONEDNN_OPTS=0`.
2026-06-29 19:46:15.248710: E external/local_xla/xla/stream_executor/cuda/cuda_dnn.cc:9261] Unable to register cuDNN factory: Attempting to register factory for plugin cuDNN when one has already been registered
2026-06-29 19:46:15.248753: E external/local_xla/xla/stream_executor/cuda/cuda_fft.cc:607] Unable to register cuFFT factory: Attempting to register factory for plugin cuFFT when one has already been registered
2026-06-29 19:46:15.249338: E external/local_xla/xla/stream_executor/cuda/cuda_blas.cc:1515] Unable to register cuBLAS factory: Attempting to register factory for plugin cuBLAS when one has already been registered
2026-06-29 19:46:15.252780: I tensorflow/core/platform/cpu_feature_guard.cc:182] This TensorFlow binary is optimized to use available CPU instructions in performance-critical operations.
To enable the following instructions: AVX2 AVX512F AVX512_VNNI AVX512_BF16 FMA, in other operations, rebuild TensorFlow with the appropriate compiler flags.
2026-06-29 19:46:16.585690: W tensorflow/compiler/tf2tensorrt/utils/py_utils.cc:38] TF-TRT Warning: Could not find TensorRT
2026-06-29 19:46:18.485977: W tensorflow/core/common_runtime/gpu/gpu_device.cc:2348] TensorFlow was not built with CUDA kernel binaries compatible with compute capability 9.0. CUDA kernels will be jit-compiled from PTX, which could take 30 minutes or longer.
2026-06-29 19:46:18.491109: W tensorflow/core/common_runtime/gpu/gpu_device.cc:2348] TensorFlow was not built with CUDA kernel binaries compatible with compute capability 9.0. CUDA kernels will be jit-compiled from PTX, which could take 30 minutes or longer.
2026-06-29 19:46:18.594326: I tensorflow/core/common_runtime/gpu/gpu_device.cc:1929] Created device /job:localhost/replica:0/task:0/device:GPU:0 with 20237 MB memory:  -> device: 0, name: NVIDIA H100 NVL MIG 1g.22gb, pci bus id: 0000:03:00.0, compute capability: 9.0
2026-06-29 19:46:18.868403: I tensorflow/core/grappler/devices.cc:66] Number of eligible GPUs (core count >= 8, compute capability >= 0.0): 1
2026-06-29 19:46:18.868520: I tensorflow/core/grappler/clusters/single_machine.cc:361] Starting new session
2026-06-29 19:46:18.874912: W tensorflow/core/common_runtime/gpu/gpu_device.cc:2348] TensorFlow was not built with CUDA kernel binaries compatible with compute capability 9.0. CUDA kernels will be jit-compiled from PTX, which could take 30 minutes or longer.
2026-06-29 19:46:18.878105: I tensorflow/core/common_runtime/gpu/gpu_device.cc:1929] Created device /job:localhost/replica:0/task:0/device:GPU:0 with 20237 MB memory:  -> device: 0, name: NVIDIA H100 NVL MIG 1g.22gb, pci bus id: 0000:03:00.0, compute capability: 9.0
WARNING:tensorflow:From /hpc/home/fresca/.conda/envs/edge-dnntuner-bananas/lib/python3.10/site-packages/tensorflow/python/ops/nn_ops.py:5256: tensor_shape_from_node_def_name (from tensorflow.python.framework.graph_util_impl) is deprecated and will be removed in a future version.
Instructions for updating:
This API was designed for TensorFlow v1. See https://www.tensorflow.org/guide/migrate for instructions on how to migrate your code to TensorFlow v2.
2026-06-29 19:46:21.124006: I external/local_xla/xla/stream_executor/cuda/cuda_dnn.cc:454] Loaded cuDNN version 8904
2026-06-29 19:50:43.487859: I tensorflow/core/grappler/devices.cc:66] Number of eligible GPUs (core count >= 8, compute capability >= 0.0): 1
2026-06-29 19:50:43.488265: I tensorflow/core/grappler/clusters/single_machine.cc:361] Starting new session
2026-06-29 19:50:43.493691: W tensorflow/core/common_runtime/gpu/gpu_device.cc:2348] TensorFlow was not built with CUDA kernel binaries compatible with compute capability 9.0. CUDA kernels will be jit-compiled from PTX, which could take 30 minutes or longer.
2026-06-29 19:50:43.496942: I tensorflow/core/common_runtime/gpu/gpu_device.cc:1929] Created device /job:localhost/replica:0/task:0/device:GPU:0 with 20237 MB memory:  -> device: 0, name: NVIDIA H100 NVL MIG 1g.22gb, pci bus id: 0000:03:00.0, compute capability: 9.0
2026-06-29 19:58:08.256297: I tensorflow/core/grappler/devices.cc:66] Number of eligible GPUs (core count >= 8, compute capability >= 0.0): 1
2026-06-29 19:58:08.256767: I tensorflow/core/grappler/clusters/single_machine.cc:361] Starting new session
2026-06-29 19:58:08.263109: W tensorflow/core/common_runtime/gpu/gpu_device.cc:2348] TensorFlow was not built with CUDA kernel binaries compatible with compute capability 9.0. CUDA kernels will be jit-compiled from PTX, which could take 30 minutes or longer.
2026-06-29 19:58:08.266536: I tensorflow/core/common_runtime/gpu/gpu_device.cc:1929] Created device /job:localhost/replica:0/task:0/device:GPU:0 with 20237 MB memory:  -> device: 0, name: NVIDIA H100 NVL MIG 1g.22gb, pci bus id: 0000:03:00.0, compute capability: 9.0
2026-06-29 20:09:32.971441: I tensorflow/core/grappler/devices.cc:66] Number of eligible GPUs (core count >= 8, compute capability >= 0.0): 1
2026-06-29 20:09:32.971859: I tensorflow/core/grappler/clusters/single_machine.cc:361] Starting new session
2026-06-29 20:09:32.977054: W tensorflow/core/common_runtime/gpu/gpu_device.cc:2348] TensorFlow was not built with CUDA kernel binaries compatible with compute capability 9.0. CUDA kernels will be jit-compiled from PTX, which could take 30 minutes or longer.
2026-06-29 20:09:32.980265: I tensorflow/core/common_runtime/gpu/gpu_device.cc:1929] Created device /job:localhost/replica:0/task:0/device:GPU:0 with 20237 MB memory:  -> device: 0, name: NVIDIA H100 NVL MIG 1g.22gb, pci bus id: 0000:03:00.0, compute capability: 9.0
2026-06-29 20:44:57.639872: I tensorflow/core/grappler/devices.cc:66] Number of eligible GPUs (core count >= 8, compute capability >= 0.0): 1
2026-06-29 20:44:57.640309: I tensorflow/core/grappler/clusters/single_machine.cc:361] Starting new session
2026-06-29 20:44:57.645719: W tensorflow/core/common_runtime/gpu/gpu_device.cc:2348] TensorFlow was not built with CUDA kernel binaries compatible with compute capability 9.0. CUDA kernels will be jit-compiled from PTX, which could take 30 minutes or longer.
2026-06-29 20:44:57.649217: I tensorflow/core/common_runtime/gpu/gpu_device.cc:1929] Created device /job:localhost/replica:0/task:0/device:GPU:0 with 20237 MB memory:  -> device: 0, name: NVIDIA H100 NVL MIG 1g.22gb, pci bus id: 0000:03:00.0, compute capability: 9.0
2026-06-29 20:57:22.398908: I tensorflow/core/grappler/devices.cc:66] Number of eligible GPUs (core count >= 8, compute capability >= 0.0): 1
2026-06-29 20:57:22.399328: I tensorflow/core/grappler/clusters/single_machine.cc:361] Starting new session
2026-06-29 20:57:22.404494: W tensorflow/core/common_runtime/gpu/gpu_device.cc:2348] TensorFlow was not built with CUDA kernel binaries compatible with compute capability 9.0. CUDA kernels will be jit-compiled from PTX, which could take 30 minutes or longer.
2026-06-29 20:57:22.407712: I tensorflow/core/common_runtime/gpu/gpu_device.cc:1929] Created device /job:localhost/replica:0/task:0/device:GPU:0 with 20237 MB memory:  -> device: 0, name: NVIDIA H100 NVL MIG 1g.22gb, pci bus id: 0000:03:00.0, compute capability: 9.0
2026-06-29 20:57:23.233213: I tensorflow/core/grappler/devices.cc:66] Number of eligible GPUs (core count >= 8, compute capability >= 0.0): 1
2026-06-29 20:57:23.233309: I tensorflow/core/grappler/clusters/single_machine.cc:361] Starting new session
2026-06-29 20:57:23.238230: W tensorflow/core/common_runtime/gpu/gpu_device.cc:2348] TensorFlow was not built with CUDA kernel binaries compatible with compute capability 9.0. CUDA kernels will be jit-compiled from PTX, which could take 30 minutes or longer.
2026-06-29 20:57:23.241463: I tensorflow/core/common_runtime/gpu/gpu_device.cc:1929] Created device /job:localhost/replica:0/task:0/device:GPU:0 with 20237 MB memory:  -> device: 0, name: NVIDIA H100 NVL MIG 1g.22gb, pci bus id: 0000:03:00.0, compute capability: 9.0
2026-06-29 21:06:47.352985: I tensorflow/core/grappler/devices.cc:66] Number of eligible GPUs (core count >= 8, compute capability >= 0.0): 1
2026-06-29 21:06:47.353400: I tensorflow/core/grappler/clusters/single_machine.cc:361] Starting new session
2026-06-29 21:06:47.358864: W tensorflow/core/common_runtime/gpu/gpu_device.cc:2348] TensorFlow was not built with CUDA kernel binaries compatible with compute capability 9.0. CUDA kernels will be jit-compiled from PTX, which could take 30 minutes or longer.
2026-06-29 21:06:47.362332: I tensorflow/core/common_runtime/gpu/gpu_device.cc:1929] Created device /job:localhost/replica:0/task:0/device:GPU:0 with 20237 MB memory:  -> device: 0, name: NVIDIA H100 NVL MIG 1g.22gb, pci bus id: 0000:03:00.0, compute capability: 9.0
2026-06-29 21:19:11.715588: I tensorflow/core/grappler/devices.cc:66] Number of eligible GPUs (core count >= 8, compute capability >= 0.0): 1
2026-06-29 21:19:11.715975: I tensorflow/core/grappler/clusters/single_machine.cc:361] Starting new session
2026-06-29 21:19:11.721574: W tensorflow/core/common_runtime/gpu/gpu_device.cc:2348] TensorFlow was not built with CUDA kernel binaries compatible with compute capability 9.0. CUDA kernels will be jit-compiled from PTX, which could take 30 minutes or longer.
2026-06-29 21:19:11.724923: I tensorflow/core/common_runtime/gpu/gpu_device.cc:1929] Created device /job:localhost/replica:0/task:0/device:GPU:0 with 20237 MB memory:  -> device: 0, name: NVIDIA H100 NVL MIG 1g.22gb, pci bus id: 0000:03:00.0, compute capability: 9.0
2026-06-29 21:25:36.045485: I tensorflow/core/grappler/devices.cc:66] Number of eligible GPUs (core count >= 8, compute capability >= 0.0): 1
2026-06-29 21:25:36.045920: I tensorflow/core/grappler/clusters/single_machine.cc:361] Starting new session
2026-06-29 21:25:36.051470: W tensorflow/core/common_runtime/gpu/gpu_device.cc:2348] TensorFlow was not built with CUDA kernel binaries compatible with compute capability 9.0. CUDA kernels will be jit-compiled from PTX, which could take 30 minutes or longer.
2026-06-29 21:25:36.055943: I tensorflow/core/common_runtime/gpu/gpu_device.cc:1929] Created device /job:localhost/replica:0/task:0/device:GPU:0 with 20237 MB memory:  -> device: 0, name: NVIDIA H100 NVL MIG 1g.22gb, pci bus id: 0000:03:00.0, compute capability: 9.0
2026-06-29 21:25:36.756107: I external/local_xla/xla/service/service.cc:168] XLA service 0x7f01850fd840 initialized for platform Host (this does not guarantee that XLA will be used). Devices:
2026-06-29 21:25:36.756143: I external/local_xla/xla/service/service.cc:176]   StreamExecutor device (0): Host, Default Version
2026-06-29 21:25:36.759504: I tensorflow/compiler/mlir/tensorflow/utils/dump_mlir_util.cc:269] disabling MLIR crash reproducer, set env var `MLIR_CRASH_REPRODUCER_DIRECTORY` to enable.
WARNING: All log messages before absl::InitializeLog() is called are written to STDERR
I0000 00:00:1782761136.778997   45664 device_compiler.h:186] Compiled cluster using XLA!  This line is logged at most once for the lifetime of the process.
2026-06-29 21:25:36.780078: E external/local_xla/xla/stream_executor/stream_executor_internal.h:177] SetPriority unimplemented for this stream.
2026-06-29 21:25:39.989398: I tensorflow/core/grappler/devices.cc:66] Number of eligible GPUs (core count >= 8, compute capability >= 0.0): 1
2026-06-29 21:25:39.989484: I tensorflow/core/grappler/clusters/single_machine.cc:361] Starting new session
2026-06-29 21:25:39.995974: W tensorflow/core/common_runtime/gpu/gpu_device.cc:2348] TensorFlow was not built with CUDA kernel binaries compatible with compute capability 9.0. CUDA kernels will be jit-compiled from PTX, which could take 30 minutes or longer.
2026-06-29 21:25:39.999450: I tensorflow/core/common_runtime/gpu/gpu_device.cc:1929] Created device /job:localhost/replica:0/task:0/device:GPU:0 with 20237 MB memory:  -> device: 0, name: NVIDIA H100 NVL MIG 1g.22gb, pci bus id: 0000:03:00.0, compute capability: 9.0
2026-06-29 21:42:07.495163: I tensorflow/core/grappler/devices.cc:66] Number of eligible GPUs (core count >= 8, compute capability >= 0.0): 1
2026-06-29 21:42:07.495553: I tensorflow/core/grappler/clusters/single_machine.cc:361] Starting new session
2026-06-29 21:42:07.501238: W tensorflow/core/common_runtime/gpu/gpu_device.cc:2348] TensorFlow was not built with CUDA kernel binaries compatible with compute capability 9.0. CUDA kernels will be jit-compiled from PTX, which could take 30 minutes or longer.
2026-06-29 21:42:07.504656: I tensorflow/core/common_runtime/gpu/gpu_device.cc:1929] Created device /job:localhost/replica:0/task:0/device:GPU:0 with 20237 MB memory:  -> device: 0, name: NVIDIA H100 NVL MIG 1g.22gb, pci bus id: 0000:03:00.0, compute capability: 9.0
2026-06-29 21:48:35.161700: I tensorflow/core/grappler/devices.cc:66] Number of eligible GPUs (core count >= 8, compute capability >= 0.0): 1
2026-06-29 21:48:35.162079: I tensorflow/core/grappler/clusters/single_machine.cc:361] Starting new session
2026-06-29 21:48:35.167007: W tensorflow/core/common_runtime/gpu/gpu_device.cc:2348] TensorFlow was not built with CUDA kernel binaries compatible with compute capability 9.0. CUDA kernels will be jit-compiled from PTX, which could take 30 minutes or longer.
2026-06-29 21:48:35.170073: I tensorflow/core/common_runtime/gpu/gpu_device.cc:1929] Created device /job:localhost/replica:0/task:0/device:GPU:0 with 20237 MB memory:  -> device: 0, name: NVIDIA H100 NVL MIG 1g.22gb, pci bus id: 0000:03:00.0, compute capability: 9.0
2026-06-29 21:54:02.454555: I tensorflow/core/grappler/devices.cc:66] Number of eligible GPUs (core count >= 8, compute capability >= 0.0): 1
2026-06-29 21:54:02.454919: I tensorflow/core/grappler/clusters/single_machine.cc:361] Starting new session
2026-06-29 21:54:02.460136: W tensorflow/core/common_runtime/gpu/gpu_device.cc:2348] TensorFlow was not built with CUDA kernel binaries compatible with compute capability 9.0. CUDA kernels will be jit-compiled from PTX, which could take 30 minutes or longer.
2026-06-29 21:54:02.463483: I tensorflow/core/common_runtime/gpu/gpu_device.cc:1929] Created device /job:localhost/replica:0/task:0/device:GPU:0 with 20237 MB memory:  -> device: 0, name: NVIDIA H100 NVL MIG 1g.22gb, pci bus id: 0000:03:00.0, compute capability: 9.0
2026-06-29 22:00:29.775005: I tensorflow/core/grappler/devices.cc:66] Number of eligible GPUs (core count >= 8, compute capability >= 0.0): 1
2026-06-29 22:00:29.775395: I tensorflow/core/grappler/clusters/single_machine.cc:361] Starting new session
2026-06-29 22:00:29.781096: W tensorflow/core/common_runtime/gpu/gpu_device.cc:2348] TensorFlow was not built with CUDA kernel binaries compatible with compute capability 9.0. CUDA kernels will be jit-compiled from PTX, which could take 30 minutes or longer.
2026-06-29 22:00:29.786034: I tensorflow/core/common_runtime/gpu/gpu_device.cc:1929] Created device /job:localhost/replica:0/task:0/device:GPU:0 with 20237 MB memory:  -> device: 0, name: NVIDIA H100 NVL MIG 1g.22gb, pci bus id: 0000:03:00.0, compute capability: 9.0
2026-06-29 22:10:57.598354: I tensorflow/core/grappler/devices.cc:66] Number of eligible GPUs (core count >= 8, compute capability >= 0.0): 1
2026-06-29 22:10:57.598764: I tensorflow/core/grappler/clusters/single_machine.cc:361] Starting new session
2026-06-29 22:10:57.604178: W tensorflow/core/common_runtime/gpu/gpu_device.cc:2348] TensorFlow was not built with CUDA kernel binaries compatible with compute capability 9.0. CUDA kernels will be jit-compiled from PTX, which could take 30 minutes or longer.
2026-06-29 22:10:57.607819: I tensorflow/core/common_runtime/gpu/gpu_device.cc:1929] Created device /job:localhost/replica:0/task:0/device:GPU:0 with 20237 MB memory:  -> device: 0, name: NVIDIA H100 NVL MIG 1g.22gb, pci bus id: 0000:03:00.0, compute capability: 9.0
2026-06-29 22:11:01.572940: I tensorflow/core/grappler/devices.cc:66] Number of eligible GPUs (core count >= 8, compute capability >= 0.0): 1
2026-06-29 22:11:01.573025: I tensorflow/core/grappler/clusters/single_machine.cc:361] Starting new session
2026-06-29 22:11:01.579516: W tensorflow/core/common_runtime/gpu/gpu_device.cc:2348] TensorFlow was not built with CUDA kernel binaries compatible with compute capability 9.0. CUDA kernels will be jit-compiled from PTX, which could take 30 minutes or longer.
2026-06-29 22:11:01.583166: I tensorflow/core/common_runtime/gpu/gpu_device.cc:1929] Created device /job:localhost/replica:0/task:0/device:GPU:0 with 20237 MB memory:  -> device: 0, name: NVIDIA H100 NVL MIG 1g.22gb, pci bus id: 0000:03:00.0, compute capability: 9.0
2026-06-29 22:21:29.060535: I tensorflow/core/grappler/devices.cc:66] Number of eligible GPUs (core count >= 8, compute capability >= 0.0): 1
2026-06-29 22:21:29.060961: I tensorflow/core/grappler/clusters/single_machine.cc:361] Starting new session
2026-06-29 22:21:29.066111: W tensorflow/core/common_runtime/gpu/gpu_device.cc:2348] TensorFlow was not built with CUDA kernel binaries compatible with compute capability 9.0. CUDA kernels will be jit-compiled from PTX, which could take 30 minutes or longer.
2026-06-29 22:21:29.069368: I tensorflow/core/common_runtime/gpu/gpu_device.cc:1929] Created device /job:localhost/replica:0/task:0/device:GPU:0 with 20237 MB memory:  -> device: 0, name: NVIDIA H100 NVL MIG 1g.22gb, pci bus id: 0000:03:00.0, compute capability: 9.0
2026-06-29 22:21:33.455039: I tensorflow/core/grappler/devices.cc:66] Number of eligible GPUs (core count >= 8, compute capability >= 0.0): 1
2026-06-29 22:21:33.455131: I tensorflow/core/grappler/clusters/single_machine.cc:361] Starting new session
2026-06-29 22:21:33.460349: W tensorflow/core/common_runtime/gpu/gpu_device.cc:2348] TensorFlow was not built with CUDA kernel binaries compatible with compute capability 9.0. CUDA kernels will be jit-compiled from PTX, which could take 30 minutes or longer.
2026-06-29 22:21:33.463696: I tensorflow/core/common_runtime/gpu/gpu_device.cc:1929] Created device /job:localhost/replica:0/task:0/device:GPU:0 with 20237 MB memory:  -> device: 0, name: NVIDIA H100 NVL MIG 1g.22gb, pci bus id: 0000:03:00.0, compute capability: 9.0
2026-06-29 22:31:00.530969: I tensorflow/core/grappler/devices.cc:66] Number of eligible GPUs (core count >= 8, compute capability >= 0.0): 1
2026-06-29 22:31:00.531350: I tensorflow/core/grappler/clusters/single_machine.cc:361] Starting new session
2026-06-29 22:31:00.536582: W tensorflow/core/common_runtime/gpu/gpu_device.cc:2348] TensorFlow was not built with CUDA kernel binaries compatible with compute capability 9.0. CUDA kernels will be jit-compiled from PTX, which could take 30 minutes or longer.
2026-06-29 22:31:00.539816: I tensorflow/core/common_runtime/gpu/gpu_device.cc:1929] Created device /job:localhost/replica:0/task:0/device:GPU:0 with 20237 MB memory:  -> device: 0, name: NVIDIA H100 NVL MIG 1g.22gb, pci bus id: 0000:03:00.0, compute capability: 9.0
2026-06-29 22:38:27.980695: I tensorflow/core/grappler/devices.cc:66] Number of eligible GPUs (core count >= 8, compute capability >= 0.0): 1
2026-06-29 22:38:27.981138: I tensorflow/core/grappler/clusters/single_machine.cc:361] Starting new session
2026-06-29 22:38:27.986001: W tensorflow/core/common_runtime/gpu/gpu_device.cc:2348] TensorFlow was not built with CUDA kernel binaries compatible with compute capability 9.0. CUDA kernels will be jit-compiled from PTX, which could take 30 minutes or longer.
2026-06-29 22:38:27.989245: I tensorflow/core/common_runtime/gpu/gpu_device.cc:1929] Created device /job:localhost/replica:0/task:0/device:GPU:0 with 20237 MB memory:  -> device: 0, name: NVIDIA H100 NVL MIG 1g.22gb, pci bus id: 0000:03:00.0, compute capability: 9.0
2026-06-29 23:11:55.920195: I tensorflow/core/grappler/devices.cc:66] Number of eligible GPUs (core count >= 8, compute capability >= 0.0): 1
2026-06-29 23:11:55.920604: I tensorflow/core/grappler/clusters/single_machine.cc:361] Starting new session
2026-06-29 23:11:55.925671: W tensorflow/core/common_runtime/gpu/gpu_device.cc:2348] TensorFlow was not built with CUDA kernel binaries compatible with compute capability 9.0. CUDA kernels will be jit-compiled from PTX, which could take 30 minutes or longer.
2026-06-29 23:11:55.928766: I tensorflow/core/common_runtime/gpu/gpu_device.cc:1929] Created device /job:localhost/replica:0/task:0/device:GPU:0 with 20237 MB memory:  -> device: 0, name: NVIDIA H100 NVL MIG 1g.22gb, pci bus id: 0000:03:00.0, compute capability: 9.0
2026-06-29 23:23:23.927301: I tensorflow/core/grappler/devices.cc:66] Number of eligible GPUs (core count >= 8, compute capability >= 0.0): 1
2026-06-29 23:23:23.927674: I tensorflow/core/grappler/clusters/single_machine.cc:361] Starting new session
2026-06-29 23:23:23.932632: W tensorflow/core/common_runtime/gpu/gpu_device.cc:2348] TensorFlow was not built with CUDA kernel binaries compatible with compute capability 9.0. CUDA kernels will be jit-compiled from PTX, which could take 30 minutes or longer.
2026-06-29 23:23:23.935709: I tensorflow/core/common_runtime/gpu/gpu_device.cc:1929] Created device /job:localhost/replica:0/task:0/device:GPU:0 with 20237 MB memory:  -> device: 0, name: NVIDIA H100 NVL MIG 1g.22gb, pci bus id: 0000:03:00.0, compute capability: 9.0
2026-06-29 23:57:51.293831: I tensorflow/core/grappler/devices.cc:66] Number of eligible GPUs (core count >= 8, compute capability >= 0.0): 1
2026-06-29 23:57:51.294243: I tensorflow/core/grappler/clusters/single_machine.cc:361] Starting new session
2026-06-29 23:57:51.299402: W tensorflow/core/common_runtime/gpu/gpu_device.cc:2348] TensorFlow was not built with CUDA kernel binaries compatible with compute capability 9.0. CUDA kernels will be jit-compiled from PTX, which could take 30 minutes or longer.
2026-06-29 23:57:51.302609: I tensorflow/core/common_runtime/gpu/gpu_device.cc:1929] Created device /job:localhost/replica:0/task:0/device:GPU:0 with 20237 MB memory:  -> device: 0, name: NVIDIA H100 NVL MIG 1g.22gb, pci bus id: 0000:03:00.0, compute capability: 9.0
2026-06-30 00:04:18.606433: I tensorflow/core/grappler/devices.cc:66] Number of eligible GPUs (core count >= 8, compute capability >= 0.0): 1
2026-06-30 00:04:18.606858: I tensorflow/core/grappler/clusters/single_machine.cc:361] Starting new session
2026-06-30 00:04:18.612309: W tensorflow/core/common_runtime/gpu/gpu_device.cc:2348] TensorFlow was not built with CUDA kernel binaries compatible with compute capability 9.0. CUDA kernels will be jit-compiled from PTX, which could take 30 minutes or longer.
2026-06-30 00:04:18.616060: I tensorflow/core/common_runtime/gpu/gpu_device.cc:1929] Created device /job:localhost/replica:0/task:0/device:GPU:0 with 20237 MB memory:  -> device: 0, name: NVIDIA H100 NVL MIG 1g.22gb, pci bus id: 0000:03:00.0, compute capability: 9.0
